Archive member included to satisfy reference by file (symbol)

/opt/stm32cubeide/plugins/com.st.stm32cube.ide.mcu.externaltools.gnu-tools-for-stm32.11.3.rel1.linux64_1.1.100.202309141235/tools/bin/../lib/gcc/arm-none-eabi/11.3.1/../../../../arm-none-eabi/lib/thumb/v7e-m+fp/hard/libc_nano.a(libc_a-exit.o)
                              /opt/stm32cubeide/plugins/com.st.stm32cube.ide.mcu.externaltools.gnu-tools-for-stm32.11.3.rel1.linux64_1.1.100.202309141235/tools/bin/../lib/gcc/arm-none-eabi/11.3.1/../../../../arm-none-eabi/lib/thumb/v7e-m+fp/hard/crt0.o (exit)
/opt/stm32cubeide/plugins/com.st.stm32cube.ide.mcu.externaltools.gnu-tools-for-stm32.11.3.rel1.linux64_1.1.100.202309141235/tools/bin/../lib/gcc/arm-none-eabi/11.3.1/../../../../arm-none-eabi/lib/thumb/v7e-m+fp/hard/libc_nano.a(libc_a-malloc.o)
                              ./Core/Inc/spatial-lib/src/vectors.o (malloc)
/opt/stm32cubeide/plugins/com.st.stm32cube.ide.mcu.externaltools.gnu-tools-for-stm32.11.3.rel1.linux64_1.1.100.202309141235/tools/bin/../lib/gcc/arm-none-eabi/11.3.1/../../../../arm-none-eabi/lib/thumb/v7e-m+fp/hard/libc_nano.a(libc_a-mallocr.o)
                              /opt/stm32cubeide/plugins/com.st.stm32cube.ide.mcu.externaltools.gnu-tools-for-stm32.11.3.rel1.linux64_1.1.100.202309141235/tools/bin/../lib/gcc/arm-none-eabi/11.3.1/../../../../arm-none-eabi/lib/thumb/v7e-m+fp/hard/libc_nano.a(libc_a-malloc.o) (_malloc_r)
/opt/stm32cubeide/plugins/com.st.stm32cube.ide.mcu.externaltools.gnu-tools-for-stm32.11.3.rel1.linux64_1.1.100.202309141235/tools/bin/../lib/gcc/arm-none-eabi/11.3.1/../../../../arm-none-eabi/lib/thumb/v7e-m+fp/hard/libc_nano.a(libc_a-mlock.o)
                              /opt/stm32cubeide/plugins/com.st.stm32cube.ide.mcu.externaltools.gnu-tools-for-stm32.11.3.rel1.linux64_1.1.100.202309141235/tools/bin/../lib/gcc/arm-none-eabi/11.3.1/../../../../arm-none-eabi/lib/thumb/v7e-m+fp/hard/libc_nano.a(libc_a-mallocr.o) (__malloc_lock)
/opt/stm32cubeide/plugins/com.st.stm32cube.ide.mcu.externaltools.gnu-tools-for-stm32.11.3.rel1.linux64_1.1.100.202309141235/tools/bin/../lib/gcc/arm-none-eabi/11.3.1/../../../../arm-none-eabi/lib/thumb/v7e-m+fp/hard/libc_nano.a(libc_a-nano-vfprintf_float.o)
                              (_printf_float)
/opt/stm32cubeide/plugins/com.st.stm32cube.ide.mcu.externaltools.gnu-tools-for-stm32.11.3.rel1.linux64_1.1.100.202309141235/tools/bin/../lib/gcc/arm-none-eabi/11.3.1/../../../../arm-none-eabi/lib/thumb/v7e-m+fp/hard/libc_nano.a(libc_a-nano-vfprintf_i.o)
                              /opt/stm32cubeide/plugins/com.st.stm32cube.ide.mcu.externaltools.gnu-tools-for-stm32.11.3.rel1.linux64_1.1.100.202309141235/tools/bin/../lib/gcc/arm-none-eabi/11.3.1/../../../../arm-none-eabi/lib/thumb/v7e-m+fp/hard/libc_nano.a(libc_a-nano-vfprintf_float.o) (_printf_common)
/opt/stm32cubeide/plugins/com.st.stm32cube.ide.mcu.externaltools.gnu-tools-for-stm32.11.3.rel1.linux64_1.1.100.202309141235/tools/bin/../lib/gcc/arm-none-eabi/11.3.1/../../../../arm-none-eabi/lib/thumb/v7e-m+fp/hard/libc_nano.a(libc_a-nano-vfscanf_float.o)
                              (_scanf_float)
/opt/stm32cubeide/plugins/com.st.stm32cube.ide.mcu.externaltools.gnu-tools-for-stm32.11.3.rel1.linux64_1.1.100.202309141235/tools/bin/../lib/gcc/arm-none-eabi/11.3.1/../../../../arm-none-eabi/lib/thumb/v7e-m+fp/hard/libc_nano.a(libc_a-findfp.o)
                              ./Middlewares/Third_Party/FreeRTOS/Source/tasks.o (__sf)
/opt/stm32cubeide/plugins/com.st.stm32cube.ide.mcu.externaltools.gnu-tools-for-stm32.11.3.rel1.linux64_1.1.100.202309141235/tools/bin/../lib/gcc/arm-none-eabi/11.3.1/../../../../arm-none-eabi/lib/thumb/v7e-m+fp/hard/libc_nano.a(libc_a-fwalk.o)
                              /opt/stm32cubeide/plugins/com.st.stm32cube.ide.mcu.externaltools.gnu-tools-for-stm32.11.3.rel1.linux64_1.1.100.202309141235/tools/bin/../lib/gcc/arm-none-eabi/11.3.1/../../../../arm-none-eabi/lib/thumb/v7e-m+fp/hard/libc_nano.a(libc_a-findfp.o) (_fwalk_sglue)
/opt/stm32cubeide/plugins/com.st.stm32cube.ide.mcu.externaltools.gnu-tools-for-stm32.11.3.rel1.linux64_1.1.100.202309141235/tools/bin/../lib/gcc/arm-none-eabi/11.3.1/../../../../arm-none-eabi/lib/thumb/v7e-m+fp/hard/libc_nano.a(libc_a-printf.o)
                              ./Core/Src/main.o (printf)
/opt/stm32cubeide/plugins/com.st.stm32cube.ide.mcu.externaltools.gnu-tools-for-stm32.11.3.rel1.linux64_1.1.100.202309141235/tools/bin/../lib/gcc/arm-none-eabi/11.3.1/../../../../arm-none-eabi/lib/thumb/v7e-m+fp/hard/libc_nano.a(libc_a-puts.o)
                              ./Core/Src/main.o (puts)
/opt/stm32cubeide/plugins/com.st.stm32cube.ide.mcu.externaltools.gnu-tools-for-stm32.11.3.rel1.linux64_1.1.100.202309141235/tools/bin/../lib/gcc/arm-none-eabi/11.3.1/../../../../arm-none-eabi/lib/thumb/v7e-m+fp/hard/libc_nano.a(libc_a-sprintf.o)
[...]
Memory Configuration

Name             Origin             Length             Attributes
RAM              0x0000000020000000 0x0000000000018000 xrw
RAM2             0x0000000010000000 0x0000000000008000 xrw
FLASH            0x0000000008000000 0x0000000000100000 xr
*default*        0x0000000000000000 0xffffffffffffffff

Linker script and memory map

LOAD /opt/stm32cubeide/plugins/com.st.stm32cube.ide.mcu.externaltools.gnu-tools-for-stm32.11.3.rel1.linux64_1.1.100.202309141235/tools/bin/../lib/gcc/arm-none-eabi/11.3.1/thumb/v7e-m+fp/hard/crti.o
LOAD /opt/stm32cubeide/plugins/com.st.stm32cube.ide.mcu.externaltools.gnu-tools-for-stm32.11.3.rel1.linux64_1.1.100.202309141235/tools/bin/../lib/gcc/arm-none-eabi/11.3.1/thumb/v7e-m+fp/hard/crtbegin.o
LOAD /opt/stm32cubeide/plugins/com.st.stm32cube.ide.mcu.externaltools.gnu-tools-for-stm32.11.3.rel1.linux64_1.1.100.202309141235/tools/bin/../lib/gcc/arm-none-eabi/11.3.1/../../../../arm-none-eabi/lib/thumb/v7e-m+fp/hard/crt0.o
LOAD ./Core/Inc/spatial-lib/src/accel_dummy.o
LOAD ./Core/Inc/spatial-lib/src/accel_mpu6050.o
LOAD ./Core/Inc/spatial-lib/src/interface.o
LOAD ./Core/Inc/spatial-lib/src/vectors.o
LOAD ./Core/Src/freertos.o
LOAD ./Core/Src/main.o
LOAD ./Core/Src/stm32l4xx_hal_msp.o
LOAD ./Core/Src/stm32l4xx_hal_timebase_tim.o
LOAD ./Core/Src/stm32l4xx_it.o
LOAD ./Core/Src/syscalls.o
LOAD ./Core/Src/sysmem.o
LOAD ./Core/Src/system_stm32l4xx.o
LOAD ./Core/Startup/startup_stm32l476rgtx.o
LOAD ./Drivers/STM32L4xx_HAL_Driver/Src/stm32l4xx_hal.o
LOAD ./Drivers/STM32L4xx_HAL_Driver/Src/stm32l4xx_hal_cortex.o
LOAD ./Drivers/STM32L4xx_HAL_Driver/Src/stm32l4xx_hal_dma.o
LOAD ./Drivers/STM32L4xx_HAL_Driver/Src/stm32l4xx_hal_dma_ex.o
LOAD ./Drivers/STM32L4xx_HAL_Driver/Src/stm32l4xx_hal_exti.o
LOAD ./Drivers/STM32L4xx_HAL_Driver/Src/stm32l4xx_hal_flash.o
LOAD ./Drivers/STM32L4xx_HAL_Driver/Src/stm32l4xx_hal_flash_ex.o
LOAD ./Drivers/STM32L4xx_HAL_Driver/Src/stm32l4xx_hal_flash_ramfunc.o
LOAD ./Drivers/STM32L4xx_HAL_Driver/Src/stm32l4xx_hal_gpio.o
LOAD ./Drivers/STM32L4xx_HAL_Driver/Src/stm32l4xx_hal_i2c.o
LOAD ./Drivers/STM32L4xx_HAL_Driver/Src/stm32l4xx_hal_i2c_ex.o
LOAD ./Drivers/STM32L4xx_HAL_Driver/Src/stm32l4xx_hal_pwr.o
LOAD ./Drivers/STM32L4xx_HAL_Driver/Src/stm32l4xx_hal_pwr_ex.o
LOAD ./Drivers/STM32L4xx_HAL_Driver/Src/stm32l4xx_hal_rcc.o
LOAD ./Drivers/STM32L4xx_HAL_Driver/Src/stm32l4xx_hal_rcc_ex.o
LOAD ./Drivers/STM32L4xx_HAL_Driver/Src/stm32l4xx_hal_tim.o
LOAD ./Drivers/STM32L4xx_HAL_Driver/Src/stm32l4xx_hal_tim_ex.o
LOAD ./Drivers/STM32L4xx_HAL_Driver/Src/stm32l4xx_hal_uart.o
LOAD ./Drivers/STM32L4xx_HAL_Driver/Src/stm32l4xx_hal_uart_ex.o
LOAD ./Middlewares/Third_Party/FreeRTOS/Source/CMSIS_RTOS_V2/cmsis_os2.o
LOAD ./Middlewares/Third_Party/FreeRTOS/Source/croutine.o
LOAD ./Middlewares/Third_Party/FreeRTOS/Source/event_groups.o
LOAD ./Middlewares/Third_Party/FreeRTOS/Source/list.o
LOAD ./Middlewares/Third_Party/FreeRTOS/Source/queue.o
LOAD ./Middlewares/Third_Party/FreeRTOS/Source/stream_buffer.o
LOAD ./Middlewares/Third_Party/FreeRTOS/Source/tasks.o
LOAD ./Middlewares/Third_Party/FreeRTOS/Source/timers.o
LOAD ./Middlewares/Third_Party/FreeRTOS/Source/portable/GCC/ARM_CM4F/port.o
LOAD ./Middlewares/Third_Party/FreeRTOS/Source/portable/MemMang/heap_4.o
START GROUP
LOAD /opt/stm32cubeide/plugins/com.st.stm32cube.ide.mcu.externaltools.gnu-tools-for-stm32.11.3.rel1.linux64_1.1.100.202309141235/tools/bin/../lib/gcc/arm-none-eabi/11.3.1/../../../../arm-none-eabi/lib/thumb/v7e-m+fp/hard/libc_nano.a
LOAD /opt/stm32cubeide/plugins/com.st.stm32cube.ide.mcu.externaltools.gnu-tools-for-stm32.11.3.rel1.linux64_1.1.100.202309141235/tools/bin/../lib/gcc/arm-none-eabi/11.3.1/../../../../arm-none-eabi/lib/thumb/v7e-m+fp/hard/libm.a
END GROUP
START GROUP
LOAD /opt/stm32cubeide/plugins/com.st.stm32cube.ide.mcu.externaltools.gnu-tools-for-stm32.11.3.rel1.linux64_1.1.100.202309141235/tools/bin/../lib/gcc/arm-none-eabi/11.3.1/thumb/v7e-m+fp/hard/libgcc.a
LOAD /opt/stm32cubeide/plugins/com.st.stm32cube.ide.mcu.externaltools.gnu-tools-for-stm32.11.3.rel1.linux64_1.1.100.202309141235/tools/bin/../lib/gcc/arm-none-eabi/11.3.1/../../../../arm-none-eabi/lib/thumb/v7e-m+fp/hard/libc_nano.a
END GROUP
START GROUP
LOAD /opt/stm32cubeide/plugins/com.st.stm32cube.ide.mcu.externaltools.gnu-tools-for-stm32.11.3.rel1.linux64_1.1.100.202309141235/tools/bin/../lib/gcc/arm-none-eabi/11.3.1/thumb/v7e-m+fp/hard/libgcc.a
LOAD /opt/stm32cubeide/plugins/com.st.stm32cube.ide.mcu.externaltools.gnu-tools-for-stm32.11.3.rel1.linux64_1.1.100.202309141235/tools/bin/../lib/gcc/arm-none-eabi/11.3.1/../../../../arm-none-eabi/lib/thumb/v7e-m+fp/hard/libc_nano.a
LOAD /opt/stm32cubeide/plugins/com.st.stm32cube.ide.mcu.externaltools.gnu-tools-for-stm32.11.3.rel1.linux64_1.1.100.202309141235/tools/bin/../lib/gcc/arm-none-eabi/11.3.1/../../../../arm-none-eabi/lib/thumb/v7e-m+fp/hard/libnosys.a
END GROUP
START GROUP
LOAD /opt/stm32cubeide/plugins/com.st.stm32cube.ide.mcu.externaltools.gnu-tools-for-stm32.11.3.rel1.linux64_1.1.100.202309141235/tools/bin/../lib/gcc/arm-none-eabi/11.3.1/thumb/v7e-m+fp/hard/libgcc.a
LOAD /opt/stm32cubeide/plugins/com.st.stm32cube.ide.mcu.externaltools.gnu-tools-for-stm32.11.3.rel1.linux64_1.1.100.202309141235/tools/bin/../lib/gcc/arm-none-eabi/11.3.1/../../../../arm-none-eabi/lib/thumb/v7e-m+fp/hard/libc_nano.a
LOAD /opt/stm32cubeide/plugins/com.st.stm32cube.ide.mcu.externaltools.gnu-tools-for-stm32.11.3.rel1.linux64_1.1.100.202309141235/tools/bin/../lib/gcc/arm-none-eabi/11.3.1/../../../../arm-none-eabi/lib/thumb/v7e-m+fp/hard/libnosys.a
END GROUP
LOAD /opt/stm32cubeide/plugins/com.st.stm32cube.ide.mcu.externaltools.gnu-tools-for-stm32.11.3.rel1.linux64_1.1.100.202309141235/tools/bin/../lib/gcc/arm-none-eabi/11.3.1/thumb/v7e-m+fp/hard/crtend.o
LOAD /opt/stm32cubeide/plugins/com.st.stm32cube.ide.mcu.externaltools.gnu-tools-for-stm32.11.3.rel1.linux64_1.1.100.202309141235/tools/bin/../lib/gcc/arm-none-eabi/11.3.1/thumb/v7e-m+fp/hard/crtn.o
                0x0000000020018000                _estack = (ORIGIN (RAM) + LENGTH (RAM))
                0x0000000000000200                _Min_Heap_Size = 0x200
                0x0000000000000400                _Min_Stack_Size = 0x400

.isr_vector     0x0000000008000000      0x188
                0x0000000008000000                . = ALIGN (0x4)
 *(.isr_vector)
 .isr_vector    0x0000000008000000      0x188 ./Core/Startup/startup_stm32l476rgtx.o
                0x0000000008000000                g_pfnVectors
                0x0000000008000188                . = ALIGN (0x4)

.text           0x0000000008000190     0xc838
                0x0000000008000190                . = ALIGN (0x4)
 *(.text)
 .text          0x0000000008000190       0x40 /opt/stm32cubeide/plugins/com.st.stm32cube.ide.mcu.externaltools.gnu-tools-for-stm32.11.3.rel1.linux64_1.1.100.202309141235/tools/bin/../lib/gcc/arm-none-eabi/11.3.1/thumb/v7e-m+fp/hard/crtbegin.o
 .text          0x00000000080001d0       0xa0 /opt/stm32cubeide/plugins/com.st.stm32cube.ide.mcu.externaltools.gnu-tools-for-stm32.11.3.rel1.linux64_1.1.100.202309141235/tools/bin/../lib/gcc/arm-none-eabi/11.3.1/../../../../arm-none-eabi/lib/thumb/v7e-m+fp/hard/libc_nano.a(libc_a-memchr.o)
                0x00000000080001d0                memchr
 .text          0x0000000008000270       0x10 /opt/stm32cubeide/plugins/com.st.stm32cube.ide.mcu.externaltools.gnu-tools-for-stm32.11.3.rel1.linux64_1.1.100.202309141235/tools/bin/../lib/gcc/arm-none-eabi/11.3.1/../../../../arm-none-eabi/lib/thumb/v7e-m+fp/hard/libc_nano.a(libc_a-strlen.o)
                0x0000000008000270                strlen
 .text          0x0000000008000280      0x378 /opt/stm32cubeide/plugins/com.st.stm32cube.ide.mcu.externaltools.gnu-tools-for-stm32.11.3.rel1.linux64_1.1.100.202309141235/tools/bin/../lib/gcc/arm-none-eabi/11.3.1/thumb/v7e-m+fp/hard/libgcc.a(_arm_addsubdf3.o)
                0x0000000008000280                __aeabi_drsub
                0x0000000008000288                __aeabi_dsub
                0x0000000008000288                __subdf3
                0x000000000800028c                __adddf3
                0x000000000800028c                __aeabi_dadd
                0x0000000008000504                __aeabi_ui2d
                0x0000000008000504                __floatunsidf
                0x0000000008000524                __floatsidf
                0x0000000008000524                __aeabi_i2d
                0x0000000008000548                __extendsfdf2
                0x0000000008000548                __aeabi_f2d
                0x000000000800058c                __aeabi_ul2d
                0x000000000800058c                __floatundidf
                0x000000000800059c                __floatdidf
                0x000000000800059c                __aeabi_l2d
 .text          0x00000000080005f8      0x424 /opt/stm32cubeide/plugins/com.st.stm32cube.ide.mcu.externaltools.gnu-tools-for-stm32.11.3.rel1.linux64_1.1.100.202309141235/tools/bin/../lib/gcc/arm-none-eabi/11.3.1/thumb/v7e-m+fp/hard/libgcc.a(_arm_muldivdf3.o)
                0x00000000080005f8                __aeabi_dmul
                0x00000000080005f8                __muldf3
                0x000000000800084c                __aeabi_ddiv
                0x000000000800084c                __divdf3
 .text          0x0000000008000a1c      0x110 /opt/stm32cubeide/plugins/com.st.stm32cube.ide.mcu.externaltools.gnu-tools-for-stm32.11.3.rel1.linux64_1.1.100.202309141235/tools/bin/../lib/gcc/arm-none-eabi/11.3.1/thumb/v7e-m+fp/hard/libgcc.a(_arm_cmpdf2.o)
                0x0000000008000a1c                __gtdf2
                0x0000000008000a1c                __gedf2
                0x0000000008000a24                __ltdf2
                0x0000000008000a24                __ledf2
                0x0000000008000a2c                __cmpdf2
                0x0000000008000a2c                __eqdf2
                0x0000000008000a2c                __nedf2
                0x0000000008000aa8                __aeabi_cdrcmple
                0x0000000008000ab8                __aeabi_cdcmple
                0x0000000008000ab8                __aeabi_cdcmpeq
                0x0000000008000ac8                __aeabi_dcmpeq
                0x0000000008000adc                __aeabi_dcmplt
                0x0000000008000af0                __aeabi_dcmple
                0x0000000008000b04                __aeabi_dcmpge
                0x0000000008000b18                __aeabi_dcmpgt
 .text          0x0000000008000b2c       0x2c /opt/stm32cubeide/plugins/com.st.stm32cube.ide.mcu.externaltools.gnu-tools-for-stm32.11.3.rel1.linux64_1.1.100.202309141235/tools/bin/../lib/gcc/arm-none-eabi/11.3.1/thumb/v7e-m+fp/hard/libgcc.a(_arm_unorddf2.o)
                0x0000000008000b2c                __aeabi_dcmpun
                0x0000000008000b2c                __unorddf2
 .text          0x0000000008000b58       0x50 /opt/stm32cubeide/plugins/com.st.stm32cube.ide.mcu.externaltools.gnu-tools-for-stm32.11.3.rel1.linux64_1.1.100.202309141235/tools/bin/../lib/gcc/arm-none-eabi/11.3.1/thumb/v7e-m+fp/hard/libgcc.a(_arm_fixdfsi.o)
                0x0000000008000b58                __fixdfsi
                0x0000000008000b58                __aeabi_d2iz
 .text          0x0000000008000ba8       0x40 /opt/stm32cubeide/plugins/com.st.stm32cube.ide.mcu.externaltools.gnu-tools-for-stm32.11.3.rel1.linux64_1.1.100.202309141235/tools/bin/../lib/gcc/arm-none-eabi/11.3.1/thumb/v7e-m+fp/hard/libgcc.a(_arm_fixunsdfsi.o)
                0x0000000008000ba8                __fixunsdfsi
                0x0000000008000ba8                __aeabi_d2uiz
 .text          0x0000000008000be8       0xa0 /opt/stm32cubeide/plugins/com.st.stm32cube.ide.mcu.externaltools.gnu-tools-for-stm32.11.3.rel1.linux64_1.1.100.202309141235/tools/bin/../lib/gcc/arm-none-eabi/11.3.1/thumb/v7e-m+fp/hard/libgcc.a(_arm_truncdfsf2.o)
                0x0000000008000be8                __aeabi_d2f
                0x0000000008000be8                __truncdfsf2
 .text          0x0000000008000c88       0x30 /opt/stm32cubeide/plugins/com.st.stm32cube.ide.mcu.externaltools.gnu-tools-for-stm32.11.3.rel1.linux64_1.1.100.202309141235/tools/bin/../lib/gcc/arm-none-eabi/11.3.1/thumb/v7e-m+fp/hard/libgcc.a(_aeabi_uldivmod.o)
                0x0000000008000c88                __aeabi_uldivmod
 .text          0x0000000008000cb8       0x30 /opt/stm32cubeide/plugins/com.st.stm32cube.ide.mcu.externaltools.gnu-tools-for-stm32.11.3.rel1.linux64_1.1.100.202309141235/tools/bin/../lib/gcc/arm-none-eabi/11.3.1/thumb/v7e-m+fp/hard/libgcc.a(_fixdfdi.o)
                0x0000000008000cb8                __aeabi_d2lz
                0x0000000008000cb8                __fixdfdi
 .text          0x0000000008000ce8       0x3c /opt/stm32cubeide/plugins/com.st.stm32cube.ide.mcu.externaltools.gnu-tools-for-stm32.11.3.rel1.linux64_1.1.100.202309141235/tools/bin/../lib/gcc/arm-none-eabi/11.3.1/thumb/v7e-m+fp/hard/libgcc.a(_fixunsdfdi.o)
                0x0000000008000ce8                __aeabi_d2ulz
                0x0000000008000ce8                __fixunsdfdi
 .text          0x0000000008000d24      0x2c8 /opt/stm32cubeide/plugins/com.st.stm32cube.ide.mcu.externaltools.gnu-tools-for-stm32.11.3.rel1.linux64_1.1.100.202309141235/tools/bin/../lib/gcc/arm-none-eabi/11.3.1/thumb/v7e-m+fp/hard/libgcc.a(_udivmoddi4.o)
                0x0000000008000d24                __udivmoddi4
 .text          0x0000000008000fec        0x4 /opt/stm32cubeide/plugins/com.st.stm32cube.ide.mcu.externaltools.gnu-tools-for-stm32.11.3.rel1.linux64_1.1.100.202309141235/tools/bin/../lib/gcc/arm-none-eabi/11.3.1/thumb/v7e-m+fp/hard/libgcc.a(_dvmd_tls.o)
                0x0000000008000fec                __aeabi_ldiv0
                0x0000000008000fec                __aeabi_idiv0
 *(.text*)
 .text.init_mpu
                0x0000000008000ff0      0x128 ./Core/Inc/spatial-lib/src/accel_mpu6050.o
                0x0000000008000ff0                init_mpu
 .text.calibrate_mpu
                0x0000000008001118      0x150 ./Core/Inc/spatial-lib/src/accel_mpu6050.o
                0x0000000008001118                calibrate_mpu
 .text.get_accel
                0x0000000008001268      0x134 ./Core/Inc/spatial-lib/src/accel_mpu6050.o
                0x0000000008001268                get_accel
 .text.init_spatial
                0x000000000800139c       0x3c ./Core/Inc/spatial-lib/src/interface.o
                0x000000000800139c                init_spatial
 .text.update_acceleration
                0x00000000080013d8       0x28 ./Core/Inc/spatial-lib/src/interface.o
                0x00000000080013d8                update_acceleration
 .text.__io_putchar
                0x0000000008001400       0x24 ./Core/Src/main.o
                0x0000000008001400                __io_putchar
 .text.main     0x0000000008001424       0x48 ./Core/Src/main.o
                0x0000000008001424                main
 .text.SystemClock_Config
                0x000000000800146c       0xa2 ./Core/Src/main.o
                0x000000000800146c                SystemClock_Config
 *fill*         0x000000000800150e        0x2 
 .text.MX_I2C1_Init
                0x0000000008001510       0x80 ./Core/Src/main.o
 .text.MX_USART2_UART_Init
                0x0000000008001590       0x60 ./Core/Src/main.o
 .text.MX_GPIO_Init
                0x00000000080015f0       0xe8 ./Core/Src/main.o
 .text.StartDefaultTask
                0x00000000080016d8       0x4c ./Core/Src/main.o
                0x00000000080016d8                StartDefaultTask
 .text.HAL_TIM_PeriodElapsedCallback
                0x0000000008001724       0x24 ./Core/Src/main.o
                0x0000000008001724                HAL_TIM_PeriodElapsedCallback
 .text.Error_Handler
                0x0000000008001748        0xa ./Core/Src/main.o
                0x0000000008001748                Error_Handler
 *fill*         0x0000000008001752        0x2 
 .text.HAL_MspInit
                0x0000000008001754       0x50 ./Core/Src/stm32l4xx_hal_msp.o
                0x0000000008001754                HAL_MspInit
 .text.HAL_I2C_MspInit
                0x00000000080017a4       0xbc ./Core/Src/stm32l4xx_hal_msp.o
                0x00000000080017a4                HAL_I2C_MspInit
 .text.HAL_UART_MspInit
                0x0000000008001860       0xb8 ./Core/Src/stm32l4xx_hal_msp.o
                0x0000000008001860                HAL_UART_MspInit
 .text.HAL_InitTick
                0x0000000008001918       0xdc ./Core/Src/stm32l4xx_hal_timebase_tim.o
                0x0000000008001918                HAL_InitTick
 .text.NMI_Handler
                0x00000000080019f4        0x6 ./Core/Src/stm32l4xx_it.o
                0x00000000080019f4                NMI_Handler
 *fill*         0x00000000080019fa        0x2 
 .text.HardFault_Handler
                0x00000000080019fc       0x10 ./Core/Src/stm32l4xx_it.o
                0x00000000080019fc                HardFault_Handler
 .text.MemManage_Handler
                0x0000000008001a0c        0x6 ./Core/Src/stm32l4xx_it.o
                0x0000000008001a0c                MemManage_Handler
 .text.BusFault_Handler
                0x0000000008001a12        0x6 ./Core/Src/stm32l4xx_it.o
                0x0000000008001a12                BusFault_Handler
 .text.UsageFault_Handler
                0x0000000008001a18        0x6 ./Core/Src/stm32l4xx_it.o
                0x0000000008001a18                UsageFault_Handler
 .text.DebugMon_Handler
                0x0000000008001a1e        0xe ./Core/Src/stm32l4xx_it.o
                0x0000000008001a1e                DebugMon_Handler
 .text.TIM1_UP_TIM16_IRQHandler
                0x0000000008001a2c       0x14 ./Core/Src/stm32l4xx_it.o
                0x0000000008001a2c                TIM1_UP_TIM16_IRQHandler
 .text._getpid  0x0000000008001a40       0x10 ./Core/Src/syscalls.o
                0x0000000008001a40                _getpid
 .text._kill    0x0000000008001a50       0x20 ./Core/Src/syscalls.o
                0x0000000008001a50                _kill
 .text._exit    0x0000000008001a70       0x14 ./Core/Src/syscalls.o
                0x0000000008001a70                _exit
 .text._read    0x0000000008001a84       0x3a ./Core/Src/syscalls.o
                0x0000000008001a84                _read
 .text._write   0x0000000008001abe       0x38 ./Core/Src/syscalls.o
                0x0000000008001abe                _write
 .text._close   0x0000000008001af6       0x18 ./Core/Src/syscalls.o
                0x0000000008001af6                _close
 .text._fstat   0x0000000008001b0e       0x20 ./Core/Src/syscalls.o
                0x0000000008001b0e                _fstat
 .text._isatty  0x0000000008001b2e       0x16 ./Core/Src/syscalls.o
                0x0000000008001b2e                _isatty
 .text._lseek   0x0000000008001b44       0x1a ./Core/Src/syscalls.o
                0x0000000008001b44                _lseek
 *fill*         0x0000000008001b5e        0x2 
 .text._sbrk    0x0000000008001b60       0x6c ./Core/Src/sysmem.o
                0x0000000008001b60                _sbrk
 .text.SystemInit
                0x0000000008001bcc       0x24 ./Core/Src/system_stm32l4xx.o
                0x0000000008001bcc                SystemInit
 .text.Reset_Handler
                0x0000000008001bf0       0x50 ./Core/Startup/startup_stm32l476rgtx.o
                0x0000000008001bf0                Reset_Handler
 .text.Default_Handler
                0x0000000008001c40        0x2 ./Core/Startup/startup_stm32l476rgtx.o
                0x0000000008001c40                RTC_Alarm_IRQHandler
                0x0000000008001c40                EXTI2_IRQHandler
                0x0000000008001c40                TIM8_TRG_COM_IRQHandler
                0x0000000008001c40                TIM8_CC_IRQHandler
                0x0000000008001c40                TIM1_CC_IRQHandler
                0x0000000008001c40                TSC_IRQHandler
                0x0000000008001c40                TAMP_STAMP_IRQHandler
                0x0000000008001c40                EXTI3_IRQHandler
                0x0000000008001c40                LPTIM2_IRQHandler
                0x0000000008001c40                DFSDM1_FLT1_IRQHandler
                0x0000000008001c40                I2C3_ER_IRQHandler
                0x0000000008001c40                DFSDM1_FLT2_IRQHandler
                0x0000000008001c40                EXTI0_IRQHandler
                0x0000000008001c40                I2C2_EV_IRQHandler
                0x0000000008001c40                CAN1_RX0_IRQHandler
                0x0000000008001c40                FPU_IRQHandler
                0x0000000008001c40                ADC1_2_IRQHandler
                0x0000000008001c40                SPI1_IRQHandler
                0x0000000008001c40                TIM6_DAC_IRQHandler
                0x0000000008001c40                TIM8_UP_IRQHandler
                0x0000000008001c40                DMA2_Channel2_IRQHandler
                0x0000000008001c40                DMA1_Channel4_IRQHandler
                0x0000000008001c40                SAI2_IRQHandler
                0x0000000008001c40                DFSDM1_FLT3_IRQHandler
                0x0000000008001c40                USART3_IRQHandler
                0x0000000008001c40                DMA1_Channel7_IRQHandler
                0x0000000008001c40                CAN1_RX1_IRQHandler
                0x0000000008001c40                LCD_IRQHandler
                0x0000000008001c40                UART5_IRQHandler
                0x0000000008001c40                ADC3_IRQHandler
                0x0000000008001c40                TIM4_IRQHandler
                0x0000000008001c40                DMA2_Channel1_IRQHandler
                0x0000000008001c40                QUADSPI_IRQHandler
                0x0000000008001c40                I2C1_EV_IRQHandler
                0x0000000008001c40                DMA1_Channel6_IRQHandler
                0x0000000008001c40                UART4_IRQHandler
                0x0000000008001c40                DMA2_Channel4_IRQHandler
                0x0000000008001c40                TIM3_IRQHandler
                0x0000000008001c40                RCC_IRQHandler
                0x0000000008001c40                DMA1_Channel1_IRQHandler
                0x0000000008001c40                Default_Handler
                0x0000000008001c40                DMA2_Channel7_IRQHandler
                0x0000000008001c40                EXTI15_10_IRQHandler
                0x0000000008001c40                TIM7_IRQHandler
                0x0000000008001c40                SDMMC1_IRQHandler
                0x0000000008001c40                TIM5_IRQHandler
                0x0000000008001c40                I2C3_EV_IRQHandler
                0x0000000008001c40                EXTI9_5_IRQHandler
                0x0000000008001c40                RTC_WKUP_IRQHandler
                0x0000000008001c40                PVD_PVM_IRQHandler
                0x0000000008001c40                SPI2_IRQHandler
                0x0000000008001c40                CAN1_TX_IRQHandler
                0x0000000008001c40                DMA2_Channel5_IRQHandler
                0x0000000008001c40                DMA1_Channel5_IRQHandler
                0x0000000008001c40                EXTI4_IRQHandler
                0x0000000008001c40                RNG_IRQHandler
                0x0000000008001c40                TIM1_TRG_COM_TIM17_IRQHandler
                0x0000000008001c40                DMA1_Channel3_IRQHandler
                0x0000000008001c40                COMP_IRQHandler
                0x0000000008001c40                WWDG_IRQHandler
                0x0000000008001c40                LPUART1_IRQHandler
                0x0000000008001c40                DMA2_Channel6_IRQHandler
                0x0000000008001c40                TIM2_IRQHandler
                0x0000000008001c40                EXTI1_IRQHandler
                0x0000000008001c40                USART2_IRQHandler
                0x0000000008001c40                DFSDM1_FLT0_IRQHandler
                0x0000000008001c40                I2C2_ER_IRQHandler
                0x0000000008001c40                DMA1_Channel2_IRQHandler
                0x0000000008001c40                TIM8_BRK_IRQHandler
                0x0000000008001c40                CAN1_SCE_IRQHandler
                0x0000000008001c40                FLASH_IRQHandler
                0x0000000008001c40                USART1_IRQHandler
                0x0000000008001c40                OTG_FS_IRQHandler
                0x0000000008001c40                SPI3_IRQHandler
                0x0000000008001c40                I2C1_ER_IRQHandler
                0x0000000008001c40                FMC_IRQHandler
                0x0000000008001c40                SWPMI1_IRQHandler
                0x0000000008001c40                LPTIM1_IRQHandler
                0x0000000008001c40                SAI1_IRQHandler
                0x0000000008001c40                DMA2_Channel3_IRQHandler
                0x0000000008001c40                TIM1_BRK_TIM15_IRQHandler
 *fill*         0x0000000008001c42        0x2 
 .text.HAL_Init
                0x0000000008001c44       0x40 ./Drivers/STM32L4xx_HAL_Driver/Src/stm32l4xx_hal.o
                0x0000000008001c44                HAL_Init
 .text.HAL_IncTick
                0x0000000008001c84       0x28 ./Drivers/STM32L4xx_HAL_Driver/Src/stm32l4xx_hal.o
                0x0000000008001c84                HAL_IncTick
 .text.HAL_GetTick
                0x0000000008001cac       0x18 ./Drivers/STM32L4xx_HAL_Driver/Src/stm32l4xx_hal.o
                0x0000000008001cac                HAL_GetTick
 .text.__NVIC_SetPriorityGrouping
                0x0000000008001cc4       0x48 ./Drivers/STM32L4xx_HAL_Driver/Src/stm32l4xx_hal_cortex.o
 .text.__NVIC_GetPriorityGrouping
                0x0000000008001d0c       0x1c ./Drivers/STM32L4xx_HAL_Driver/Src/stm32l4xx_hal_cortex.o
 .text.__NVIC_EnableIRQ
                0x0000000008001d28       0x3c ./Drivers/STM32L4xx_HAL_Driver/Src/stm32l4xx_hal_cortex.o
 .text.__NVIC_SetPriority
                0x0000000008001d64       0x54 ./Drivers/STM32L4xx_HAL_Driver/Src/stm32l4xx_hal_cortex.o
 .text.NVIC_EncodePriority
                0x0000000008001db8       0x66 ./Drivers/STM32L4xx_HAL_Driver/Src/stm32l4xx_hal_cortex.o
 .text.HAL_NVIC_SetPriorityGrouping
                0x0000000008001e1e       0x16 ./Drivers/STM32L4xx_HAL_Driver/Src/stm32l4xx_hal_cortex.o
                0x0000000008001e1e                HAL_NVIC_SetPriorityGrouping
 .text.HAL_NVIC_SetPriority
                0x0000000008001e34       0x38 ./Drivers/STM32L4xx_HAL_Driver/Src/stm32l4xx_hal_cortex.o
                0x0000000008001e34                HAL_NVIC_SetPriority
 .text.HAL_NVIC_EnableIRQ
                0x0000000008001e6c       0x1c ./Drivers/STM32L4xx_HAL_Driver/Src/stm32l4xx_hal_cortex.o
                0x0000000008001e6c                HAL_NVIC_EnableIRQ
 .text.HAL_GPIO_Init
                0x0000000008001e88      0x354 ./Drivers/STM32L4xx_HAL_Driver/Src/stm32l4xx_hal_gpio.o
                0x0000000008001e88                HAL_GPIO_Init
 .text.HAL_GPIO_WritePin
                0x00000000080021dc       0x30 ./Drivers/STM32L4xx_HAL_Driver/Src/stm32l4xx_hal_gpio.o
                0x00000000080021dc                HAL_GPIO_WritePin
 .text.HAL_I2C_Init
                0x000000000800220c      0x136 ./Drivers/STM32L4xx_HAL_Driver/Src/stm32l4xx_hal_i2c.o
                0x000000000800220c                HAL_I2C_Init
 *fill*         0x0000000008002342        0x2 
 .text.HAL_I2C_Mem_Write
                0x0000000008002344      0x228 ./Drivers/STM32L4xx_HAL_Driver/Src/stm32l4xx_hal_i2c.o
                0x0000000008002344                HAL_I2C_Mem_Write
 .text.HAL_I2C_Mem_Read
                0x000000000800256c      0x234 ./Drivers/STM32L4xx_HAL_Driver/Src/stm32l4xx_hal_i2c.o
                0x000000000800256c                HAL_I2C_Mem_Read
 .text.I2C_RequestMemoryWrite
                0x00000000080027a0       0xa8 ./Drivers/STM32L4xx_HAL_Driver/Src/stm32l4xx_hal_i2c.o
 .text.I2C_RequestMemoryRead
                0x0000000008002848       0xa8 ./Drivers/STM32L4xx_HAL_Driver/Src/stm32l4xx_hal_i2c.o
 .text.I2C_Flush_TXDR
                0x00000000080028f0       0x48 ./Drivers/STM32L4xx_HAL_Driver/Src/stm32l4xx_hal_i2c.o
 .text.I2C_WaitOnFlagUntilTimeout
                0x0000000008002938       0x9e ./Drivers/STM32L4xx_HAL_Driver/Src/stm32l4xx_hal_i2c.o
 .text.I2C_WaitOnTXISFlagUntilTimeout
                0x00000000080029d6       0x8e ./Drivers/STM32L4xx_HAL_Driver/Src/stm32l4xx_hal_i2c.o
 .text.I2C_WaitOnSTOPFlagUntilTimeout
                0x0000000008002a64       0x86 ./Drivers/STM32L4xx_HAL_Driver/Src/stm32l4xx_hal_i2c.o
 *fill*         0x0000000008002aea        0x2 
 .text.I2C_IsErrorOccurred
                0x0000000008002aec      0x1c0 ./Drivers/STM32L4xx_HAL_Driver/Src/stm32l4xx_hal_i2c.o
 .text.I2C_TransferConfig
                0x0000000008002cac       0x64 ./Drivers/STM32L4xx_HAL_Driver/Src/stm32l4xx_hal_i2c.o
 .text.HAL_I2CEx_ConfigAnalogFilter
                0x0000000008002d10       0x96 ./Drivers/STM32L4xx_HAL_Driver/Src/stm32l4xx_hal_i2c_ex.o
                0x0000000008002d10                HAL_I2CEx_ConfigAnalogFilter
 .text.HAL_I2CEx_ConfigDigitalFilter
                0x0000000008002da6       0x98 ./Drivers/STM32L4xx_HAL_Driver/Src/stm32l4xx_hal_i2c_ex.o
                0x0000000008002da6                HAL_I2CEx_ConfigDigitalFilter
 *fill*         0x0000000008002e3e        0x2 
 .text.HAL_PWREx_GetVoltageRange
                0x0000000008002e40       0x1c ./Drivers/STM32L4xx_HAL_Driver/Src/stm32l4xx_hal_pwr_ex.o
                0x0000000008002e40                HAL_PWREx_GetVoltageRange
 .text.HAL_PWREx_ControlVoltageScaling
                0x0000000008002e5c       0xac ./Drivers/STM32L4xx_HAL_Driver/Src/stm32l4xx_hal_pwr_ex.o
                0x0000000008002e5c                HAL_PWREx_ControlVoltageScaling
 .text.HAL_RCC_OscConfig
                0x0000000008002f08      0x7b8 ./Drivers/STM32L4xx_HAL_Driver/Src/stm32l4xx_hal_rcc.o
                0x0000000008002f08                HAL_RCC_OscConfig
 .text.HAL_RCC_ClockConfig
                0x00000000080036c0      0x200 ./Drivers/STM32L4xx_HAL_Driver/Src/stm32l4xx_hal_rcc.o
                0x00000000080036c0                HAL_RCC_ClockConfig
 .text.HAL_RCC_GetSysClockFreq
                0x00000000080038c0      0x118 ./Drivers/STM32L4xx_HAL_Driver/Src/stm32l4xx_hal_rcc.o
                0x00000000080038c0                HAL_RCC_GetSysClockFreq
 .text.HAL_RCC_GetHCLKFreq
                0x00000000080039d8       0x18 ./Drivers/STM32L4xx_HAL_Driver/Src/stm32l4xx_hal_rcc.o
                0x00000000080039d8                HAL_RCC_GetHCLKFreq
 .text.HAL_RCC_GetPCLK1Freq
                0x00000000080039f0       0x2c ./Drivers/STM32L4xx_HAL_Driver/Src/stm32l4xx_hal_rcc.o
                0x00000000080039f0                HAL_RCC_GetPCLK1Freq
 .text.HAL_RCC_GetPCLK2Freq
                0x0000000008003a1c       0x2c ./Drivers/STM32L4xx_HAL_Driver/Src/stm32l4xx_hal_rcc.o
                0x0000000008003a1c                HAL_RCC_GetPCLK2Freq
 .text.HAL_RCC_GetClockConfig
                0x0000000008003a48       0x64 ./Drivers/STM32L4xx_HAL_Driver/Src/stm32l4xx_hal_rcc.o
                0x0000000008003a48                HAL_RCC_GetClockConfig
 .text.RCC_SetFlashLatencyFromMSIRange
                0x0000000008003aac       0xc0 ./Drivers/STM32L4xx_HAL_Driver/Src/stm32l4xx_hal_rcc.o
 .text.HAL_RCCEx_PeriphCLKConfig
                0x0000000008003b6c      0x5d4 ./Drivers/STM32L4xx_HAL_Driver/Src/stm32l4xx_hal_rcc_ex.o
                0x0000000008003b6c                HAL_RCCEx_PeriphCLKConfig
 .text.RCCEx_PLLSAI1_Config
                0x0000000008004140      0x1e8 ./Drivers/STM32L4xx_HAL_Driver/Src/stm32l4xx_hal_rcc_ex.o
 .text.RCCEx_PLLSAI2_Config
                0x0000000008004328      0x1bc ./Drivers/STM32L4xx_HAL_Driver/Src/stm32l4xx_hal_rcc_ex.o
 .text.HAL_TIM_Base_Init
                0x00000000080044e4       0xae ./Drivers/STM32L4xx_HAL_Driver/Src/stm32l4xx_hal_tim.o
                0x00000000080044e4                HAL_TIM_Base_Init
 .text.HAL_TIM_Base_MspInit
                0x0000000008004592       0x14 ./Drivers/STM32L4xx_HAL_Driver/Src/stm32l4xx_hal_tim.o
                0x0000000008004592                HAL_TIM_Base_MspInit
 *fill*         0x00000000080045a6        0x2 
 .text.HAL_TIM_Base_Start_IT
                0x00000000080045a8       0xe0 ./Drivers/STM32L4xx_HAL_Driver/Src/stm32l4xx_hal_tim.o
                0x00000000080045a8                HAL_TIM_Base_Start_IT
 .text.HAL_TIM_IRQHandler
                0x0000000008004688      0x204 ./Drivers/STM32L4xx_HAL_Driver/Src/stm32l4xx_hal_tim.o
                0x0000000008004688                HAL_TIM_IRQHandler
 .text.HAL_TIM_OC_DelayElapsedCallback
                0x000000000800488c       0x14 ./Drivers/STM32L4xx_HAL_Driver/Src/stm32l4xx_hal_tim.o
                0x000000000800488c                HAL_TIM_OC_DelayElapsedCallback
 .text.HAL_TIM_IC_CaptureCallback
                0x00000000080048a0       0x14 ./Drivers/STM32L4xx_HAL_Driver/Src/stm32l4xx_hal_tim.o
                0x00000000080048a0                HAL_TIM_IC_CaptureCallback
 .text.HAL_TIM_PWM_PulseFinishedCallback
                0x00000000080048b4       0x14 ./Drivers/STM32L4xx_HAL_Driver/Src/stm32l4xx_hal_tim.o
                0x00000000080048b4                HAL_TIM_PWM_PulseFinishedCallback
 .text.HAL_TIM_TriggerCallback
                0x00000000080048c8       0x14 ./Drivers/STM32L4xx_HAL_Driver/Src/stm32l4xx_hal_tim.o
                0x00000000080048c8                HAL_TIM_TriggerCallback
 .text.TIM_Base_SetConfig
                0x00000000080048dc      0x134 ./Drivers/STM32L4xx_HAL_Driver/Src/stm32l4xx_hal_tim.o
                0x00000000080048dc                TIM_Base_SetConfig
 .text.HAL_TIMEx_CommutCallback
                0x0000000008004a10       0x14 ./Drivers/STM32L4xx_HAL_Driver/Src/stm32l4xx_hal_tim_ex.o
                0x0000000008004a10                HAL_TIMEx_CommutCallback
 .text.HAL_TIMEx_BreakCallback
                0x0000000008004a24       0x14 ./Drivers/STM32L4xx_HAL_Driver/Src/stm32l4xx_hal_tim_ex.o
                0x0000000008004a24                HAL_TIMEx_BreakCallback
 .text.HAL_TIMEx_Break2Callback
                0x0000000008004a38       0x14 ./Drivers/STM32L4xx_HAL_Driver/Src/stm32l4xx_hal_tim_ex.o
                0x0000000008004a38                HAL_TIMEx_Break2Callback
 .text.HAL_UART_Init
                0x0000000008004a4c       0x9c ./Drivers/STM32L4xx_HAL_Driver/Src/stm32l4xx_hal_uart.o
                0x0000000008004a4c                HAL_UART_Init
 .text.HAL_UART_Transmit
                0x0000000008004ae8      0x114 ./Drivers/STM32L4xx_HAL_Driver/Src/stm32l4xx_hal_uart.o
                0x0000000008004ae8                HAL_UART_Transmit
 .text.UART_SetConfig
                0x0000000008004bfc      0x570 ./Drivers/STM32L4xx_HAL_Driver/Src/stm32l4xx_hal_uart.o
                0x0000000008004bfc                UART_SetConfig
 .text.UART_AdvFeatureConfig
                0x000000000800516c      0x144 ./Drivers/STM32L4xx_HAL_Driver/Src/stm32l4xx_hal_uart.o
                0x000000000800516c                UART_AdvFeatureConfig
 .text.UART_CheckIdleState
                0x00000000080052b0      0x150 ./Drivers/STM32L4xx_HAL_Driver/Src/stm32l4xx_hal_uart.o
                0x00000000080052b0                UART_CheckIdleState
 .text.UART_WaitOnFlagUntilTimeout
                0x0000000008005400       0xce ./Drivers/STM32L4xx_HAL_Driver/Src/stm32l4xx_hal_uart.o
                0x0000000008005400                UART_WaitOnFlagUntilTimeout
 .text.UART_EndRxTransfer
                0x00000000080054ce       0xc8 ./Drivers/STM32L4xx_HAL_Driver/Src/stm32l4xx_hal_uart.o
 *fill*         0x0000000008005596        0x2 
 .text.__NVIC_SetPriority
                0x0000000008005598       0x54 ./Middlewares/Third_Party/FreeRTOS/Source/CMSIS_RTOS_V2/cmsis_os2.o
 .text.SysTick_Handler
                0x00000000080055ec       0x20 ./Middlewares/Third_Party/FreeRTOS/Source/CMSIS_RTOS_V2/cmsis_os2.o
                0x00000000080055ec                SysTick_Handler
 .text.SVC_Setup
                0x000000000800560c       0x12 ./Middlewares/Third_Party/FreeRTOS/Source/CMSIS_RTOS_V2/cmsis_os2.o
 *fill*         0x000000000800561e        0x2 
 .text.osKernelInitialize
                0x0000000008005620       0x48 ./Middlewares/Third_Party/FreeRTOS/Source/CMSIS_RTOS_V2/cmsis_os2.o
                0x0000000008005620                osKernelInitialize
 .text.osKernelStart
                0x0000000008005668       0x4c ./Middlewares/Third_Party/FreeRTOS/Source/CMSIS_RTOS_V2/cmsis_os2.o
                0x0000000008005668                osKernelStart
 .text.osThreadNew
                0x00000000080056b4      0x124 ./Middlewares/Third_Party/FreeRTOS/Source/CMSIS_RTOS_V2/cmsis_os2.o
                0x00000000080056b4                osThreadNew
 .text.vApplicationGetIdleTaskMemory
                0x00000000080057d8       0x34 ./Middlewares/Third_Party/FreeRTOS/Source/CMSIS_RTOS_V2/cmsis_os2.o
                0x00000000080057d8                vApplicationGetIdleTaskMemory
 .text.vApplicationGetTimerTaskMemory
                0x000000000800580c       0x34 ./Middlewares/Third_Party/FreeRTOS/Source/CMSIS_RTOS_V2/cmsis_os2.o
                0x000000000800580c                vApplicationGetTimerTaskMemory
 .text.vListInitialise
                0x0000000008005840       0x40 ./Middlewares/Third_Party/FreeRTOS/Source/list.o
                0x0000000008005840                vListInitialise
 .text.vListInitialiseItem
                0x0000000008005880       0x1a ./Middlewares/Third_Party/FreeRTOS/Source/list.o
                0x0000000008005880                vListInitialiseItem
 .text.vListInsertEnd
                0x000000000800589a       0x48 ./Middlewares/Third_Party/FreeRTOS/Source/list.o
                0x000000000800589a                vListInsertEnd
 .text.vListInsert
                0x00000000080058e2       0x72 ./Middlewares/Third_Party/FreeRTOS/Source/list.o
                0x00000000080058e2                vListInsert
 .text.uxListRemove
                0x0000000008005954       0x54 ./Middlewares/Third_Party/FreeRTOS/Source/list.o
                0x0000000008005954                uxListRemove
 .text.xQueueGenericReset
                0x00000000080059a8       0xd0 ./Middlewares/Third_Party/FreeRTOS/Source/queue.o
                0x00000000080059a8                xQueueGenericReset
 .text.xQueueGenericCreateStatic
                0x0000000008005a78       0xf0 ./Middlewares/Third_Party/FreeRTOS/Source/queue.o
                0x0000000008005a78                xQueueGenericCreateStatic
 .text.prvInitialiseNewQueue
                0x0000000008005b68       0x46 ./Middlewares/Third_Party/FreeRTOS/Source/queue.o
 *fill*         0x0000000008005bae        0x2 
 .text.xQueueGenericSend
                0x0000000008005bb0      0x1fc ./Middlewares/Third_Party/FreeRTOS/Source/queue.o
                0x0000000008005bb0                xQueueGenericSend
 .text.xQueueGenericSendFromISR
                0x0000000008005dac      0x136 ./Middlewares/Third_Party/FreeRTOS/Source/queue.o
                0x0000000008005dac                xQueueGenericSendFromISR
 *fill*         0x0000000008005ee2        0x2 
 .text.xQueueReceive
                0x0000000008005ee4      0x1c0 ./Middlewares/Third_Party/FreeRTOS/Source/queue.o
                0x0000000008005ee4                xQueueReceive
 .text.prvCopyDataToQueue
                0x00000000080060a4       0xd4 ./Middlewares/Third_Party/FreeRTOS/Source/queue.o
 .text.prvCopyDataFromQueue
                0x0000000008006178       0x4c ./Middlewares/Third_Party/FreeRTOS/Source/queue.o
 .text.prvUnlockQueue
                0x00000000080061c4       0xa4 ./Middlewares/Third_Party/FreeRTOS/Source/queue.o
 .text.prvIsQueueEmpty
                0x0000000008006268       0x2c ./Middlewares/Third_Party/FreeRTOS/Source/queue.o
 .text.prvIsQueueFull
                0x0000000008006294       0x30 ./Middlewares/Third_Party/FreeRTOS/Source/queue.o
 .text.vQueueAddToRegistry
                0x00000000080062c4       0x54 ./Middlewares/Third_Party/FreeRTOS/Source/queue.o
                0x00000000080062c4                vQueueAddToRegistry
 .text.vQueueWaitForMessageRestricted
                0x0000000008006318       0x68 ./Middlewares/Third_Party/FreeRTOS/Source/queue.o
                0x0000000008006318                vQueueWaitForMessageRestricted
 .text.xTaskCreateStatic
                0x0000000008006380       0xba ./Middlewares/Third_Party/FreeRTOS/Source/tasks.o
                0x0000000008006380                xTaskCreateStatic
 .text.xTaskCreate
                0x000000000800643a       0x8a ./Middlewares/Third_Party/FreeRTOS/Source/tasks.o
                0x000000000800643a                xTaskCreate
 .text.prvInitialiseNewTask
                0x00000000080064c4      0x14c ./Middlewares/Third_Party/FreeRTOS/Source/tasks.o
 .text.prvAddNewTaskToReadyList
                0x0000000008006610       0xe0 ./Middlewares/Third_Party/FreeRTOS/Source/tasks.o
 .text.vTaskStartScheduler
                0x00000000080066f0       0xe0 ./Middlewares/Third_Party/FreeRTOS/Source/tasks.o
                0x00000000080066f0                vTaskStartScheduler
 .text.vTaskSuspendAll
                0x00000000080067d0       0x1c ./Middlewares/Third_Party/FreeRTOS/Source/tasks.o
                0x00000000080067d0                vTaskSuspendAll
 .text.xTaskResumeAll
                0x00000000080067ec      0x13c ./Middlewares/Third_Party/FreeRTOS/Source/tasks.o
                0x00000000080067ec                xTaskResumeAll
 .text.xTaskGetTickCount
                0x0000000008006928       0x20 ./Middlewares/Third_Party/FreeRTOS/Source/tasks.o
                0x0000000008006928                xTaskGetTickCount
 .text.xTaskIncrementTick
                0x0000000008006948      0x174 ./Middlewares/Third_Party/FreeRTOS/Source/tasks.o
                0x0000000008006948                xTaskIncrementTick
 .text.vTaskSwitchContext
                0x0000000008006abc       0xc8 ./Middlewares/Third_Party/FreeRTOS/Source/tasks.o
                0x0000000008006abc                vTaskSwitchContext
 .text.vTaskPlaceOnEventList
                0x0000000008006b84       0x48 ./Middlewares/Third_Party/FreeRTOS/Source/tasks.o
                0x0000000008006b84                vTaskPlaceOnEventList
 .text.vTaskPlaceOnEventListRestricted
                0x0000000008006bcc       0x58 ./Middlewares/Third_Party/FreeRTOS/Source/tasks.o
                0x0000000008006bcc                vTaskPlaceOnEventListRestricted
 .text.xTaskRemoveFromEventList
                0x0000000008006c24       0xc8 ./Middlewares/Third_Party/FreeRTOS/Source/tasks.o
                0x0000000008006c24                xTaskRemoveFromEventList
 .text.vTaskInternalSetTimeOutState
                0x0000000008006cec       0x2c ./Middlewares/Third_Party/FreeRTOS/Source/tasks.o
                0x0000000008006cec                vTaskInternalSetTimeOutState
 .text.xTaskCheckForTimeOut
                0x0000000008006d18       0xc4 ./Middlewares/Third_Party/FreeRTOS/Source/tasks.o
                0x0000000008006d18                xTaskCheckForTimeOut
 .text.vTaskMissedYield
                0x0000000008006ddc       0x18 ./Middlewares/Third_Party/FreeRTOS/Source/tasks.o
                0x0000000008006ddc                vTaskMissedYield
 .text.prvIdleTask
                0x0000000008006df4       0x30 ./Middlewares/Third_Party/FreeRTOS/Source/tasks.o
 .text.prvInitialiseTaskLists
                0x0000000008006e24       0x80 ./Middlewares/Third_Party/FreeRTOS/Source/tasks.o
 .text.prvCheckTasksWaitingTermination
                0x0000000008006ea4       0x5c ./Middlewares/Third_Party/FreeRTOS/Source/tasks.o
 .text.prvDeleteTCB
                0x0000000008006f00       0x68 ./Middlewares/Third_Party/FreeRTOS/Source/tasks.o
 .text.prvResetNextTaskUnblockTime
                0x0000000008006f68       0x40 ./Middlewares/Third_Party/FreeRTOS/Source/tasks.o
 .text.xTaskGetSchedulerState
                0x0000000008006fa8       0x3c ./Middlewares/Third_Party/FreeRTOS/Source/tasks.o
                0x0000000008006fa8                xTaskGetSchedulerState
 .text.xTaskPriorityDisinherit
                0x0000000008006fe4       0xdc ./Middlewares/Third_Party/FreeRTOS/Source/tasks.o
                0x0000000008006fe4                xTaskPriorityDisinherit
 .text.prvAddCurrentTaskToDelayedList
                0x00000000080070c0       0xa8 ./Middlewares/Third_Party/FreeRTOS/Source/tasks.o
 .text.xTimerCreateTimerTask
                0x0000000008007168       0x90 ./Middlewares/Third_Party/FreeRTOS/Source/timers.o
                0x0000000008007168                xTimerCreateTimerTask
 .text.xTimerGenericCommand
                0x00000000080071f8       0x9c ./Middlewares/Third_Party/FreeRTOS/Source/timers.o
                0x00000000080071f8                xTimerGenericCommand
 .text.prvProcessExpiredTimer
                0x0000000008007294       0x98 ./Middlewares/Third_Party/FreeRTOS/Source/timers.o
 .text.prvTimerTask
                0x000000000800732c       0x24 ./Middlewares/Third_Party/FreeRTOS/Source/timers.o
 .text.prvProcessTimerOrBlockTask
                0x0000000008007350       0x9c ./Middlewares/Third_Party/FreeRTOS/Source/timers.o
 .text.prvGetNextExpireTime
                0x00000000080073ec       0x48 ./Middlewares/Third_Party/FreeRTOS/Source/timers.o
 .text.prvSampleTimeNow
                0x0000000008007434       0x40 ./Middlewares/Third_Party/FreeRTOS/Source/timers.o
 .text.prvInsertTimerInActiveList
                0x0000000008007474       0x84 ./Middlewares/Third_Party/FreeRTOS/Source/timers.o
 .text.prvProcessReceivedCommands
                0x00000000080074f8      0x1c4 ./Middlewares/Third_Party/FreeRTOS/Source/timers.o
 .text.prvSwitchTimerLists
                0x00000000080076bc       0xc8 ./Middlewares/Third_Party/FreeRTOS/Source/timers.o
 .text.prvCheckForValidListAndQueue
                0x0000000008007784       0x80 ./Middlewares/Third_Party/FreeRTOS/Source/timers.o
 .text.pxPortInitialiseStack
                0x0000000008007804       0x68 ./Middlewares/Third_Party/FreeRTOS/Source/portable/GCC/ARM_CM4F/port.o
                0x0000000008007804                pxPortInitialiseStack
 .text.prvTaskExitError
                0x000000000800786c       0x58 ./Middlewares/Third_Party/FreeRTOS/Source/portable/GCC/ARM_CM4F/port.o
 *fill*         0x00000000080078c4        0xc 
 .text.SVC_Handler
                0x00000000080078d0       0x28 ./Middlewares/Third_Party/FreeRTOS/Source/portable/GCC/ARM_CM4F/port.o
                0x00000000080078d0                SVC_Handler
 .text.prvPortStartFirstTask
                0x00000000080078f8       0x28 ./Middlewares/Third_Party/FreeRTOS/Source/portable/GCC/ARM_CM4F/port.o
 .text.xPortStartScheduler
                0x0000000008007920      0x144 ./Middlewares/Third_Party/FreeRTOS/Source/portable/GCC/ARM_CM4F/port.o
                0x0000000008007920                xPortStartScheduler
 .text.vPortEnterCritical
                0x0000000008007a64       0x60 ./Middlewares/Third_Party/FreeRTOS/Source/portable/GCC/ARM_CM4F/port.o
                0x0000000008007a64                vPortEnterCritical
 .text.vPortExitCritical
                0x0000000008007ac4       0x54 ./Middlewares/Third_Party/FreeRTOS/Source/portable/GCC/ARM_CM4F/port.o
                0x0000000008007ac4                vPortExitCritical
 *fill*         0x0000000008007b18        0x8 
 .text.PendSV_Handler
                0x0000000008007b20       0x68 ./Middlewares/Third_Party/FreeRTOS/Source/portable/GCC/ARM_CM4F/port.o
                0x0000000008007b20                PendSV_Handler
 .text.xPortSysTickHandler
                0x0000000008007b88       0x44 ./Middlewares/Third_Party/FreeRTOS/Source/portable/GCC/ARM_CM4F/port.o
                0x0000000008007b88                xPortSysTickHandler
 .text.vPortSetupTimerInterrupt
                0x0000000008007bcc       0x48 ./Middlewares/Third_Party/FreeRTOS/Source/portable/GCC/ARM_CM4F/port.o
                0x0000000008007bcc                vPortSetupTimerInterrupt
 .text.vPortEnableVFP
                0x0000000008007c14       0x14 ./Middlewares/Third_Party/FreeRTOS/Source/portable/GCC/ARM_CM4F/port.o
 .text.vPortValidateInterruptPriority
                0x0000000008007c28       0x80 ./Middlewares/Third_Party/FreeRTOS/Source/portable/GCC/ARM_CM4F/port.o
                0x0000000008007c28                vPortValidateInterruptPriority
 .text.pvPortMalloc
                0x0000000008007ca8      0x198 ./Middlewares/Third_Party/FreeRTOS/Source/portable/MemMang/heap_4.o
                0x0000000008007ca8                pvPortMalloc
 .text.vPortFree
                0x0000000008007e40       0xc4 ./Middlewares/Third_Party/FreeRTOS/Source/portable/MemMang/heap_4.o
                0x0000000008007e40                vPortFree
 .text.prvHeapInit
                0x0000000008007f04       0xc4 ./Middlewares/Third_Party/FreeRTOS/Source/portable/MemMang/heap_4.o
 .text.prvInsertBlockIntoFreeList
                0x0000000008007fc8       0xb4 ./Middlewares/Third_Party/FreeRTOS/Source/portable/MemMang/heap_4.o
 .text.malloc   0x000000000800807c       0x10 /opt/stm32cubeide/plugins/com.st.stm32cube.ide.mcu.externaltools.gnu-tools-for-stm32.11.3.rel1.linux64_1.1.100.202309141235/tools/bin/../lib/gcc/arm-none-eabi/11.3.1/../../../../arm-none-eabi/lib/thumb/v7e-m+fp/hard/libc_nano.a(libc_a-malloc.o)
                0x000000000800807c                malloc
 .text.sbrk_aligned
                0x000000000800808c       0x40 /opt/stm32cubeide/plugins/com.st.stm32cube.ide.mcu.externaltools.gnu-tools-for-stm32.11.3.rel1.linux64_1.1.100.202309141235/tools/bin/../lib/gcc/arm-none-eabi/11.3.1/../../../../arm-none-eabi/lib/thumb/v7e-m+fp/hard/libc_nano.a(libc_a-mallocr.o)
 .text._malloc_r
                0x00000000080080cc      0x100 /opt/stm32cubeide/plugins/com.st.stm32cube.ide.mcu.externaltools.gnu-tools-for-stm32.11.3.rel1.linux64_1.1.100.202309141235/tools/bin/../lib/gcc/arm-none-eabi/11.3.1/../../../../arm-none-eabi/lib/thumb/v7e-m+fp/hard/libc_nano.a(libc_a-mallocr.o)
                0x00000000080080cc                _malloc_r
 .text.__malloc_lock
                0x00000000080081cc        0xc /opt/stm32cubeide/plugins/com.st.stm32cube.ide.mcu.externaltools.gnu-tools-for-stm32.11.3.rel1.linux64_1.1.100.202309141235/tools/bin/../lib/gcc/arm-none-eabi/11.3.1/../../../../arm-none-eabi/lib/thumb/v7e-m+fp/hard/libc_nano.a(libc_a-mlock.o)
                0x00000000080081cc                __malloc_lock
 .text.__malloc_unlock
                0x00000000080081d8        0xc /opt/stm32cubeide/plugins/com.st.stm32cube.ide.mcu.externaltools.gnu-tools-for-stm32.11.3.rel1.linux64_1.1.100.202309141235/tools/bin/../lib/gcc/arm-none-eabi/11.3.1/../../../../arm-none-eabi/lib/thumb/v7e-m+fp/hard/libc_nano.a(libc_a-mlock.o)
                0x00000000080081d8                __malloc_unlock
 .text.__cvt    0x00000000080081e4       0xc4 /opt/stm32cubeide/plugins/com.st.stm32cube.ide.mcu.externaltools.gnu-tools-for-stm32.11.3.rel1.linux64_1.1.100.202309141235/tools/bin/../lib/gcc/arm-none-eabi/11.3.1/../../../../arm-none-eabi/lib/thumb/v7e-m+fp/hard/libc_nano.a(libc_a-nano-vfprintf_float.o)
                0x00000000080081e4                __cvt
 .text.__exponent
                0x00000000080082a8       0x7c /opt/stm32cubeide/plugins/com.st.stm32cube.ide.mcu.externaltools.gnu-tools-for-stm32.11.3.rel1.linux64_1.1.100.202309141235/tools/bin/../lib/gcc/arm-none-eabi/11.3.1/../../../../arm-none-eabi/lib/thumb/v7e-m+fp/hard/libc_nano.a(libc_a-nano-vfprintf_float.o)
                0x00000000080082a8                __exponent
 .text._printf_float
                0x0000000008008324      0x46c /opt/stm32cubeide/plugins/com.st.stm32cube.ide.mcu.externaltools.gnu-tools-for-stm32.11.3.rel1.linux64_1.1.100.202309141235/tools/bin/../lib/gcc/arm-none-eabi/11.3.1/../../../../arm-none-eabi/lib/thumb/v7e-m+fp/hard/libc_nano.a(libc_a-nano-vfprintf_float.o)
                0x0000000008008324                _printf_float
 .text._printf_common
                0x0000000008008790       0xda /opt/stm32cubeide/plugins/com.st.stm32cube.ide.mcu.externaltools.gnu-tools-for-stm32.11.3.rel1.linux64_1.1.100.202309141235/tools/bin/../lib/gcc/arm-none-eabi/11.3.1/../../../../arm-none-eabi/lib/thumb/v7e-m+fp/hard/libc_nano.a(libc_a-nano-vfprintf_i.o)
                0x0000000008008790                _printf_common
 *fill*         0x000000000800886a        0x2 
 .text._printf_i
                0x000000000800886c      0x244 /opt/stm32cubeide/plugins/com.st.stm32cube.ide.mcu.externaltools.gnu-tools-for-stm32.11.3.rel1.linux64_1.1.100.202309141235/tools/bin/../lib/gcc/arm-none-eabi/11.3.1/../../../../arm-none-eabi/lib/thumb/v7e-m+fp/hard/libc_nano.a(libc_a-nano-vfprintf_i.o)
                0x000000000800886c                _printf_i
 .text._scanf_float
                0x0000000008008ab0      0x420 /opt/stm32cubeide/plugins/com.st.stm32cube.ide.mcu.externaltools.gnu-tools-for-stm32.11.3.rel1.linux64_1.1.100.202309141235/tools/bin/../lib/gcc/arm-none-eabi/11.3.1/../../../../arm-none-eabi/lib/thumb/v7e-m+fp/hard/libc_nano.a(libc_a-nano-vfscanf_float.o)
                0x0000000008008ab0                _scanf_float
 .text.std      0x0000000008008ed0       0x6c /opt/stm32cubeide/plugins/com.st.stm32cube.ide.mcu.externaltools.gnu-tools-for-stm32.11.3.rel1.linux64_1.1.100.202309141235/tools/bin/../lib/gcc/arm-none-eabi/11.3.1/../../../../arm-none-eabi/lib/thumb/v7e-m+fp/hard/libc_nano.a(libc_a-findfp.o)
 .text.stdio_exit_handler
                0x0000000008008f3c       0x18 /opt/stm32cubeide/plugins/com.st.stm32cube.ide.mcu.externaltools.gnu-tools-for-stm32.11.3.rel1.linux64_1.1.100.202309141235/tools/bin/../lib/gcc/arm-none-eabi/11.3.1/../../../../arm-none-eabi/lib/thumb/v7e-m+fp/hard/libc_nano.a(libc_a-findfp.o)
 .text.cleanup_stdio
                0x0000000008008f54       0x40 /opt/stm32cubeide/plugins/com.st.stm32cube.ide.mcu.externaltools.gnu-tools-for-stm32.11.3.rel1.linux64_1.1.100.202309141235/tools/bin/../lib/gcc/arm-none-eabi/11.3.1/../../../../arm-none-eabi/lib/thumb/v7e-m+fp/hard/libc_nano.a(libc_a-findfp.o)
 .text.global_stdio_init.part.0
                0x0000000008008f94       0x3c /opt/stm32cubeide/plugins/com.st.stm32cube.ide.mcu.externaltools.gnu-tools-for-stm32.11.3.rel1.linux64_1.1.100.202309141235/tools/bin/../lib/gcc/arm-none-eabi/11.3.1/../../../../arm-none-eabi/lib/thumb/v7e-m+fp/hard/libc_nano.a(libc_a-findfp.o)
 .text.__sfp_lock_acquire
                0x0000000008008fd0        0xc /opt/stm32cubeide/plugins/com.st.stm32cube.ide.mcu.externaltools.gnu-tools-for-stm32.11.3.rel1.linux64_1.1.100.202309141235/tools/bin/../lib/gcc/arm-none-eabi/11.3.1/../../../../arm-none-eabi/lib/thumb/v7e-m+fp/hard/libc_nano.a(libc_a-findfp.o)
                0x0000000008008fd0                __sfp_lock_acquire
 .text.__sfp_lock_release
                0x0000000008008fdc        0xc /opt/stm32cubeide/plugins/com.st.stm32cube.ide.mcu.externaltools.gnu-tools-for-stm32.11.3.rel1.linux64_1.1.100.202309141235/tools/bin/../lib/gcc/arm-none-eabi/11.3.1/../../../../arm-none-eabi/lib/thumb/v7e-m+fp/hard/libc_nano.a(libc_a-findfp.o)
                0x0000000008008fdc                __sfp_lock_release
 .text.__sinit  0x0000000008008fe8       0x30 /opt/stm32cubeide/plugins/com.st.stm32cube.ide.mcu.externaltools.gnu-tools-for-stm32.11.3.rel1.linux64_1.1.100.202309141235/tools/bin/../lib/gcc/arm-none-eabi/11.3.1/../../../../arm-none-eabi/lib/thumb/v7e-m+fp/hard/libc_nano.a(libc_a-findfp.o)
                0x0000000008008fe8                __sinit
 .text._fwalk_sglue
                0x0000000008009018       0x3c /opt/stm32cubeide/plugins/com.st.stm32cube.ide.mcu.externaltools.gnu-tools-for-stm32.11.3.rel1.linux64_1.1.100.202309141235/tools/bin/../lib/gcc/arm-none-eabi/11.3.1/../../../../arm-none-eabi/lib/thumb/v7e-m+fp/hard/libc_nano.a(libc_a-fwalk.o)
                0x0000000008009018                _fwalk_sglue
 .text.printf   0x0000000008009054       0x24 /opt/stm32cubeide/plugins/com.st.stm32cube.ide.mcu.externaltools.gnu-tools-for-stm32.11.3.rel1.linux64_1.1.100.202309141235/tools/bin/../lib/gcc/arm-none-eabi/11.3.1/../../../../arm-none-eabi/lib/thumb/v7e-m+fp/hard/libc_nano.a(libc_a-printf.o)
                0x0000000008009054                printf
                0x0000000008009054                iprintf
 .text._puts_r  0x0000000008009078       0xa8 /opt/stm32cubeide/plugins/com.st.stm32cube.ide.mcu.externaltools.gnu-tools-for-stm32.11.3.rel1.linux64_1.1.100.202309141235/tools/bin/../lib/gcc/arm-none-eabi/11.3.1/../../../../arm-none-eabi/lib/thumb/v7e-m+fp/hard/libc_nano.a(libc_a-puts.o)
                0x0000000008009078                _puts_r
 .text.puts     0x0000000008009120       0x10 /opt/stm32cubeide/plugins/com.st.stm32cube.ide.mcu.externaltools.gnu-tools-for-stm32.11.3.rel1.linux64_1.1.100.202309141235/tools/bin/../lib/gcc/arm-none-eabi/11.3.1/../../../../arm-none-eabi/lib/thumb/v7e-m+fp/hard/libc_nano.a(libc_a-puts.o)
                0x0000000008009120                puts
 .text.sprintf  0x0000000008009130       0x40 /opt/stm32cubeide/plugins/com.st.stm32cube.ide.mcu.externaltools.gnu-tools-for-stm32.11.3.rel1.linux64_1.1.100.202309141235/tools/bin/../lib/gcc/arm-none-eabi/11.3.1/../../../../arm-none-eabi/lib/thumb/v7e-m+fp/hard/libc_nano.a(libc_a-sprintf.o)
                0x0000000008009130                sprintf
                0x0000000008009130                siprintf
 .text.__sread  0x0000000008009170       0x22 /opt/stm32cubeide/plugins/com.st.stm32cube.ide.mcu.externaltools.gnu-tools-for-stm32.11.3.rel1.linux64_1.1.100.202309141235/tools/bin/../lib/gcc/arm-none-eabi/11.3.1/../../../../arm-none-eabi/lib/thumb/v7e-m+fp/hard/libc_nano.a(libc_a-stdio.o)
                0x0000000008009170                __sread
 .text.__swrite
                0x0000000008009192       0x38 /opt/stm32cubeide/plugins/com.st.stm32cube.ide.mcu.externaltools.gnu-tools-for-stm32.11.3.rel1.linux64_1.1.100.202309141235/tools/bin/../lib/gcc/arm-none-eabi/11.3.1/../../../../arm-none-eabi/lib/thumb/v7e-m+fp/hard/libc_nano.a(libc_a-stdio.o)
                0x0000000008009192                __swrite
 .text.__sseek  0x00000000080091ca       0x24 /opt/stm32cubeide/plugins/com.st.stm32cube.ide.mcu.externaltools.gnu-tools-for-stm32.11.3.rel1.linux64_1.1.100.202309141235/tools/bin/../lib/gcc/arm-none-eabi/11.3.1/../../../../arm-none-eabi/lib/thumb/v7e-m+fp/hard/libc_nano.a(libc_a-stdio.o)
                0x00000000080091ca                __sseek
 .text.__sclose
                0x00000000080091ee        0x8 /opt/stm32cubeide/plugins/com.st.stm32cube.ide.mcu.externaltools.gnu-tools-for-stm32.11.3.rel1.linux64_1.1.100.202309141235/tools/bin/../lib/gcc/arm-none-eabi/11.3.1/../../../../arm-none-eabi/lib/thumb/v7e-m+fp/hard/libc_nano.a(libc_a-stdio.o)
                0x00000000080091ee                __sclose
 .text.__swbuf_r
                0x00000000080091f6       0x7a /opt/stm32cubeide/plugins/com.st.stm32cube.ide.mcu.externaltools.gnu-tools-for-stm32.11.3.rel1.linux64_1.1.100.202309141235/tools/bin/../lib/gcc/arm-none-eabi/11.3.1/../../../../arm-none-eabi/lib/thumb/v7e-m+fp/hard/libc_nano.a(libc_a-wbuf.o)
                0x00000000080091f6                __swbuf_r
 .text.__swsetup_r
                0x0000000008009270       0xb0 /opt/stm32cubeide/plugins/com.st.stm32cube.ide.mcu.externaltools.gnu-tools-for-stm32.11.3.rel1.linux64_1.1.100.202309141235/tools/bin/../lib/gcc/arm-none-eabi/11.3.1/../../../../arm-none-eabi/lib/thumb/v7e-m+fp/hard/libc_nano.a(libc_a-wsetup.o)
                0x0000000008009270                __swsetup_r
 .text.memset   0x0000000008009320       0x10 /opt/stm32cubeide/plugins/com.st.stm32cube.ide.mcu.externaltools.gnu-tools-for-stm32.11.3.rel1.linux64_1.1.100.202309141235/tools/bin/../lib/gcc/arm-none-eabi/11.3.1/../../../../arm-none-eabi/lib/thumb/v7e-m+fp/hard/libc_nano.a(libc_a-memset.o)
                0x0000000008009320                memset
 .text._localeconv_r
                0x0000000008009330        0x8 /opt/stm32cubeide/plugins/com.st.stm32cube.ide.mcu.externaltools.gnu-tools-for-stm32.11.3.rel1.linux64_1.1.100.202309141235/tools/bin/../lib/gcc/arm-none-eabi/11.3.1/../../../../arm-none-eabi/lib/thumb/v7e-m+fp/hard/libc_nano.a(libc_a-localeconv.o)
                0x0000000008009330                _localeconv_r
 .text._close_r
                0x0000000008009338       0x20 /opt/stm32cubeide/plugins/com.st.stm32cube.ide.mcu.externaltools.gnu-tools-for-stm32.11.3.rel1.linux64_1.1.100.202309141235/tools/bin/../lib/gcc/arm-none-eabi/11.3.1/../../../../arm-none-eabi/lib/thumb/v7e-m+fp/hard/libc_nano.a(libc_a-closer.o)
                0x0000000008009338                _close_r
 .text._reclaim_reent
                0x0000000008009358       0xac /opt/stm32cubeide/plugins/com.st.stm32cube.ide.mcu.externaltools.gnu-tools-for-stm32.11.3.rel1.linux64_1.1.100.202309141235/tools/bin/../lib/gcc/arm-none-eabi/11.3.1/../../../../arm-none-eabi/lib/thumb/v7e-m+fp/hard/libc_nano.a(libc_a-reent.o)
                0x0000000008009358                _reclaim_reent
 .text._lseek_r
                0x0000000008009404       0x24 /opt/stm32cubeide/plugins/com.st.stm32cube.ide.mcu.externaltools.gnu-tools-for-stm32.11.3.rel1.linux64_1.1.100.202309141235/tools/bin/../lib/gcc/arm-none-eabi/11.3.1/../../../../arm-none-eabi/lib/thumb/v7e-m+fp/hard/libc_nano.a(libc_a-lseekr.o)
                0x0000000008009404                _lseek_r
 .text._read_r  0x0000000008009428       0x24 /opt/stm32cubeide/plugins/com.st.stm32cube.ide.mcu.externaltools.gnu-tools-for-stm32.11.3.rel1.linux64_1.1.100.202309141235/tools/bin/../lib/gcc/arm-none-eabi/11.3.1/../../../../arm-none-eabi/lib/thumb/v7e-m+fp/hard/libc_nano.a(libc_a-readr.o)
                0x0000000008009428                _read_r
 .text._sbrk_r  0x000000000800944c       0x20 /opt/stm32cubeide/plugins/com.st.stm32cube.ide.mcu.externaltools.gnu-tools-for-stm32.11.3.rel1.linux64_1.1.100.202309141235/tools/bin/../lib/gcc/arm-none-eabi/11.3.1/../../../../arm-none-eabi/lib/thumb/v7e-m+fp/hard/libc_nano.a(libc_a-sbrkr.o)
                0x000000000800944c                _sbrk_r
 .text._write_r
                0x000000000800946c       0x24 /opt/stm32cubeide/plugins/com.st.stm32cube.ide.mcu.externaltools.gnu-tools-for-stm32.11.3.rel1.linux64_1.1.100.202309141235/tools/bin/../lib/gcc/arm-none-eabi/11.3.1/../../../../arm-none-eabi/lib/thumb/v7e-m+fp/hard/libc_nano.a(libc_a-writer.o)
                0x000000000800946c                _write_r
 .text.__errno  0x0000000008009490        0xc /opt/stm32cubeide/plugins/com.st.stm32cube.ide.mcu.externaltools.gnu-tools-for-stm32.11.3.rel1.linux64_1.1.100.202309141235/tools/bin/../lib/gcc/arm-none-eabi/11.3.1/../../../../arm-none-eabi/lib/thumb/v7e-m+fp/hard/libc_nano.a(libc_a-errno.o)
                0x0000000008009490                __errno
 .text.__libc_init_array
                0x000000000800949c       0x48 /opt/stm32cubeide/plugins/com.st.stm32cube.ide.mcu.externaltools.gnu-tools-for-stm32.11.3.rel1.linux64_1.1.100.202309141235/tools/bin/../lib/gcc/arm-none-eabi/11.3.1/../../../../arm-none-eabi/lib/thumb/v7e-m+fp/hard/libc_nano.a(libc_a-init.o)
                0x000000000800949c                __libc_init_array
 .text.__retarget_lock_init_recursive
                0x00000000080094e4        0x2 /opt/stm32cubeide/plugins/com.st.stm32cube.ide.mcu.externaltools.gnu-tools-for-stm32.11.3.rel1.linux64_1.1.100.202309141235/tools/bin/../lib/gcc/arm-none-eabi/11.3.1/../../../../arm-none-eabi/lib/thumb/v7e-m+fp/hard/libc_nano.a(libc_a-lock.o)
                0x00000000080094e4                __retarget_lock_init_recursive
 .text.__retarget_lock_acquire_recursive
                0x00000000080094e6        0x2 /opt/stm32cubeide/plugins/com.st.stm32cube.ide.mcu.externaltools.gnu-tools-for-stm32.11.3.rel1.linux64_1.1.100.202309141235/tools/bin/../lib/gcc/arm-none-eabi/11.3.1/../../../../arm-none-eabi/lib/thumb/v7e-m+fp/hard/libc_nano.a(libc_a-lock.o)
                0x00000000080094e6                __retarget_lock_acquire_recursive
 .text.__retarget_lock_release_recursive
                0x00000000080094e8        0x2 /opt/stm32cubeide/plugins/com.st.stm32cube.ide.mcu.externaltools.gnu-tools-for-stm32.11.3.rel1.linux64_1.1.100.202309141235/tools/bin/../lib/gcc/arm-none-eabi/11.3.1/../../../../arm-none-eabi/lib/thumb/v7e-m+fp/hard/libc_nano.a(libc_a-lock.o)
                0x00000000080094e8                __retarget_lock_release_recursive
 .text.memcpy   0x00000000080094ea       0x1c /opt/stm32cubeide/plugins/com.st.stm32cube.ide.mcu.externaltools.gnu-tools-for-stm32.11.3.rel1.linux64_1.1.100.202309141235/tools/bin/../lib/gcc/arm-none-eabi/11.3.1/../../../../arm-none-eabi/lib/thumb/v7e-m+fp/hard/libc_nano.a(libc_a-memcpy-stub.o)
                0x00000000080094ea                memcpy
 *fill*         0x0000000008009506        0x2 
 .text.nanf     0x0000000008009508        0xc /opt/stm32cubeide/plugins/com.st.stm32cube.ide.mcu.externaltools.gnu-tools-for-stm32.11.3.rel1.linux64_1.1.100.202309141235/tools/bin/../lib/gcc/arm-none-eabi/11.3.1/../../../../arm-none-eabi/lib/thumb/v7e-m+fp/hard/libc_nano.a(libm_a-sf_nan.o)
                0x0000000008009508                nanf
 .text.quorem   0x0000000008009514      0x110 /opt/stm32cubeide/plugins/com.st.stm32cube.ide.mcu.externaltools.gnu-tools-for-stm32.11.3.rel1.linux64_1.1.100.202309141235/tools/bin/../lib/gcc/arm-none-eabi/11.3.1/../../../../arm-none-eabi/lib/thumb/v7e-m+fp/hard/libc_nano.a(libc_a-dtoa.o)
 *fill*         0x0000000008009624        0x4 
 .text._dtoa_r  0x0000000008009628      0xbe4 /opt/stm32cubeide/plugins/com.st.stm32cube.ide.mcu.externaltools.gnu-tools-for-stm32.11.3.rel1.linux64_1.1.100.202309141235/tools/bin/../lib/gcc/arm-none-eabi/11.3.1/../../../../arm-none-eabi/lib/thumb/v7e-m+fp/hard/libc_nano.a(libc_a-dtoa.o)
                0x0000000008009628                _dtoa_r
 .text._free_r  0x000000000800a20c       0x98 /opt/stm32cubeide/plugins/com.st.stm32cube.ide.mcu.externaltools.gnu-tools-for-stm32.11.3.rel1.linux64_1.1.100.202309141235/tools/bin/../lib/gcc/arm-none-eabi/11.3.1/../../../../arm-none-eabi/lib/thumb/v7e-m+fp/hard/libc_nano.a(libc_a-freer.o)
                0x000000000800a20c                _free_r
 .text._Balloc  0x000000000800a2a4       0x80 /opt/stm32cubeide/plugins/com.st.stm32cube.ide.mcu.externaltools.gnu-tools-for-stm32.11.3.rel1.linux64_1.1.100.202309141235/tools/bin/../lib/gcc/arm-none-eabi/11.3.1/../../../../arm-none-eabi/lib/thumb/v7e-m+fp/hard/libc_nano.a(libc_a-mprec.o)
                0x000000000800a2a4                _Balloc
 .text._Bfree   0x000000000800a324       0x44 /opt/stm32cubeide/plugins/com.st.stm32cube.ide.mcu.externaltools.gnu-tools-for-stm32.11.3.rel1.linux64_1.1.100.202309141235/tools/bin/../lib/gcc/arm-none-eabi/11.3.1/../../../../arm-none-eabi/lib/thumb/v7e-m+fp/hard/libc_nano.a(libc_a-mprec.o)
                0x000000000800a324                _Bfree
 .text.__multadd
                0x000000000800a368       0x8c /opt/stm32cubeide/plugins/com.st.stm32cube.ide.mcu.externaltools.gnu-tools-for-stm32.11.3.rel1.linux64_1.1.100.202309141235/tools/bin/../lib/gcc/arm-none-eabi/11.3.1/../../../../arm-none-eabi/lib/thumb/v7e-m+fp/hard/libc_nano.a(libc_a-mprec.o)
                0x000000000800a368                __multadd
 .text.__s2b    0x000000000800a3f4       0x94 /opt/stm32cubeide/plugins/com.st.stm32cube.ide.mcu.externaltools.gnu-tools-for-stm32.11.3.rel1.linux64_1.1.100.202309141235/tools/bin/../lib/gcc/arm-none-eabi/11.3.1/../../../../arm-none-eabi/lib/thumb/v7e-m+fp/hard/libc_nano.a(libc_a-mprec.o)
                0x000000000800a3f4                __s2b
 .text.__hi0bits
                0x000000000800a488       0x40 /opt/stm32cubeide/plugins/com.st.stm32cube.ide.mcu.externaltools.gnu-tools-for-stm32.11.3.rel1.linux64_1.1.100.202309141235/tools/bin/../lib/gcc/arm-none-eabi/11.3.1/../../../../arm-none-eabi/lib/thumb/v7e-m+fp/hard/libc_nano.a(libc_a-mprec.o)
                0x000000000800a488                __hi0bits
 .text.__lo0bits
                0x000000000800a4c8       0x5a /opt/stm32cubeide/plugins/com.st.stm32cube.ide.mcu.externaltools.gnu-tools-for-stm32.11.3.rel1.linux64_1.1.100.202309141235/tools/bin/../lib/gcc/arm-none-eabi/11.3.1/../../../../arm-none-eabi/lib/thumb/v7e-m+fp/hard/libc_nano.a(libc_a-mprec.o)
                0x000000000800a4c8                __lo0bits
 *fill*         0x000000000800a522        0x2 
 .text.__i2b    0x000000000800a524       0x2c /opt/stm32cubeide/plugins/com.st.stm32cube.ide.mcu.externaltools.gnu-tools-for-stm32.11.3.rel1.linux64_1.1.100.202309141235/tools/bin/../lib/gcc/arm-none-eabi/11.3.1/../../../../arm-none-eabi/lib/thumb/v7e-m+fp/hard/libc_nano.a(libc_a-mprec.o)
                0x000000000800a524                __i2b
 .text.__multiply
                0x000000000800a550      0x154 /opt/stm32cubeide/plugins/com.st.stm32cube.ide.mcu.externaltools.gnu-tools-for-stm32.11.3.rel1.linux64_1.1.100.202309141235/tools/bin/../lib/gcc/arm-none-eabi/11.3.1/../../../../arm-none-eabi/lib/thumb/v7e-m+fp/hard/libc_nano.a(libc_a-mprec.o)
                0x000000000800a550                __multiply
 .text.__pow5mult
                0x000000000800a6a4       0xb4 /opt/stm32cubeide/plugins/com.st.stm32cube.ide.mcu.externaltools.gnu-tools-for-stm32.11.3.rel1.linux64_1.1.100.202309141235/tools/bin/../lib/gcc/arm-none-eabi/11.3.1/../../../../arm-none-eabi/lib/thumb/v7e-m+fp/hard/libc_nano.a(libc_a-mprec.o)
                0x000000000800a6a4                __pow5mult
 .text.__lshift
                0x000000000800a758       0xd8 /opt/stm32cubeide/plugins/com.st.stm32cube.ide.mcu.externaltools.gnu-tools-for-stm32.11.3.rel1.linux64_1.1.100.202309141235/tools/bin/../lib/gcc/arm-none-eabi/11.3.1/../../../../arm-none-eabi/lib/thumb/v7e-m+fp/hard/libc_nano.a(libc_a-mprec.o)
                0x000000000800a758                __lshift
 .text.__mcmp   0x000000000800a830       0x38 /opt/stm32cubeide/plugins/com.st.stm32cube.ide.mcu.externaltools.gnu-tools-for-stm32.11.3.rel1.linux64_1.1.100.202309141235/tools/bin/../lib/gcc/arm-none-eabi/11.3.1/../../../../arm-none-eabi/lib/thumb/v7e-m+fp/hard/libc_nano.a(libc_a-mprec.o)
                0x000000000800a830                __mcmp
 .text.__mdiff  0x000000000800a868      0x114 /opt/stm32cubeide/plugins/com.st.stm32cube.ide.mcu.externaltools.gnu-tools-for-stm32.11.3.rel1.linux64_1.1.100.202309141235/tools/bin/../lib/gcc/arm-none-eabi/11.3.1/../../../../arm-none-eabi/lib/thumb/v7e-m+fp/hard/libc_nano.a(libc_a-mprec.o)
                0x000000000800a868                __mdiff
 .text.__ulp    0x000000000800a97c       0x4c /opt/stm32cubeide/plugins/com.st.stm32cube.ide.mcu.externaltools.gnu-tools-for-stm32.11.3.rel1.linux64_1.1.100.202309141235/tools/bin/../lib/gcc/arm-none-eabi/11.3.1/../../../../arm-none-eabi/lib/thumb/v7e-m+fp/hard/libc_nano.a(libc_a-mprec.o)
                0x000000000800a97c                __ulp
 .text.__b2d    0x000000000800a9c8       0x94 /opt/stm32cubeide/plugins/com.st.stm32cube.ide.mcu.externaltools.gnu-tools-for-stm32.11.3.rel1.linux64_1.1.100.202309141235/tools/bin/../lib/gcc/arm-none-eabi/11.3.1/../../../../arm-none-eabi/lib/thumb/v7e-m+fp/hard/libc_nano.a(libc_a-mprec.o)
                0x000000000800a9c8                __b2d
 .text.__d2b    0x000000000800aa5c       0xb4 /opt/stm32cubeide/plugins/com.st.stm32cube.ide.mcu.externaltools.gnu-tools-for-stm32.11.3.rel1.linux64_1.1.100.202309141235/tools/bin/../lib/gcc/arm-none-eabi/11.3.1/../../../../arm-none-eabi/lib/thumb/v7e-m+fp/hard/libc_nano.a(libc_a-mprec.o)
                0x000000000800aa5c                __d2b
 .text.__ratio  0x000000000800ab10       0x66 /opt/stm32cubeide/plugins/com.st.stm32cube.ide.mcu.externaltools.gnu-tools-for-stm32.11.3.rel1.linux64_1.1.100.202309141235/tools/bin/../lib/gcc/arm-none-eabi/11.3.1/../../../../arm-none-eabi/lib/thumb/v7e-m+fp/hard/libc_nano.a(libc_a-mprec.o)
                0x000000000800ab10                __ratio
 .text.__copybits
                0x000000000800ab76       0x46 /opt/stm32cubeide/plugins/com.st.stm32cube.ide.mcu.externaltools.gnu-tools-for-stm32.11.3.rel1.linux64_1.1.100.202309141235/tools/bin/../lib/gcc/arm-none-eabi/11.3.1/../../../../arm-none-eabi/lib/thumb/v7e-m+fp/hard/libc_nano.a(libc_a-mprec.o)
                0x000000000800ab76                __copybits
 .text.__any_on
                0x000000000800abbc       0x42 /opt/stm32cubeide/plugins/com.st.stm32cube.ide.mcu.externaltools.gnu-tools-for-stm32.11.3.rel1.linux64_1.1.100.202309141235/tools/bin/../lib/gcc/arm-none-eabi/11.3.1/../../../../arm-none-eabi/lib/thumb/v7e-m+fp/hard/libc_nano.a(libc_a-mprec.o)
                0x000000000800abbc                __any_on
 .text.sulp     0x000000000800abfe       0x38 /opt/stm32cubeide/plugins/com.st.stm32cube.ide.mcu.externaltools.gnu-tools-for-stm32.11.3.rel1.linux64_1.1.100.202309141235/tools/bin/../lib/gcc/arm-none-eabi/11.3.1/../../../../arm-none-eabi/lib/thumb/v7e-m+fp/hard/libc_nano.a(libc_a-strtod.o)
 *fill*         0x000000000800ac36        0x2 
 .text._strtod_l
                0x000000000800ac38      0xbe0 /opt/stm32cubeide/plugins/com.st.stm32cube.ide.mcu.externaltools.gnu-tools-for-stm32.11.3.rel1.linux64_1.1.100.202309141235/tools/bin/../lib/gcc/arm-none-eabi/11.3.1/../../../../arm-none-eabi/lib/thumb/v7e-m+fp/hard/libc_nano.a(libc_a-strtod.o)
                0x000000000800ac38                _strtod_l
 .text._strtod_r
                0x000000000800b818        0xc /opt/stm32cubeide/plugins/com.st.stm32cube.ide.mcu.externaltools.gnu-tools-for-stm32.11.3.rel1.linux64_1.1.100.202309141235/tools/bin/../lib/gcc/arm-none-eabi/11.3.1/../../../../arm-none-eabi/lib/thumb/v7e-m+fp/hard/libc_nano.a(libc_a-strtod.o)
                0x000000000800b818                _strtod_r
 .text._strtol_l.constprop.0
                0x000000000800b824      0x104 /opt/stm32cubeide/plugins/com.st.stm32cube.ide.mcu.externaltools.gnu-tools-for-stm32.11.3.rel1.linux64_1.1.100.202309141235/tools/bin/../lib/gcc/arm-none-eabi/11.3.1/../../../../arm-none-eabi/lib/thumb/v7e-m+fp/hard/libc_nano.a(libc_a-strtol.o)
 .text._strtol_r
                0x000000000800b928        0x4 /opt/stm32cubeide/plugins/com.st.stm32cube.ide.mcu.externaltools.gnu-tools-for-stm32.11.3.rel1.linux64_1.1.100.202309141235/tools/bin/../lib/gcc/arm-none-eabi/11.3.1/../../../../arm-none-eabi/lib/thumb/v7e-m+fp/hard/libc_nano.a(libc_a-strtol.o)
                0x000000000800b928                _strtol_r
 .text.__ssputs_r
                0x000000000800b92c       0xb4 /opt/stm32cubeide/plugins/com.st.stm32cube.ide.mcu.externaltools.gnu-tools-for-stm32.11.3.rel1.linux64_1.1.100.202309141235/tools/bin/../lib/gcc/arm-none-eabi/11.3.1/../../../../arm-none-eabi/lib/thumb/v7e-m+fp/hard/libc_nano.a(libc_a-nano-svfprintf.o)
                0x000000000800b92c                __ssputs_r
 .text._svfprintf_r
                0x000000000800b9e0      0x1fc /opt/stm32cubeide/plugins/com.st.stm32cube.ide.mcu.externaltools.gnu-tools-for-stm32.11.3.rel1.linux64_1.1.100.202309141235/tools/bin/../lib/gcc/arm-none-eabi/11.3.1/../../../../arm-none-eabi/lib/thumb/v7e-m+fp/hard/libc_nano.a(libc_a-nano-svfprintf.o)
                0x000000000800b9e0                _svfprintf_r
                0x000000000800b9e0                _svfiprintf_r
 .text.__sfputc_r
                0x000000000800bbdc       0x2e /opt/stm32cubeide/plugins/com.st.stm32cube.ide.mcu.externaltools.gnu-tools-for-stm32.11.3.rel1.linux64_1.1.100.202309141235/tools/bin/../lib/gcc/arm-none-eabi/11.3.1/../../../../arm-none-eabi/lib/thumb/v7e-m+fp/hard/libc_nano.a(libc_a-nano-vfprintf.o)
 .text.__sfputs_r
                0x000000000800bc0a       0x24 /opt/stm32cubeide/plugins/com.st.stm32cube.ide.mcu.externaltools.gnu-tools-for-stm32.11.3.rel1.linux64_1.1.100.202309141235/tools/bin/../lib/gcc/arm-none-eabi/11.3.1/../../../../arm-none-eabi/lib/thumb/v7e-m+fp/hard/libc_nano.a(libc_a-nano-vfprintf.o)
                0x000000000800bc0a                __sfputs_r
 *fill*         0x000000000800bc2e        0x2 
 .text._vfprintf_r
                0x000000000800bc30      0x234 /opt/stm32cubeide/plugins/com.st.stm32cube.ide.mcu.externaltools.gnu-tools-for-stm32.11.3.rel1.linux64_1.1.100.202309141235/tools/bin/../lib/gcc/arm-none-eabi/11.3.1/../../../../arm-none-eabi/lib/thumb/v7e-m+fp/hard/libc_nano.a(libc_a-nano-vfprintf.o)
                0x000000000800bc30                _vfiprintf_r
                0x000000000800bc30                _vfprintf_r
 .text.__sflush_r
                0x000000000800be64      0x10c /opt/stm32cubeide/plugins/com.st.stm32cube.ide.mcu.externaltools.gnu-tools-for-stm32.11.3.rel1.linux64_1.1.100.202309141235/tools/bin/../lib/gcc/arm-none-eabi/11.3.1/../../../../arm-none-eabi/lib/thumb/v7e-m+fp/hard/libc_nano.a(libc_a-fflush.o)
                0x000000000800be64                __sflush_r
 .text._fflush_r
                0x000000000800bf70       0x50 /opt/stm32cubeide/plugins/com.st.stm32cube.ide.mcu.externaltools.gnu-tools-for-stm32.11.3.rel1.linux64_1.1.100.202309141235/tools/bin/../lib/gcc/arm-none-eabi/11.3.1/../../../../arm-none-eabi/lib/thumb/v7e-m+fp/hard/libc_nano.a(libc_a-fflush.o)
                0x000000000800bf70                _fflush_r
 .text.__swhatbuf_r
                0x000000000800bfc0       0x4c /opt/stm32cubeide/plugins/com.st.stm32cube.ide.mcu.externaltools.gnu-tools-for-stm32.11.3.rel1.linux64_1.1.100.202309141235/tools/bin/../lib/gcc/arm-none-eabi/11.3.1/../../../../arm-none-eabi/lib/thumb/v7e-m+fp/hard/libc_nano.a(libc_a-makebuf.o)
                0x000000000800bfc0                __swhatbuf_r
 .text.__smakebuf_r
                0x000000000800c00c       0x78 /opt/stm32cubeide/plugins/com.st.stm32cube.ide.mcu.externaltools.gnu-tools-for-stm32.11.3.rel1.linux64_1.1.100.202309141235/tools/bin/../lib/gcc/arm-none-eabi/11.3.1/../../../../arm-none-eabi/lib/thumb/v7e-m+fp/hard/libc_nano.a(libc_a-makebuf.o)
                0x000000000800c00c                __smakebuf_r
 .text.memmove  0x000000000800c084       0x34 /opt/stm32cubeide/plugins/com.st.stm32cube.ide.mcu.externaltools.gnu-tools-for-stm32.11.3.rel1.linux64_1.1.100.202309141235/tools/bin/../lib/gcc/arm-none-eabi/11.3.1/../../../../arm-none-eabi/lib/thumb/v7e-m+fp/hard/libc_nano.a(libc_a-memmove.o)
                0x000000000800c084                memmove
 .text.strncmp  0x000000000800c0b8       0x24 /opt/stm32cubeide/plugins/com.st.stm32cube.ide.mcu.externaltools.gnu-tools-for-stm32.11.3.rel1.linux64_1.1.100.202309141235/tools/bin/../lib/gcc/arm-none-eabi/11.3.1/../../../../arm-none-eabi/lib/thumb/v7e-m+fp/hard/libc_nano.a(libc_a-strncmp.o)
                0x000000000800c0b8                strncmp
 .text._fstat_r
                0x000000000800c0dc       0x24 /opt/stm32cubeide/plugins/com.st.stm32cube.ide.mcu.externaltools.gnu-tools-for-stm32.11.3.rel1.linux64_1.1.100.202309141235/tools/bin/../lib/gcc/arm-none-eabi/11.3.1/../../../../arm-none-eabi/lib/thumb/v7e-m+fp/hard/libc_nano.a(libc_a-fstatr.o)
                0x000000000800c0dc                _fstat_r
 .text._isatty_r
                0x000000000800c100       0x20 /opt/stm32cubeide/plugins/com.st.stm32cube.ide.mcu.externaltools.gnu-tools-for-stm32.11.3.rel1.linux64_1.1.100.202309141235/tools/bin/../lib/gcc/arm-none-eabi/11.3.1/../../../../arm-none-eabi/lib/thumb/v7e-m+fp/hard/libc_nano.a(libc_a-isattyr.o)
                0x000000000800c100                _isatty_r
 .text.nan      0x000000000800c120       0x10 /opt/stm32cubeide/plugins/com.st.stm32cube.ide.mcu.externaltools.gnu-tools-for-stm32.11.3.rel1.linux64_1.1.100.202309141235/tools/bin/../lib/gcc/arm-none-eabi/11.3.1/../../../../arm-none-eabi/lib/thumb/v7e-m+fp/hard/libc_nano.a(libm_a-s_nan.o)
                0x000000000800c120                nan
 .text.__assert_func
                0x000000000800c130       0x3c /opt/stm32cubeide/plugins/com.st.stm32cube.ide.mcu.externaltools.gnu-tools-for-stm32.11.3.rel1.linux64_1.1.100.202309141235/tools/bin/../lib/gcc/arm-none-eabi/11.3.1/../../../../arm-none-eabi/lib/thumb/v7e-m+fp/hard/libc_nano.a(libc_a-assert.o)
                0x000000000800c130                __assert_func
 .text._calloc_r
                0x000000000800c16c       0x2c /opt/stm32cubeide/plugins/com.st.stm32cube.ide.mcu.externaltools.gnu-tools-for-stm32.11.3.rel1.linux64_1.1.100.202309141235/tools/bin/../lib/gcc/arm-none-eabi/11.3.1/../../../../arm-none-eabi/lib/thumb/v7e-m+fp/hard/libc_nano.a(libc_a-callocr.o)
                0x000000000800c16c                _calloc_r
 .text.rshift   0x000000000800c198       0xa4 /opt/stm32cubeide/plugins/com.st.stm32cube.ide.mcu.externaltools.gnu-tools-for-stm32.11.3.rel1.linux64_1.1.100.202309141235/tools/bin/../lib/gcc/arm-none-eabi/11.3.1/../../../../arm-none-eabi/lib/thumb/v7e-m+fp/hard/libc_nano.a(libc_a-gdtoa-gethex.o)
 .text.__hexdig_fun
                0x000000000800c23c       0x2a /opt/stm32cubeide/plugins/com.st.stm32cube.ide.mcu.externaltools.gnu-tools-for-stm32.11.3.rel1.linux64_1.1.100.202309141235/tools/bin/../lib/gcc/arm-none-eabi/11.3.1/../../../../arm-none-eabi/lib/thumb/v7e-m+fp/hard/libc_nano.a(libc_a-gdtoa-gethex.o)
                0x000000000800c23c                __hexdig_fun
 *fill*         0x000000000800c266        0x2 
 .text.__gethex
                0x000000000800c268      0x45c /opt/stm32cubeide/plugins/com.st.stm32cube.ide.mcu.externaltools.gnu-tools-for-stm32.11.3.rel1.linux64_1.1.100.202309141235/tools/bin/../lib/gcc/arm-none-eabi/11.3.1/../../../../arm-none-eabi/lib/thumb/v7e-m+fp/hard/libc_nano.a(libc_a-gdtoa-gethex.o)
                0x000000000800c268                __gethex
 .text.L_shift  0x000000000800c6c4       0x24 /opt/stm32cubeide/plugins/com.st.stm32cube.ide.mcu.externaltools.gnu-tools-for-stm32.11.3.rel1.linux64_1.1.100.202309141235/tools/bin/../lib/gcc/arm-none-eabi/11.3.1/../../../../arm-none-eabi/lib/thumb/v7e-m+fp/hard/libc_nano.a(libc_a-gdtoa-hexnan.o)
 .text.__match  0x000000000800c6e8       0x28 /opt/stm32cubeide/plugins/com.st.stm32cube.ide.mcu.externaltools.gnu-tools-for-stm32.11.3.rel1.linux64_1.1.100.202309141235/tools/bin/../lib/gcc/arm-none-eabi/11.3.1/../../../../arm-none-eabi/lib/thumb/v7e-m+fp/hard/libc_nano.a(libc_a-gdtoa-hexnan.o)
                0x000000000800c6e8                __match
 .text.__hexnan
                0x000000000800c710      0x136 /opt/stm32cubeide/plugins/com.st.stm32cube.ide.mcu.externaltools.gnu-tools-for-stm32.11.3.rel1.linux64_1.1.100.202309141235/tools/bin/../lib/gcc/arm-none-eabi/11.3.1/../../../../arm-none-eabi/lib/thumb/v7e-m+fp/hard/libc_nano.a(libc_a-gdtoa-hexnan.o)
                0x000000000800c710                __hexnan
 .text.__ascii_mbtowc
                0x000000000800c846       0x24 /opt/stm32cubeide/plugins/com.st.stm32cube.ide.mcu.externaltools.gnu-tools-for-stm32.11.3.rel1.linux64_1.1.100.202309141235/tools/bin/../lib/gcc/arm-none-eabi/11.3.1/../../../../arm-none-eabi/lib/thumb/v7e-m+fp/hard/libc_nano.a(libc_a-mbtowc_r.o)
                0x000000000800c846                __ascii_mbtowc
 .text._realloc_r
                0x000000000800c86a       0x5e /opt/stm32cubeide/plugins/com.st.stm32cube.ide.mcu.externaltools.gnu-tools-for-stm32.11.3.rel1.linux64_1.1.100.202309141235/tools/bin/../lib/gcc/arm-none-eabi/11.3.1/../../../../arm-none-eabi/lib/thumb/v7e-m+fp/hard/libc_nano.a(libc_a-reallocr.o)
                0x000000000800c86a                _realloc_r
 .text.__ascii_wctomb
                0x000000000800c8c8       0x1a /opt/stm32cubeide/plugins/com.st.stm32cube.ide.mcu.externaltools.gnu-tools-for-stm32.11.3.rel1.linux64_1.1.100.202309141235/tools/bin/../lib/gcc/arm-none-eabi/11.3.1/../../../../arm-none-eabi/lib/thumb/v7e-m+fp/hard/libc_nano.a(libc_a-wctomb_r.o)
                0x000000000800c8c8                __ascii_wctomb
 *fill*         0x000000000800c8e2        0x2 
 .text.fprintf  0x000000000800c8e4       0x24 /opt/stm32cubeide/plugins/com.st.stm32cube.ide.mcu.externaltools.gnu-tools-for-stm32.11.3.rel1.linux64_1.1.100.202309141235/tools/bin/../lib/gcc/arm-none-eabi/11.3.1/../../../../arm-none-eabi/lib/thumb/v7e-m+fp/hard/libc_nano.a(libc_a-fprintf.o)
                0x000000000800c8e4                fprintf
                0x000000000800c8e4                fiprintf
 .text.abort    0x000000000800c908        0xe /opt/stm32cubeide/plugins/com.st.stm32cube.ide.mcu.externaltools.gnu-tools-for-stm32.11.3.rel1.linux64_1.1.100.202309141235/tools/bin/../lib/gcc/arm-none-eabi/11.3.1/../../../../arm-none-eabi/lib/thumb/v7e-m+fp/hard/libc_nano.a(libc_a-abort.o)
                0x000000000800c908                abort
 .text._malloc_usable_size_r
                0x000000000800c916       0x10 /opt/stm32cubeide/plugins/com.st.stm32cube.ide.mcu.externaltools.gnu-tools-for-stm32.11.3.rel1.linux64_1.1.100.202309141235/tools/bin/../lib/gcc/arm-none-eabi/11.3.1/../../../../arm-none-eabi/lib/thumb/v7e-m+fp/hard/libc_nano.a(libc_a-msizer.o)
                0x000000000800c916                _malloc_usable_size_r
 .text._raise_r
                0x000000000800c926       0x50 /opt/stm32cubeide/plugins/com.st.stm32cube.ide.mcu.externaltools.gnu-tools-for-stm32.11.3.rel1.linux64_1.1.100.202309141235/tools/bin/../lib/gcc/arm-none-eabi/11.3.1/../../../../arm-none-eabi/lib/thumb/v7e-m+fp/hard/libc_nano.a(libc_a-signal.o)
                0x000000000800c926                _raise_r
 *fill*         0x000000000800c976        0x2 
 .text.raise    0x000000000800c978       0x10 /opt/stm32cubeide/plugins/com.st.stm32cube.ide.mcu.externaltools.gnu-tools-for-stm32.11.3.rel1.linux64_1.1.100.202309141235/tools/bin/../lib/gcc/arm-none-eabi/11.3.1/../../../../arm-none-eabi/lib/thumb/v7e-m+fp/hard/libc_nano.a(libc_a-signal.o)
                0x000000000800c978                raise
 .text._kill_r  0x000000000800c988       0x24 /opt/stm32cubeide/plugins/com.st.stm32cube.ide.mcu.externaltools.gnu-tools-for-stm32.11.3.rel1.linux64_1.1.100.202309141235/tools/bin/../lib/gcc/arm-none-eabi/11.3.1/../../../../arm-none-eabi/lib/thumb/v7e-m+fp/hard/libc_nano.a(libc_a-signalr.o)
                0x000000000800c988                _kill_r
 .text._getpid_r
                0x000000000800c9ac        0x4 /opt/stm32cubeide/plugins/com.st.stm32cube.ide.mcu.externaltools.gnu-tools-for-stm32.11.3.rel1.linux64_1.1.100.202309141235/tools/bin/../lib/gcc/arm-none-eabi/11.3.1/../../../../arm-none-eabi/lib/thumb/v7e-m+fp/hard/libc_nano.a(libc_a-signalr.o)
                0x000000000800c9ac                _getpid_r
 *(.glue_7)
 .glue_7        0x000000000800c9b0        0x0 linker stubs
 *(.glue_7t)
 .glue_7t       0x000000000800c9b0        0x0 linker stubs
 *(.eh_frame)
 .eh_frame      0x000000000800c9b0        0x0 /opt/stm32cubeide/plugins/com.st.stm32cube.ide.mcu.externaltools.gnu-tools-for-stm32.11.3.rel1.linux64_1.1.100.202309141235/tools/bin/../lib/gcc/arm-none-eabi/11.3.1/thumb/v7e-m+fp/hard/crtbegin.o
 *(.init)
 .init          0x000000000800c9b0        0x4 /opt/stm32cubeide/plugins/com.st.stm32cube.ide.mcu.externaltools.gnu-tools-for-stm32.11.3.rel1.linux64_1.1.100.202309141235/tools/bin/../lib/gcc/arm-none-eabi/11.3.1/thumb/v7e-m+fp/hard/crti.o
                0x000000000800c9b0                _init
 .init          0x000000000800c9b4        0x8 /opt/stm32cubeide/plugins/com.st.stm32cube.ide.mcu.externaltools.gnu-tools-for-stm32.11.3.rel1.linux64_1.1.100.202309141235/tools/bin/../lib/gcc/arm-none-eabi/11.3.1/thumb/v7e-m+fp/hard/crtn.o
 *(.fini)
 .fini          0x000000000800c9bc        0x4 /opt/stm32cubeide/plugins/com.st.stm32cube.ide.mcu.externaltools.gnu-tools-for-stm32.11.3.rel1.linux64_1.1.100.202309141235/tools/bin/../lib/gcc/arm-none-eabi/11.3.1/thumb/v7e-m+fp/hard/crti.o
                0x000000000800c9bc                _fini
 .fini          0x000000000800c9c0        0x8 /opt/stm32cubeide/plugins/com.st.stm32cube.ide.mcu.externaltools.gnu-tools-for-stm32.11.3.rel1.linux64_1.1.100.202309141235/tools/bin/../lib/gcc/arm-none-eabi/11.3.1/thumb/v7e-m+fp/hard/crtn.o
                0x000000000800c9c8                . = ALIGN (0x4)
                0x000000000800c9c8                _etext = .

.vfp11_veneer   0x000000000800c9c8        0x0
 .vfp11_veneer  0x000000000800c9c8        0x0 linker stubs

.v4_bx          0x000000000800c9c8        0x0
 .v4_bx         0x000000000800c9c8        0x0 linker stubs

.iplt           0x000000000800c9c8        0x0
 .iplt          0x000000000800c9c8        0x0 /opt/stm32cubeide/plugins/com.st.stm32cube.ide.mcu.externaltools.gnu-tools-for-stm32.11.3.rel1.linux64_1.1.100.202309141235/tools/bin/../lib/gcc/arm-none-eabi/11.3.1/thumb/v7e-m+fp/hard/crtbegin.o

.rodata         0x000000000800c9c8      0x620
                0x000000000800c9c8                . = ALIGN (0x4)
 *(.rodata)
 .rodata        0x000000000800c9c8      0x108 ./Core/Inc/spatial-lib/src/accel_mpu6050.o
 .rodata        0x000000000800cad0       0x3c ./Core/Src/main.o
 .rodata        0x000000000800cb0c       0x2c ./Core/Src/stm32l4xx_it.o
 .rodata        0x000000000800cb38        0x5 ./Middlewares/Third_Party/FreeRTOS/Source/tasks.o
 *fill*         0x000000000800cb3d        0x3 
 .rodata        0x000000000800cb40        0xd ./Middlewares/Third_Party/FreeRTOS/Source/timers.o
 *(.rodata*)
 *fill*         0x000000000800cb4d        0x3 
 .rodata.defaultTask_attributes
                0x000000000800cb50       0x24 ./Core/Src/main.o
                0x000000000800cb50                defaultTask_attributes
 .rodata.AHBPrescTable
                0x000000000800cb74       0x10 ./Core/Src/system_stm32l4xx.o
                0x000000000800cb74                AHBPrescTable
 .rodata.APBPrescTable
                0x000000000800cb84        0x8 ./Core/Src/system_stm32l4xx.o
                0x000000000800cb84                APBPrescTable
 .rodata.MSIRangeTable
                0x000000000800cb8c       0x30 ./Core/Src/system_stm32l4xx.o
                0x000000000800cb8c                MSIRangeTable
 .rodata._printf_float.str1.1
                0x000000000800cbbc       0x12 /opt/stm32cubeide/plugins/com.st.stm32cube.ide.mcu.externaltools.gnu-tools-for-stm32.11.3.rel1.linux64_1.1.100.202309141235/tools/bin/../lib/gcc/arm-none-eabi/11.3.1/../../../../arm-none-eabi/lib/thumb/v7e-m+fp/hard/libc_nano.a(libc_a-nano-vfprintf_float.o)
 .rodata._printf_i.str1.1
                0x000000000800cbce       0x22 /opt/stm32cubeide/plugins/com.st.stm32cube.ide.mcu.externaltools.gnu-tools-for-stm32.11.3.rel1.linux64_1.1.100.202309141235/tools/bin/../lib/gcc/arm-none-eabi/11.3.1/../../../../arm-none-eabi/lib/thumb/v7e-m+fp/hard/libc_nano.a(libc_a-nano-vfprintf_i.o)
 .rodata._scanf_float.str1.1
                0x000000000800cbf0        0x5 /opt/stm32cubeide/plugins/com.st.stm32cube.ide.mcu.externaltools.gnu-tools-for-stm32.11.3.rel1.linux64_1.1.100.202309141235/tools/bin/../lib/gcc/arm-none-eabi/11.3.1/../../../../arm-none-eabi/lib/thumb/v7e-m+fp/hard/libc_nano.a(libc_a-nano-vfscanf_float.o)
                                          0x6 (size before relaxing)
 .rodata._dtoa_r.str1.1
                0x000000000800cbf5       0x8d /opt/stm32cubeide/plugins/com.st.stm32cube.ide.mcu.externaltools.gnu-tools-for-stm32.11.3.rel1.linux64_1.1.100.202309141235/tools/bin/../lib/gcc/arm-none-eabi/11.3.1/../../../../arm-none-eabi/lib/thumb/v7e-m+fp/hard/libc_nano.a(libc_a-dtoa.o)
                                         0x8f (size before relaxing)
 .rodata._Balloc.str1.1
                0x000000000800cc82       0x59 /opt/stm32cubeide/plugins/com.st.stm32cube.ide.mcu.externaltools.gnu-tools-for-stm32.11.3.rel1.linux64_1.1.100.202309141235/tools/bin/../lib/gcc/arm-none-eabi/11.3.1/../../../../arm-none-eabi/lib/thumb/v7e-m+fp/hard/libc_nano.a(libc_a-mprec.o)
                                         0x70 (size before relaxing)
 .rodata.__multadd.str1.1
                0x000000000800ccdb       0x11 /opt/stm32cubeide/plugins/com.st.stm32cube.ide.mcu.externaltools.gnu-tools-for-stm32.11.3.rel1.linux64_1.1.100.202309141235/tools/bin/../lib/gcc/arm-none-eabi/11.3.1/../../../../arm-none-eabi/lib/thumb/v7e-m+fp/hard/libc_nano.a(libc_a-mprec.o)
 *fill*         0x000000000800ccdb        0x5 
 .rodata.__mprec_bigtens
                0x000000000800cce0       0x28 /opt/stm32cubeide/plugins/com.st.stm32cube.ide.mcu.externaltools.gnu-tools-for-stm32.11.3.rel1.linux64_1.1.100.202309141235/tools/bin/../lib/gcc/arm-none-eabi/11.3.1/../../../../arm-none-eabi/lib/thumb/v7e-m+fp/hard/libc_nano.a(libc_a-mprec.o)
                0x000000000800cce0                __mprec_bigtens
 .rodata.__mprec_tens
                0x000000000800cd08       0xc8 /opt/stm32cubeide/plugins/com.st.stm32cube.ide.mcu.externaltools.gnu-tools-for-stm32.11.3.rel1.linux64_1.1.100.202309141235/tools/bin/../lib/gcc/arm-none-eabi/11.3.1/../../../../arm-none-eabi/lib/thumb/v7e-m+fp/hard/libc_nano.a(libc_a-mprec.o)
                0x000000000800cd08                __mprec_tens
 .rodata.p05.0  0x000000000800cdd0        0xc /opt/stm32cubeide/plugins/com.st.stm32cube.ide.mcu.externaltools.gnu-tools-for-stm32.11.3.rel1.linux64_1.1.100.202309141235/tools/bin/../lib/gcc/arm-none-eabi/11.3.1/../../../../arm-none-eabi/lib/thumb/v7e-m+fp/hard/libc_nano.a(libc_a-mprec.o)
 .rodata._strtod_l.str1.1
                0x000000000800cddc        0x2 /opt/stm32cubeide/plugins/com.st.stm32cube.ide.mcu.externaltools.gnu-tools-for-stm32.11.3.rel1.linux64_1.1.100.202309141235/tools/bin/../lib/gcc/arm-none-eabi/11.3.1/../../../../arm-none-eabi/lib/thumb/v7e-m+fp/hard/libc_nano.a(libc_a-strtod.o)
                                          0xf (size before relaxing)
 *fill*         0x000000000800cdde        0x2 
 .rodata.fpi.1  0x000000000800cde0       0x14 /opt/stm32cubeide/plugins/com.st.stm32cube.ide.mcu.externaltools.gnu-tools-for-stm32.11.3.rel1.linux64_1.1.100.202309141235/tools/bin/../lib/gcc/arm-none-eabi/11.3.1/../../../../arm-none-eabi/lib/thumb/v7e-m+fp/hard/libc_nano.a(libc_a-strtod.o)
 .rodata.fpinan.0
                0x000000000800cdf4       0x14 /opt/stm32cubeide/plugins/com.st.stm32cube.ide.mcu.externaltools.gnu-tools-for-stm32.11.3.rel1.linux64_1.1.100.202309141235/tools/bin/../lib/gcc/arm-none-eabi/11.3.1/../../../../arm-none-eabi/lib/thumb/v7e-m+fp/hard/libc_nano.a(libc_a-strtod.o)
 .rodata.tinytens
                0x000000000800ce08       0x28 /opt/stm32cubeide/plugins/com.st.stm32cube.ide.mcu.externaltools.gnu-tools-for-stm32.11.3.rel1.linux64_1.1.100.202309141235/tools/bin/../lib/gcc/arm-none-eabi/11.3.1/../../../../arm-none-eabi/lib/thumb/v7e-m+fp/hard/libc_nano.a(libc_a-strtod.o)
 .rodata._ctype_