../Core/Src/main.c:86:1:__io_putchar	16	static
../Core/Src/main.c:98:5:main	8	static
../Core/Src/main.c:179:6:SystemClock_Config	96	static
../Core/Src/main.c:229:13:MX_I2C1_Init	8	static
../Core/Src/main.c:276:13:MX_TIM2_Init	40	static
../Core/Src/main.c:322:13:MX_USART2_UART_Init	8	static
../Core/Src/main.c:357:13:MX_GPIO_Init	48	static
../Core/Src/main.c:398:8:get_timestep	16	static
../Core/Src/main.c:415:6:StartDefaultTask	40	static
../Core/Src/main.c:439:6:HAL_TIM_PeriodElapsedCallback	16	static
../Core/Src/main.c:456:6:Error_Handler	4	static,ignoring_inline_asm
