Archive member included to satisfy reference by file (symbol)

/opt/stm32cubeide/plugins/com.st.stm32cube.ide.mcu.externaltools.gnu-tools-for-stm32.11.3.rel1.linux64_1.1.1.202309131626/tools/bin/../lib/gcc/arm-none-eabi/11.3.1/../../../../arm-none-eabi/lib/thumb/v7e-m+fp/hard/libc_nano.a(libc_a-exit.o)
                              /opt/stm32cubeide/plugins/com.st.stm32cube.ide.mcu.externaltools.gnu-tools-for-stm32.11.3.rel1.linux64_1.1.1.202309131626/tools/bin/../lib/gcc/arm-none-eabi/11.3.1/../../../../arm-none-eabi/lib/thumb/v7e-m+fp/hard/crt0.o (exit)
/opt/stm32cubeide/plugins/com.st.stm32cube.ide.mcu.externaltools.gnu-tools-for-stm32.11.3.rel1.linux64_1.1.1.202309131626/tools/bin/../lib/gcc/arm-none-eabi/11.3.1/../../../../arm-none-eabi/lib/thumb/v7e-m+fp/hard/libc_nano.a(libc_a-malloc.o)
                              ./Core/Inc/spatial-lib/src/vectors.o (malloc)
/opt/stm32cubeide/plugins/com.st.stm32cube.ide.mcu.externaltools.gnu-tools-for-stm32.11.3.rel1.linux64_1.1.1.202309131626/tools/bin/../lib/gcc/arm-none-eabi/11.3.1/../../../../arm-none-eabi/lib/thumb/v7e-m+fp/hard/libc_nano.a(libc_a-mallocr.o)
                              /opt/stm32cubeide/plugins/com.st.stm32cube.ide.mcu.externaltools.gnu-tools-for-stm32.11.3.rel1.linux64_1.1.1.202309131626/tools/bin/../lib/gcc/arm-none-eabi/11.3.1/../../../../arm-none-eabi/lib/thumb/v7e-m+fp/hard/libc_nano.a(libc_a-malloc.o) (_malloc_r)
/opt/stm32cubeide/plugins/com.st.stm32cube.ide.mcu.externaltools.gnu-tools-for-stm32.11.3.rel1.linux64_1.1.1.202309131626/tools/bin/../lib/gcc/arm-none-eabi/11.3.1/../../../../arm-none-eabi/lib/thumb/v7e-m+fp/hard/libc_nano.a(libc_a-mlock.o)
                              /opt/stm32cubeide/plugins/com.st.stm32cube.ide.mcu.externaltools.gnu-tools-for-stm32.11.3.rel1.linux64_1.1.1.202309131626/tools/bin/../lib/gcc/arm-none-eabi/11.3.1/../../../../arm-none-eabi/lib/thumb/v7e-m+fp/hard/libc_nano.a(libc_a-mallocr.o) (__malloc_lock)
/opt/stm32cubeide/plugins/com.st.stm32cube.ide.mcu.externaltools.gnu-tools-for-stm32.11.3.rel1.linux64_1.1.1.202309131626/tools/bin/../lib/gcc/arm-none-eabi/11.3.1/../../../../arm-none-eabi/lib/thumb/v7e-m+fp/hard/libc_nano.a(libc_a-findfp.o)
                              ./Middlewares/Third_Party/FreeRTOS/Source/tasks.o (__sf)
/opt/stm32cubeide/plugins/com.st.stm32cube.ide.mcu.externaltools.gnu-tools-for-stm32.11.3.rel1.linux64_1.1.1.202309131626/tools/bin/../lib/gcc/arm-none-eabi/11.3.1/../../../../arm-none-eabi/lib/thumb/v7e-m+fp/hard/libc_nano.a(libc_a-fwalk.o)
                              /opt/stm32cubeide/plugins/com.st.stm32cube.ide.mcu.externaltools.gnu-tools-for-stm32.11.3.rel1.linux64_1.1.1.202309131626/tools/bin/../lib/gcc/arm-none-eabi/11.3.1/../../../../arm-none-eabi/lib/thumb/v7e-m+fp/hard/libc_nano.a(libc_a-findfp.o) (_fwalk_sglue)
/opt/stm32cubeide/plugins/com.st.stm32cube.ide.mcu.externaltools.gnu-tools-for-stm32.11.3.rel1.linux64_1.1.1.202309131626/tools/bin/../lib/gcc/arm-none-eabi/11.3.1/../../../../arm-none-eabi/lib/thumb/v7e-m+fp/hard/libc_nano.a(libc_a-printf.o)
                              ./Core/Inc/spatial-lib/lib/mpu6050/interface/driver_mpu6050_interface.o (printf)
/opt/stm32cubeide/plugins/com.st.stm32cube.ide.mcu.externaltools.gnu-tools-for-stm32.11.3.rel1.linux64_1.1.1.202309131626/tools/bin/../lib/gcc/arm-none-eabi/11.3.1/../../../../arm-none-eabi/lib/thumb/v7e-m+fp/hard/libc_nano.a(libc_a-puts.o)
                              ./Core/Inc/spatial-lib/lib/mpu6050/interface/driver_mpu6050_interface.o (puts)
/opt/stm32cubeide/plugins/com.st.stm32cube.ide.mcu.externaltools.gnu-tools-for-stm32.11.3.rel1.linux64_1.1.1.202309131626/tools/bin/../lib/gcc/arm-none-eabi/11.3.1/../../../../arm-none-eabi/lib/thumb/v7e-m+fp/hard/libc_nano.a(libc_a-stdio.o)
                              /opt/stm32cubeide/plugins/com.st.stm32cube.ide.mcu.externaltools.gnu-tools-for-stm32.11.3.rel1.linux64_1.1.1.202309131626/tools/bin/../lib/gcc/arm-none-eabi/11.3.1/../../../../arm-none-eabi/lib/thumb/v7e-m+fp/hard/libc_nano.a(libc_a-findfp.o) (__sread)
/opt/stm32cubeide/plugins/com.st.stm32cube.ide.mcu.externaltools.gnu-tools-for-stm32.11.3.rel1.linux64_1.1.1.202309131626/tools/bin/../lib/gcc/arm-none-eabi/11.3.1/../../../../arm-none-eabi/lib/thumb/v7e-m+fp/hard/libc_nano.a(libc_a-wbuf.o)
                              /opt/stm32cubeide/plugins/com.st.stm32cube.ide.mcu.externaltools.gnu-tools-for-stm32.11.3.rel1.linux64_1.1.1.202309131626/tools/bin/../lib/gcc/arm-none-eabi/11.3.1/../../../../arm-none-eabi/lib/thumb/v7e-m+fp/hard/libc_nano.a(libc_a-puts.o) (__swbuf_r)
/opt/stm32cubeide/plugins/com.st.stm32cube.ide.mcu.externaltools.gnu-tools-for-stm32.11.3.rel1.linux64_1.1.1.202309131626/tools/bin/../lib/gcc/arm-none-eabi/11.3.1/../../../../arm-none-eabi/lib/thumb/v7e-m+fp/hard/libc_nano.a(libc_a-wsetup.o)
[...]
Memory Configuration

Name             Origin             Length             Attributes
RAM              0x0000000020000000 0x0000000000018000 xrw
RAM2             0x0000000010000000 0x0000000000008000 xrw
FLASH            0x0000000008000000 0x0000000000100000 xr
*default*        0x0000000000000000 0xffffffffffffffff

Linker script and memory map

LOAD /opt/stm32cubeide/plugins/com.st.stm32cube.ide.mcu.externaltools.gnu-tools-for-stm32.11.3.rel1.linux64_1.1.1.202309131626/tools/bin/../lib/gcc/arm-none-eabi/11.3.1/thumb/v7e-m+fp/hard/crti.o
LOAD /opt/stm32cubeide/plugins/com.st.stm32cube.ide.mcu.externaltools.gnu-tools-for-stm32.11.3.rel1.linux64_1.1.1.202309131626/tools/bin/../lib/gcc/arm-none-eabi/11.3.1/thumb/v7e-m+fp/hard/crtbegin.o
LOAD /opt/stm32cubeide/plugins/com.st.stm32cube.ide.mcu.externaltools.gnu-tools-for-stm32.11.3.rel1.linux64_1.1.1.202309131626/tools/bin/../lib/gcc/arm-none-eabi/11.3.1/../../../../arm-none-eabi/lib/thumb/v7e-m+fp/hard/crt0.o
LOAD ./Core/Inc/spatial-lib/lib/mpu6050/interface/driver_mpu6050_interface.o
LOAD ./Core/Inc/spatial-lib/lib/mpu6050/src/driver_mpu6050.o
LOAD ./Core/Inc/spatial-lib/src/accel_dummy.o
LOAD ./Core/Inc/spatial-lib/src/accel_mpu6050.o
LOAD ./Core/Inc/spatial-lib/src/interface.o
LOAD ./Core/Inc/spatial-lib/src/vectors.o
LOAD ./Core/Src/freertos.o
LOAD ./Core/Src/main.o
LOAD ./Core/Src/stm32l4xx_hal_msp.o
LOAD ./Core/Src/stm32l4xx_hal_timebase_tim.o
LOAD ./Core/Src/stm32l4xx_it.o
LOAD ./Core/Src/syscalls.o
LOAD ./Core/Src/sysmem.o
LOAD ./Core/Src/system_stm32l4xx.o
LOAD ./Core/Startup/startup_stm32l476rgtx.o
LOAD ./Drivers/STM32L4xx_HAL_Driver/Src/stm32l4xx_hal.o
LOAD ./Drivers/STM32L4xx_HAL_Driver/Src/stm32l4xx_hal_cortex.o
LOAD ./Drivers/STM32L4xx_HAL_Driver/Src/stm32l4xx_hal_dma.o
LOAD ./Drivers/STM32L4xx_HAL_Driver/Src/stm32l4xx_hal_dma_ex.o
LOAD ./Drivers/STM32L4xx_HAL_Driver/Src/stm32l4xx_hal_exti.o
LOAD ./Drivers/STM32L4xx_HAL_Driver/Src/stm32l4xx_hal_flash.o
LOAD ./Drivers/STM32L4xx_HAL_Driver/Src/stm32l4xx_hal_flash_ex.o
LOAD ./Drivers/STM32L4xx_HAL_Driver/Src/stm32l4xx_hal_flash_ramfunc.o
LOAD ./Drivers/STM32L4xx_HAL_Driver/Src/stm32l4xx_hal_gpio.o
LOAD ./Drivers/STM32L4xx_HAL_Driver/Src/stm32l4xx_hal_i2c.o
LOAD ./Drivers/STM32L4xx_HAL_Driver/Src/stm32l4xx_hal_i2c_ex.o
LOAD ./Drivers/STM32L4xx_HAL_Driver/Src/stm32l4xx_hal_pwr.o
LOAD ./Drivers/STM32L4xx_HAL_Driver/Src/stm32l4xx_hal_pwr_ex.o
LOAD ./Drivers/STM32L4xx_HAL_Driver/Src/stm32l4xx_hal_rcc.o
LOAD ./Drivers/STM32L4xx_HAL_Driver/Src/stm32l4xx_hal_rcc_ex.o
LOAD ./Drivers/STM32L4xx_HAL_Driver/Src/stm32l4xx_hal_tim.o
LOAD ./Drivers/STM32L4xx_HAL_Driver/Src/stm32l4xx_hal_tim_ex.o
LOAD ./Drivers/STM32L4xx_HAL_Driver/Src/stm32l4xx_hal_uart.o
LOAD ./Drivers/STM32L4xx_HAL_Driver/Src/stm32l4xx_hal_uart_ex.o
LOAD ./Middlewares/Third_Party/FreeRTOS/Source/CMSIS_RTOS_V2/cmsis_os2.o
LOAD ./Middlewares/Third_Party/FreeRTOS/Source/croutine.o
LOAD ./Middlewares/Third_Party/FreeRTOS/Source/event_groups.o
LOAD ./Middlewares/Third_Party/FreeRTOS/Source/list.o
LOAD ./Middlewares/Third_Party/FreeRTOS/Source/queue.o
LOAD ./Middlewares/Third_Party/FreeRTOS/Source/stream_buffer.o
LOAD ./Middlewares/Third_Party/FreeRTOS/Source/tasks.o
LOAD ./Middlewares/Third_Party/FreeRTOS/Source/timers.o
LOAD ./Middlewares/Third_Party/FreeRTOS/Source/portable/GCC/ARM_CM4F/port.o
LOAD ./Middlewares/Third_Party/FreeRTOS/Source/portable/MemMang/heap_4.o
START GROUP
LOAD /opt/stm32cubeide/plugins/com.st.stm32cube.ide.mcu.externaltools.gnu-tools-for-stm32.11.3.rel1.linux64_1.1.1.202309131626/tools/bin/../lib/gcc/arm-none-eabi/11.3.1/../../../../arm-none-eabi/lib/thumb/v7e-m+fp/hard/libc_nano.a
LOAD /opt/stm32cubeide/plugins/com.st.stm32cube.ide.mcu.externaltools.gnu-tools-for-stm32.11.3.rel1.linux64_1.1.1.202309131626/tools/bin/../lib/gcc/arm-none-eabi/11.3.1/../../../../arm-none-eabi/lib/thumb/v7e-m+fp/hard/libm.a
END GROUP
START GROUP
LOAD /opt/stm32cubeide/plugins/com.st.stm32cube.ide.mcu.externaltools.gnu-tools-for-stm32.11.3.rel1.linux64_1.1.1.202309131626/tools/bin/../lib/gcc/arm-none-eabi/11.3.1/thumb/v7e-m+fp/hard/libgcc.a
LOAD /opt/stm32cubeide/plugins/com.st.stm32cube.ide.mcu.externaltools.gnu-tools-for-stm32.11.3.rel1.linux64_1.1.1.202309131626/tools/bin/../lib/gcc/arm-none-eabi/11.3.1/../../../../arm-none-eabi/lib/thumb/v7e-m+fp/hard/libc_nano.a
END GROUP
START GROUP
LOAD /opt/stm32cubeide/plugins/com.st.stm32cube.ide.mcu.externaltools.gnu-tools-for-stm32.11.3.rel1.linux64_1.1.1.202309131626/tools/bin/../lib/gcc/arm-none-eabi/11.3.1/thumb/v7e-m+fp/hard/libgcc.a
LOAD /opt/stm32cubeide/plugins/com.st.stm32cube.ide.mcu.externaltools.gnu-tools-for-stm32.11.3.rel1.linux64_1.1.1.202309131626/tools/bin/../lib/gcc/arm-none-eabi/11.3.1/../../../../arm-none-eabi/lib/thumb/v7e-m+fp/hard/libc_nano.a
LOAD /opt/stm32cubeide/plugins/com.st.stm32cube.ide.mcu.externaltools.gnu-tools-for-stm32.11.3.rel1.linux64_1.1.1.202309131626/tools/bin/../lib/gcc/arm-none-eabi/11.3.1/../../../../arm-none-eabi/lib/thumb/v7e-m+fp/hard/libnosys.a
END GROUP
START GROUP
LOAD /opt/stm32cubeide/plugins/com.st.stm32cube.ide.mcu.externaltools.gnu-tools-for-stm32.11.3.rel1.linux64_1.1.1.202309131626/tools/bin/../lib/gcc/arm-none-eabi/11.3.1/thumb/v7e-m+fp/hard/libgcc.a
LOAD /opt/stm32cubeide/plugins/com.st.stm32cube.ide.mcu.externaltools.gnu-tools-for-stm32.11.3.rel1.linux64_1.1.1.202309131626/tools/bin/../lib/gcc/arm-none-eabi/11.3.1/../../../../arm-none-eabi/lib/thumb/v7e-m+fp/hard/libc_nano.a
LOAD /opt/stm32cubeide/plugins/com.st.stm32cube.ide.mcu.externaltools.gnu-tools-for-stm32.11.3.rel1.linux64_1.1.1.202309131626/tools/bin/../lib/gcc/arm-none-eabi/11.3.1/../../../../arm-none-eabi/lib/thumb/v7e-m+fp/hard/libnosys.a
END GROUP
LOAD /opt/stm32cubeide/plugins/com.st.stm32cube.ide.mcu.externaltools.gnu-tools-for-stm32.11.3.rel1.linux64_1.1.1.202309131626/tools/bin/../lib/gcc/arm-none-eabi/11.3.1/thumb/v7e-m+fp/hard/crtend.o
LOAD /opt/stm32cubeide/plugins/com.st.stm32cube.ide.mcu.externaltools.gnu-tools-for-stm32.11.3.rel1.linux64_1.1.1.202309131626/tools/bin/../lib/gcc/arm-none-eabi/11.3.1/thumb/v7e-m+fp/hard/crtn.o
                0x0000000020018000                _estack = (ORIGIN (RAM) + LENGTH (RAM))
                0x0000000000000200                _Min_Heap_Size = 0x200
                0x0000000000000400                _Min_Stack_Size = 0x400

.isr_vector     0x0000000008000000      0x188
                0x0000000008000000                . = ALIGN (0x4)
 *(.isr_vector)
 .isr_vector    0x0000000008000000      0x188 ./Core/Startup/startup_stm32l476rgtx.o
                0x0000000008000000                g_pfnVectors
                0x0000000008000188                . = ALIGN (0x4)

.text           0x0000000008000190     0x6788
                0x0000000008000190                . = ALIGN (0x4)
 *(.text)
 .text          0x0000000008000190       0x40 /opt/stm32cubeide/plugins/com.st.stm32cube.ide.mcu.externaltools.gnu-tools-for-stm32.11.3.rel1.linux64_1.1.1.202309131626/tools/bin/../lib/gcc/arm-none-eabi/11.3.1/thumb/v7e-m+fp/hard/crtbegin.o
 .text          0x00000000080001d0       0xa0 /opt/stm32cubeide/plugins/com.st.stm32cube.ide.mcu.externaltools.gnu-tools-for-stm32.11.3.rel1.linux64_1.1.1.202309131626/tools/bin/../lib/gcc/arm-none-eabi/11.3.1/../../../../arm-none-eabi/lib/thumb/v7e-m+fp/hard/libc_nano.a(libc_a-memchr.o)
                0x00000000080001d0                memchr
 .text          0x0000000008000270       0x30 /opt/stm32cubeide/plugins/com.st.stm32cube.ide.mcu.externaltools.gnu-tools-for-stm32.11.3.rel1.linux64_1.1.1.202309131626/tools/bin/../lib/gcc/arm-none-eabi/11.3.1/thumb/v7e-m+fp/hard/libgcc.a(_aeabi_uldivmod.o)
                0x0000000008000270                __aeabi_uldivmod
 .text          0x00000000080002a0      0x2c8 /opt/stm32cubeide/plugins/com.st.stm32cube.ide.mcu.externaltools.gnu-tools-for-stm32.11.3.rel1.linux64_1.1.1.202309131626/tools/bin/../lib/gcc/arm-none-eabi/11.3.1/thumb/v7e-m+fp/hard/libgcc.a(_udivmoddi4.o)
                0x00000000080002a0                __udivmoddi4
 .text          0x0000000008000568        0x4 /opt/stm32cubeide/plugins/com.st.stm32cube.ide.mcu.externaltools.gnu-tools-for-stm32.11.3.rel1.linux64_1.1.1.202309131626/tools/bin/../lib/gcc/arm-none-eabi/11.3.1/thumb/v7e-m+fp/hard/libgcc.a(_dvmd_tls.o)
                0x0000000008000568                __aeabi_ldiv0
                0x0000000008000568                __aeabi_idiv0
 *(.text*)
 .text.set_iic_handler
                0x000000000800056c       0x14 ./Core/Inc/spatial-lib/lib/mpu6050/interface/driver_mpu6050_interface.o
                0x000000000800056c                set_iic_handler
 .text.mpu6050_interface_iic_init
                0x0000000008000580        0x4 ./Core/Inc/spatial-lib/lib/mpu6050/interface/driver_mpu6050_interface.o
                0x0000000008000580                mpu6050_interface_iic_init
 .text.mpu6050_interface_iic_read
                0x0000000008000584       0x20 ./Core/Inc/spatial-lib/lib/mpu6050/interface/driver_mpu6050_interface.o
                0x0000000008000584                mpu6050_interface_iic_read
 .text.mpu6050_interface_iic_write
                0x00000000080005a4       0x20 ./Core/Inc/spatial-lib/lib/mpu6050/interface/driver_mpu6050_interface.o
                0x00000000080005a4                mpu6050_interface_iic_write
 .text.mpu6050_interface_delay_ms
                0x00000000080005c4        0x4 ./Core/Inc/spatial-lib/lib/mpu6050/interface/driver_mpu6050_interface.o
                0x00000000080005c4                mpu6050_interface_delay_ms
 .text.mpu6050_interface_debug_print
                0x00000000080005c8       0x12 ./Core/Inc/spatial-lib/lib/mpu6050/interface/driver_mpu6050_interface.o
                0x00000000080005c8                mpu6050_interface_debug_print
 *fill*         0x00000000080005da        0x2 
 .text.mpu6050_interface_receive_callback
                0x00000000080005dc       0x44 ./Core/Inc/spatial-lib/lib/mpu6050/interface/driver_mpu6050_interface.o
                0x00000000080005dc                mpu6050_interface_receive_callback
 .text.a_mpu6050_iic_read
                0x0000000008000620       0x10 ./Core/Inc/spatial-lib/lib/mpu6050/src/driver_mpu6050.o
 .text.a_mpu6050_iic_write
                0x0000000008000630       0x10 ./Core/Inc/spatial-lib/lib/mpu6050/src/driver_mpu6050.o
 .text.mpu6050_set_addr_pin
                0x0000000008000640        0xc ./Core/Inc/spatial-lib/lib/mpu6050/src/driver_mpu6050.o
                0x0000000008000640                mpu6050_set_addr_pin
 .text.mpu6050_init
                0x000000000800064c      0x10c ./Core/Inc/spatial-lib/lib/mpu6050/src/driver_mpu6050.o
                0x000000000800064c                mpu6050_init
 .text.mpu6050_deinit
                0x0000000008000758       0x54 ./Core/Inc/spatial-lib/lib/mpu6050/src/driver_mpu6050.o
                0x0000000008000758                mpu6050_deinit
 .text.mpu6050_read
                0x00000000080007ac      0x494 ./Core/Inc/spatial-lib/lib/mpu6050/src/driver_mpu6050.o
                0x00000000080007ac                mpu6050_read
 .text.mpu6050_set_fifo
                0x0000000008000c40       0x64 ./Core/Inc/spatial-lib/lib/mpu6050/src/driver_mpu6050.o
                0x0000000008000c40                mpu6050_set_fifo
 .text.mpu6050_set_iic_master
                0x0000000008000ca4       0x64 ./Core/Inc/spatial-lib/lib/mpu6050/src/driver_mpu6050.o
                0x0000000008000ca4                mpu6050_set_iic_master
 .text.mpu6050_set_clock_source
                0x0000000008000d08       0x64 ./Core/Inc/spatial-lib/lib/mpu6050/src/driver_mpu6050.o
                0x0000000008000d08                mpu6050_set_clock_source
 .text.mpu6050_set_temperature_sensor
                0x0000000008000d6c       0x6c ./Core/Inc/spatial-lib/lib/mpu6050/src/driver_mpu6050.o
                0x0000000008000d6c                mpu6050_set_temperature_sensor
 .text.mpu6050_set_cycle_wake_up
                0x0000000008000dd8       0x64 ./Core/Inc/spatial-lib/lib/mpu6050/src/driver_mpu6050.o
                0x0000000008000dd8                mpu6050_set_cycle_wake_up
 .text.mpu6050_set_sleep
                0x0000000008000e3c       0x64 ./Core/Inc/spatial-lib/lib/mpu6050/src/driver_mpu6050.o
                0x0000000008000e3c                mpu6050_set_sleep
 .text.mpu6050_set_standby_mode
                0x0000000008000ea0       0x70 ./Core/Inc/spatial-lib/lib/mpu6050/src/driver_mpu6050.o
                0x0000000008000ea0                mpu6050_set_standby_mode
 .text.mpu6050_set_wake_up_frequency
                0x0000000008000f10       0x64 ./Core/Inc/spatial-lib/lib/mpu6050/src/driver_mpu6050.o
                0x0000000008000f10                mpu6050_set_wake_up_frequency
 .text.mpu6050_set_sample_rate_divider
                0x0000000008000f74       0x38 ./Core/Inc/spatial-lib/lib/mpu6050/src/driver_mpu6050.o
                0x0000000008000f74                mpu6050_set_sample_rate_divider
 .text.mpu6050_set_extern_sync
                0x0000000008000fac       0x64 ./Core/Inc/spatial-lib/lib/mpu6050/src/driver_mpu6050.o
                0x0000000008000fac                mpu6050_set_extern_sync
 .text.mpu6050_set_low_pass_filter
                0x0000000008001010       0x64 ./Core/Inc/spatial-lib/lib/mpu6050/src/driver_mpu6050.o
                0x0000000008001010                mpu6050_set_low_pass_filter
 .text.mpu6050_set_gyroscope_test
                0x0000000008001074       0x70 ./Core/Inc/spatial-lib/lib/mpu6050/src/driver_mpu6050.o
                0x0000000008001074                mpu6050_set_gyroscope_test
 .text.mpu6050_set_gyroscope_range
                0x00000000080010e4       0x64 ./Core/Inc/spatial-lib/lib/mpu6050/src/driver_mpu6050.o
                0x00000000080010e4                mpu6050_set_gyroscope_range
 .text.mpu6050_set_accelerometer_test
                0x0000000008001148       0x70 ./Core/Inc/spatial-lib/lib/mpu6050/src/driver_mpu6050.o
                0x0000000008001148                mpu6050_set_accelerometer_test
 .text.mpu6050_set_accelerometer_range
                0x00000000080011b8       0x64 ./Core/Inc/spatial-lib/lib/mpu6050/src/driver_mpu6050.o
                0x00000000080011b8                mpu6050_set_accelerometer_range
 .text.mpu6050_set_fifo_enable
                0x000000000800121c       0x70 ./Core/Inc/spatial-lib/lib/mpu6050/src/driver_mpu6050.o
                0x000000000800121c                mpu6050_set_fifo_enable
 .text.mpu6050_set_interrupt_level
                0x000000000800128c       0x64 ./Core/Inc/spatial-lib/lib/mpu6050/src/driver_mpu6050.o
                0x000000000800128c                mpu6050_set_interrupt_level
 .text.mpu6050_set_interrupt_pin_type
                0x00000000080012f0       0x64 ./Core/Inc/spatial-lib/lib/mpu6050/src/driver_mpu6050.o
                0x00000000080012f0                mpu6050_set_interrupt_pin_type
 .text.mpu6050_set_interrupt_latch
                0x0000000008001354       0x6c ./Core/Inc/spatial-lib/lib/mpu6050/src/driver_mpu6050.o
                0x0000000008001354                mpu6050_set_interrupt_latch
 .text.mpu6050_set_interrupt_read_clear
                0x00000000080013c0       0x64 ./Core/Inc/spatial-lib/lib/mpu6050/src/driver_mpu6050.o
                0x00000000080013c0                mpu6050_set_interrupt_read_clear
 .text.mpu6050_set_fsync_interrupt_level
                0x0000000008001424       0x64 ./Core/Inc/spatial-lib/lib/mpu6050/src/driver_mpu6050.o
                0x0000000008001424                mpu6050_set_fsync_interrupt_level
 .text.mpu6050_set_fsync_interrupt
                0x0000000008001488       0x64 ./Core/Inc/spatial-lib/lib/mpu6050/src/driver_mpu6050.o
                0x0000000008001488                mpu6050_set_fsync_interrupt
 .text.mpu6050_set_iic_bypass
                0x00000000080014ec       0x64 ./Core/Inc/spatial-lib/lib/mpu6050/src/driver_mpu6050.o
                0x00000000080014ec                mpu6050_set_iic_bypass
 .text.mpu6050_set_interrupt
                0x0000000008001550       0x70 ./Core/Inc/spatial-lib/lib/mpu6050/src/driver_mpu6050.o
                0x0000000008001550                mpu6050_set_interrupt
 .text.mpu6050_basic_init
                0x00000000080015c0      0x338 ./Core/Inc/spatial-lib/src/accel_mpu6050.o
                0x00000000080015c0                mpu6050_basic_init
 .text.mpu6050_basic_read
                0x00000000080018f8       0x4c ./Core/Inc/spatial-lib/src/accel_mpu6050.o
                0x00000000080018f8                mpu6050_basic_read
 .text.init_accelerometer
                0x0000000008001944       0x18 ./Core/Inc/spatial-lib/src/interface.o
                0x0000000008001944                init_accelerometer
 .text.get_acceleration
                0x000000000800195c        0xe ./Core/Inc/spatial-lib/src/interface.o
                0x000000000800195c                get_acceleration
 *fill*         0x000000000800196a        0x2 
 .text.StartDefaultTask
                0x000000000800196c       0x20 ./Core/Src/main.o
                0x000000000800196c                StartDefaultTask
 .text.SystemClock_Config
                0x000000000800198c       0x76 ./Core/Src/main.o
                0x000000000800198c                SystemClock_Config
 *fill*         0x0000000008001a02        0x2 
 .text.startup.main
                0x0000000008001a04      0x170 ./Core/Src/main.o
                0x0000000008001a04                main
 .text.HAL_TIM_PeriodElapsedCallback
                0x0000000008001b74       0x14 ./Core/Src/main.o
                0x0000000008001b74                HAL_TIM_PeriodElapsedCallback
 .text.Error_Handler
                0x0000000008001b88        0x4 ./Core/Src/main.o
                0x0000000008001b88                Error_Handler
 .text.HAL_MspInit
                0x0000000008001b8c       0x3c ./Core/Src/stm32l4xx_hal_msp.o
                0x0000000008001b8c                HAL_MspInit
 .text.HAL_I2C_MspInit
                0x0000000008001bc8       0x88 ./Core/Src/stm32l4xx_hal_msp.o
                0x0000000008001bc8                HAL_I2C_MspInit
 .text.HAL_UART_MspInit
                0x0000000008001c50       0x84 ./Core/Src/stm32l4xx_hal_msp.o
                0x0000000008001c50                HAL_UART_MspInit
 .text.HAL_InitTick
                0x0000000008001cd4       0x90 ./Core/Src/stm32l4xx_hal_timebase_tim.o
                0x0000000008001cd4                HAL_InitTick
 .text.NMI_Handler
                0x0000000008001d64        0x2 ./Core/Src/stm32l4xx_it.o
                0x0000000008001d64                NMI_Handler
 .text.HardFault_Handler
                0x0000000008001d66        0x2 ./Core/Src/stm32l4xx_it.o
                0x0000000008001d66                HardFault_Handler
 .text.MemManage_Handler
                0x0000000008001d68        0x2 ./Core/Src/stm32l4xx_it.o
                0x0000000008001d68                MemManage_Handler
 .text.BusFault_Handler
                0x0000000008001d6a        0x2 ./Core/Src/stm32l4xx_it.o
                0x0000000008001d6a                BusFault_Handler
 .text.UsageFault_Handler
                0x0000000008001d6c        0x2 ./Core/Src/stm32l4xx_it.o
                0x0000000008001d6c                UsageFault_Handler
 .text.DebugMon_Handler
                0x0000000008001d6e        0x2 ./Core/Src/stm32l4xx_it.o
                0x0000000008001d6e                DebugMon_Handler
 .text.TIM1_UP_TIM16_IRQHandler
                0x0000000008001d70        0xc ./Core/Src/stm32l4xx_it.o
                0x0000000008001d70                TIM1_UP_TIM16_IRQHandler
 .text._read    0x0000000008001d7c       0x1c ./Core/Src/syscalls.o
                0x0000000008001d7c                _read
 .text._write   0x0000000008001d98       0x1c ./Core/Src/syscalls.o
                0x0000000008001d98                _write
 .text._close   0x0000000008001db4        0x6 ./Core/Src/syscalls.o
                0x0000000008001db4                _close
 .text._fstat   0x0000000008001dba        0xa ./Core/Src/syscalls.o
                0x0000000008001dba                _fstat
 .text._isatty  0x0000000008001dc4        0x4 ./Core/Src/syscalls.o
                0x0000000008001dc4                _isatty
 .text._lseek   0x0000000008001dc8        0x4 ./Core/Src/syscalls.o
                0x0000000008001dc8                _lseek
 .text._sbrk    0x0000000008001dcc       0x40 ./Core/Src/sysmem.o
                0x0000000008001dcc                _sbrk
 .text.SystemInit
                0x0000000008001e0c       0x14 ./Core/Src/system_stm32l4xx.o
                0x0000000008001e0c                SystemInit
 .text.Reset_Handler
                0x0000000008001e20       0x50 ./Core/Startup/startup_stm32l476rgtx.o
                0x0000000008001e20                Reset_Handler
 .text.Default_Handler
                0x0000000008001e70        0x2 ./Core/Startup/startup_stm32l476rgtx.o
                0x0000000008001e70                RTC_Alarm_IRQHandler
                0x0000000008001e70                EXTI2_IRQHandler
                0x0000000008001e70                TIM8_TRG_COM_IRQHandler
                0x0000000008001e70                TIM8_CC_IRQHandler
                0x0000000008001e70                TIM1_CC_IRQHandler
                0x0000000008001e70                TSC_IRQHandler
                0x0000000008001e70                TAMP_STAMP_IRQHandler
                0x0000000008001e70                EXTI3_IRQHandler
                0x0000000008001e70                LPTIM2_IRQHandler
                0x0000000008001e70                DFSDM1_FLT1_IRQHandler
                0x0000000008001e70                I2C3_ER_IRQHandler
                0x0000000008001e70                DFSDM1_FLT2_IRQHandler
                0x0000000008001e70                EXTI0_IRQHandler
                0x0000000008001e70                I2C2_EV_IRQHandler
                0x0000000008001e70                CAN1_RX0_IRQHandler
                0x0000000008001e70                FPU_IRQHandler
                0x0000000008001e70                ADC1_2_IRQHandler
                0x0000000008001e70                SPI1_IRQHandler
                0x0000000008001e70                TIM6_DAC_IRQHandler
                0x0000000008001e70                TIM8_UP_IRQHandler
                0x0000000008001e70                DMA2_Channel2_IRQHandler
                0x0000000008001e70                DMA1_Channel4_IRQHandler
                0x0000000008001e70                SAI2_IRQHandler
                0x0000000008001e70                DFSDM1_FLT3_IRQHandler
                0x0000000008001e70                USART3_IRQHandler
                0x0000000008001e70                DMA1_Channel7_IRQHandler
                0x0000000008001e70                CAN1_RX1_IRQHandler
                0x0000000008001e70                LCD_IRQHandler
                0x0000000008001e70                UART5_IRQHandler
                0x0000000008001e70                ADC3_IRQHandler
                0x0000000008001e70                TIM4_IRQHandler
                0x0000000008001e70                DMA2_Channel1_IRQHandler
                0x0000000008001e70                QUADSPI_IRQHandler
                0x0000000008001e70                I2C1_EV_IRQHandler
                0x0000000008001e70                DMA1_Channel6_IRQHandler
                0x0000000008001e70                UART4_IRQHandler
                0x0000000008001e70                DMA2_Channel4_IRQHandler
                0x0000000008001e70                TIM3_IRQHandler
                0x0000000008001e70                RCC_IRQHandler
                0x0000000008001e70                DMA1_Channel1_IRQHandler
                0x0000000008001e70                Default_Handler
                0x0000000008001e70                DMA2_Channel7_IRQHandler
                0x0000000008001e70                EXTI15_10_IRQHandler
                0x0000000008001e70                TIM7_IRQHandler
                0x0000000008001e70                SDMMC1_IRQHandler
                0x0000000008001e70                TIM5_IRQHandler
                0x0000000008001e70                I2C3_EV_IRQHandler
                0x0000000008001e70                EXTI9_5_IRQHandler
                0x0000000008001e70                RTC_WKUP_IRQHandler
                0x0000000008001e70                PVD_PVM_IRQHandler
                0x0000000008001e70                SPI2_IRQHandler
                0x0000000008001e70                CAN1_TX_IRQHandler
                0x0000000008001e70                DMA2_Channel5_IRQHandler
                0x0000000008001e70                DMA1_Channel5_IRQHandler
                0x0000000008001e70                EXTI4_IRQHandler
                0x0000000008001e70                RNG_IRQHandler
                0x0000000008001e70                TIM1_TRG_COM_TIM17_IRQHandler
                0x0000000008001e70                DMA1_Channel3_IRQHandler
                0x0000000008001e70                COMP_IRQHandler
                0x0000000008001e70                WWDG_IRQHandler
                0x0000000008001e70                LPUART1_IRQHandler
                0x0000000008001e70                DMA2_Channel6_IRQHandler
                0x0000000008001e70                TIM2_IRQHandler
                0x0000000008001e70                EXTI1_IRQHandler
                0x0000000008001e70                USART2_IRQHandler
                0x0000000008001e70                DFSDM1_FLT0_IRQHandler
                0x0000000008001e70                I2C2_ER_IRQHandler
                0x0000000008001e70                DMA1_Channel2_IRQHandler
                0x0000000008001e70                TIM8_BRK_IRQHandler
                0x0000000008001e70                CAN1_SCE_IRQHandler
                0x0000000008001e70                FLASH_IRQHandler
                0x0000000008001e70                USART1_IRQHandler
                0x0000000008001e70                OTG_FS_IRQHandler
                0x0000000008001e70                SPI3_IRQHandler
                0x0000000008001e70                I2C1_ER_IRQHandler
                0x0000000008001e70                FMC_IRQHandler
                0x0000000008001e70                SWPMI1_IRQHandler
                0x0000000008001e70                LPTIM1_IRQHandler
                0x0000000008001e70                SAI1_IRQHandler
                0x0000000008001e70                DMA2_Channel3_IRQHandler
                0x0000000008001e70                TIM1_BRK_TIM15_IRQHandler
 *fill*         0x0000000008001e72        0x2 
 .text.HAL_Init
                0x0000000008001e74       0x2c ./Drivers/STM32L4xx_HAL_Driver/Src/stm32l4xx_hal.o
                0x0000000008001e74                HAL_Init
 .text.HAL_IncTick
                0x0000000008001ea0       0x18 ./Drivers/STM32L4xx_HAL_Driver/Src/stm32l4xx_hal.o
                0x0000000008001ea0                HAL_IncTick
 .text.HAL_GetTick
                0x0000000008001eb8        0xc ./Drivers/STM32L4xx_HAL_Driver/Src/stm32l4xx_hal.o
                0x0000000008001eb8                HAL_GetTick
 .text.HAL_NVIC_SetPriorityGrouping
                0x0000000008001ec4       0x24 ./Drivers/STM32L4xx_HAL_Driver/Src/stm32l4xx_hal_cortex.o
                0x0000000008001ec4                HAL_NVIC_SetPriorityGrouping
 .text.HAL_NVIC_SetPriority
                0x0000000008001ee8       0x64 ./Drivers/STM32L4xx_HAL_Driver/Src/stm32l4xx_hal_cortex.o
                0x0000000008001ee8                HAL_NVIC_SetPriority
 .text.HAL_NVIC_EnableIRQ
                0x0000000008001f4c       0x1c ./Drivers/STM32L4xx_HAL_Driver/Src/stm32l4xx_hal_cortex.o
                0x0000000008001f4c                HAL_NVIC_EnableIRQ
 .text.HAL_GPIO_Init
                0x0000000008001f68      0x1bc ./Drivers/STM32L4xx_HAL_Driver/Src/stm32l4xx_hal_gpio.o
                0x0000000008001f68                HAL_GPIO_Init
 .text.HAL_GPIO_WritePin
                0x0000000008002124        0xa ./Drivers/STM32L4xx_HAL_Driver/Src/stm32l4xx_hal_gpio.o
                0x0000000008002124                HAL_GPIO_WritePin
 .text.I2C_Flush_TXDR
                0x000000000800212e       0x1c ./Drivers/STM32L4xx_HAL_Driver/Src/stm32l4xx_hal_i2c.o
 *fill*         0x000000000800214a        0x2 
 .text.I2C_TransferConfig
                0x000000000800214c       0x2c ./Drivers/STM32L4xx_HAL_Driver/Src/stm32l4xx_hal_i2c.o
 .text.I2C_IsErrorOccurred
                0x0000000008002178      0x100 ./Drivers/STM32L4xx_HAL_Driver/Src/stm32l4xx_hal_i2c.o
 .text.I2C_WaitOnTXISFlagUntilTimeout
                0x0000000008002278       0x56 ./Drivers/STM32L4xx_HAL_Driver/Src/stm32l4xx_hal_i2c.o
 .text.I2C_WaitOnFlagUntilTimeout
                0x00000000080022ce       0x66 ./Drivers/STM32L4xx_HAL_Driver/Src/stm32l4xx_hal_i2c.o
 .text.I2C_WaitOnSTOPFlagUntilTimeout
                0x0000000008002334       0x52 ./Drivers/STM32L4xx_HAL_Driver/Src/stm32l4xx_hal_i2c.o
 .text.HAL_I2C_Init
                0x0000000008002386       0xaa ./Drivers/STM32L4xx_HAL_Driver/Src/stm32l4xx_hal_i2c.o
                0x0000000008002386                HAL_I2C_Init
 .text.HAL_I2C_Mem_Write
                0x0000000008002430      0x1b4 ./Drivers/STM32L4xx_HAL_Driver/Src/stm32l4xx_hal_i2c.o
                0x0000000008002430                HAL_I2C_Mem_Write
 .text.HAL_I2C_Mem_Read
                0x00000000080025e4      0x1bc ./Drivers/STM32L4xx_HAL_Driver/Src/stm32l4xx_hal_i2c.o
                0x00000000080025e4                HAL_I2C_Mem_Read
 .text.HAL_I2CEx_ConfigAnalogFilter
                0x00000000080027a0       0x4c ./Drivers/STM32L4xx_HAL_Driver/Src/stm32l4xx_hal_i2c_ex.o
                0x00000000080027a0                HAL_I2CEx_ConfigAnalogFilter
 .text.HAL_I2CEx_ConfigDigitalFilter
                0x00000000080027ec       0x4a ./Drivers/STM32L4xx_HAL_Driver/Src/stm32l4xx_hal_i2c_ex.o
                0x00000000080027ec                HAL_I2CEx_ConfigDigitalFilter
 *fill*         0x0000000008002836        0x2 
 .text.HAL_PWREx_GetVoltageRange
                0x0000000008002838       0x10 ./Drivers/STM32L4xx_HAL_Driver/Src/stm32l4xx_hal_pwr_ex.o
                0x0000000008002838                HAL_PWREx_GetVoltageRange
 .text.HAL_PWREx_ControlVoltageScaling
                0x0000000008002848       0x6c ./Drivers/STM32L4xx_HAL_Driver/Src/stm32l4xx_hal_pwr_ex.o
                0x0000000008002848                HAL_PWREx_ControlVoltageScaling
 .text.RCC_SetFlashLatencyFromMSIRange
                0x00000000080028b4       0x84 ./Drivers/STM32L4xx_HAL_Driver/Src/stm32l4xx_hal_rcc.o
 .text.HAL_RCC_GetSysClockFreq
                0x0000000008002938       0x9c ./Drivers/STM32L4xx_HAL_Driver/Src/stm32l4xx_hal_rcc.o
                0x0000000008002938                HAL_RCC_GetSysClockFreq
 .text.HAL_RCC_OscConfig
                0x00000000080029d4      0x500 ./Drivers/STM32L4xx_HAL_Driver/Src/stm32l4xx_hal_rcc.o
                0x00000000080029d4                HAL_RCC_OscConfig
 .text.HAL_RCC_ClockConfig
                0x0000000008002ed4      0x154 ./Drivers/STM32L4xx_HAL_Driver/Src/stm32l4xx_hal_rcc.o
                0x0000000008002ed4                HAL_RCC_ClockConfig
 .text.HAL_RCC_GetPCLK1Freq
                0x0000000008003028       0x24 ./Drivers/STM32L4xx_HAL_Driver/Src/stm32l4xx_hal_rcc.o
                0x0000000008003028                HAL_RCC_GetPCLK1Freq
 .text.HAL_RCC_GetPCLK2Freq
                0x000000000800304c       0x24 ./Drivers/STM32L4xx_HAL_Driver/Src/stm32l4xx_hal_rcc.o
                0x000000000800304c                HAL_RCC_GetPCLK2Freq
 .text.HAL_RCC_GetClockConfig
                0x0000000008003070       0x3c ./Drivers/STM32L4xx_HAL_Driver/Src/stm32l4xx_hal_rcc.o
                0x0000000008003070                HAL_RCC_GetClockConfig
 .text.RCCEx_PLLSAI1_Config
                0x00000000080030ac      0x110 ./Drivers/STM32L4xx_HAL_Driver/Src/stm32l4xx_hal_rcc_ex.o
 .text.RCCEx_PLLSAI2_Config
                0x00000000080031bc       0xf4 ./Drivers/STM32L4xx_HAL_Driver/Src/stm32l4xx_hal_rcc_ex.o
 .text.HAL_RCCEx_PeriphCLKConfig
                0x00000000080032b0      0x3d4 ./Drivers/STM32L4xx_HAL_Driver/Src/stm32l4xx_hal_rcc_ex.o
                0x00000000080032b0                HAL_RCCEx_PeriphCLKConfig
 .text.HAL_TIM_Base_MspInit
                0x0000000008003684        0x2 ./Drivers/STM32L4xx_HAL_Driver/Src/stm32l4xx_hal_tim.o
                0x0000000008003684                HAL_TIM_Base_MspInit
 *fill*         0x0000000008003686        0x2 
 .text.HAL_TIM_Base_Start_IT
                0x0000000008003688       0x74 ./Drivers/STM32L4xx_HAL_Driver/Src/stm32l4xx_hal_tim.o
                0x0000000008003688                HAL_TIM_Base_Start_IT
 .text.HAL_TIM_OC_DelayElapsedCallback
                0x00000000080036fc        0x2 ./Drivers/STM32L4xx_HAL_Driver/Src/stm32l4xx_hal_tim.o
                0x00000000080036fc                HAL_TIM_OC_DelayElapsedCallback
 .text.HAL_TIM_IC_CaptureCallback
                0x00000000080036fe        0x2 ./Drivers/STM32L4xx_HAL_Driver/Src/stm32l4xx_hal_tim.o
                0x00000000080036fe                HAL_TIM_IC_CaptureCallback
 .text.HAL_TIM_PWM_PulseFinishedCallback
                0x0000000008003700        0x2 ./Drivers/STM32L4xx_HAL_Driver/Src/stm32l4xx_hal_tim.o
                0x0000000008003700                HAL_TIM_PWM_PulseFinishedCallback
 .text.HAL_TIM_TriggerCallback
                0x0000000008003702        0x2 ./Drivers/STM32L4xx_HAL_Driver/Src/stm32l4xx_hal_tim.o
                0x0000000008003702                HAL_TIM_TriggerCallback
 .text.HAL_TIM_IRQHandler
                0x0000000008003704      0x13e ./Drivers/STM32L4xx_HAL_Driver/Src/stm32l4xx_hal_tim.o
                0x0000000008003704                HAL_TIM_IRQHandler
 *fill*         0x0000000008003842        0x2 
 .text.TIM_Base_SetConfig
                0x0000000008003844       0xcc ./Drivers/STM32L4xx_HAL_Driver/Src/stm32l4xx_hal_tim.o
                0x0000000008003844                TIM_Base_SetConfig
 .text.HAL_TIM_Base_Init
                0x0000000008003910       0x60 ./Drivers/STM32L4xx_HAL_Driver/Src/stm32l4xx_hal_tim.o
                0x0000000008003910                HAL_TIM_Base_Init
 .text.HAL_TIMEx_CommutCallback
                0x0000000008003970        0x2 ./Drivers/STM32L4xx_HAL_Driver/Src/stm32l4xx_hal_tim_ex.o
                0x0000000008003970                HAL_TIMEx_CommutCallback
 .text.HAL_TIMEx_BreakCallback
                0x0000000008003972        0x2 ./Drivers/STM32L4xx_HAL_Driver/Src/stm32l4xx_hal_tim_ex.o
                0x0000000008003972                HAL_TIMEx_BreakCallback
 .text.HAL_TIMEx_Break2Callback
                0x0000000008003974        0x2 ./Drivers/STM32L4xx_HAL_Driver/Src/stm32l4xx_hal_tim_ex.o
                0x0000000008003974                HAL_TIMEx_Break2Callback
 .text.UART_EndRxTransfer
                0x0000000008003976       0x50 ./Drivers/STM32L4xx_HAL_Driver/Src/stm32l4xx_hal_uart.o
 *fill*         0x00000000080039c6        0x2 
 .text.UART_SetConfig
                0x00000000080039c8      0x284 ./Drivers/STM32L4xx_HAL_Driver/Src/stm32l4xx_hal_uart.o
                0x00000000080039c8                UART_SetConfig
 .text.UART_AdvFeatureConfig
                0x0000000008003c4c       0xa8 ./Drivers/STM32L4xx_HAL_Driver/Src/stm32l4xx_hal_uart.o
                0x0000000008003c4c                UART_AdvFeatureConfig
 .text.UART_WaitOnFlagUntilTimeout
                0x0000000008003cf4       0x88 ./Drivers/STM32L4xx_HAL_Driver/Src/stm32l4xx_hal_uart.o
                0x0000000008003cf4                UART_WaitOnFlagUntilTimeout
 .text.UART_CheckIdleState
                0x0000000008003d7c       0xb4 ./Drivers/STM32L4xx_HAL_Driver/Src/stm32l4xx_hal_uart.o
                0x0000000008003d7c                UART_CheckIdleState
 .text.HAL_UART_Init
                0x0000000008003e30       0x5c ./Drivers/STM32L4xx_HAL_Driver/Src/stm32l4xx_hal_uart.o
                0x0000000008003e30                HAL_UART_Init
 .text.SysTick_Handler
                0x0000000008003e8c       0x1a ./Middlewares/Third_Party/FreeRTOS/Source/CMSIS_RTOS_V2/cmsis_os2.o
                0x0000000008003e8c                SysTick_Handler
 *fill*         0x0000000008003ea6        0x2 
 .text.osKernelInitialize
                0x0000000008003ea8       0x24 ./Middlewares/Third_Party/FreeRTOS/Source/CMSIS_RTOS_V2/cmsis_os2.o
                0x0000000008003ea8                osKernelInitialize
 .text.osKernelStart
                0x0000000008003ecc       0x34 ./Middlewares/Third_Party/FreeRTOS/Source/CMSIS_RTOS_V2/cmsis_os2.o
                0x0000000008003ecc                osKernelStart
 .text.osThreadNew
                0x0000000008003f00       0x8e ./Middlewares/Third_Party/FreeRTOS/Source/CMSIS_RTOS_V2/cmsis_os2.o
                0x0000000008003f00                osThreadNew
 .text.osDelay  0x0000000008003f8e       0x18 ./Middlewares/Third_Party/FreeRTOS/Source/CMSIS_RTOS_V2/cmsis_os2.o
                0x0000000008003f8e                osDelay
 *fill*         0x0000000008003fa6        0x2 
 .text.vApplicationGetIdleTaskMemory
                0x0000000008003fa8       0x18 ./Middlewares/Third_Party/FreeRTOS/Source/CMSIS_RTOS_V2/cmsis_os2.o
                0x0000000008003fa8                vApplicationGetIdleTaskMemory
 .text.vApplicationGetTimerTaskMemory
                0x0000000008003fc0       0x18 ./Middlewares/Third_Party/FreeRTOS/Source/CMSIS_RTOS_V2/cmsis_os2.o
                0x0000000008003fc0                vApplicationGetTimerTaskMemory
 .text.vListInitialise
                0x0000000008003fd8       0x16 ./Middlewares/Third_Party/FreeRTOS/Source/list.o
                0x0000000008003fd8                vListInitialise
 .text.vListInitialiseItem
                0x0000000008003fee        0x6 ./Middlewares/Third_Party/FreeRTOS/Source/list.o
                0x0000000008003fee                vListInitialiseItem
 .text.vListInsertEnd
                0x0000000008003ff4       0x18 ./Middlewares/Third_Party/FreeRTOS/Source/list.o
                0x0000000008003ff4                vListInsertEnd
 .text.vListInsert
                0x000000000800400c       0x2e ./Middlewares/Third_Party/FreeRTOS/Source/list.o
                0x000000000800400c                vListInsert
 .text.uxListRemove
                0x000000000800403a       0x20 ./Middlewares/Third_Party/FreeRTOS/Source/list.o
                0x000000000800403a                uxListRemove
 .text.prvIsQueueEmpty
                0x000000000800405a       0x16 ./Middlewares/Third_Party/FreeRTOS/Source/queue.o
 .text.prvCopyDataToQueue
                0x0000000008004070       0x6a ./Middlewares/Third_Party/FreeRTOS/Source/queue.o
 .text.prvCopyDataFromQueue
                0x00000000080040da       0x2c ./Middlewares/Third_Party/FreeRTOS/Source/queue.o
 .text.prvUnlockQueue
                0x0000000008004106       0x70 ./Middlewares/Third_Party/FreeRTOS/Source/queue.o
 .text.xQueueGenericReset
                0x0000000008004176       0x7e ./Middlewares/Third_Party/FreeRTOS/Source/queue.o
                0x0000000008004176                xQueueGenericReset
 .text.xQueueGenericCreateStatic
                0x00000000080041f4       0x9c ./Middlewares/Third_Party/FreeRTOS/Source/queue.o
                0x00000000080041f4                xQueueGenericCreateStatic
 .text.xQueueGenericSend
                0x0000000008004290      0x166 ./Middlewares/Third_Party/FreeRTOS/Source/queue.o
                0x0000000008004290                xQueueGenericSend
 .text.xQueueGenericSendFromISR
                0x00000000080043f6       0xc4 ./Middlewares/Third_Party/FreeRTOS/Source/queue.o
                0x00000000080043f6                xQueueGenericSendFromISR
 .text.xQueueReceive
                0x00000000080044ba      0x13e ./Middlewares/Third_Party/FreeRTOS/Source/queue.o
                0x00000000080044ba                xQueueReceive
 .text.vQueueAddToRegistry
                0x00000000080045f8       0x24 ./Middlewares/Third_Party/FreeRTOS/Source/queue.o
                0x00000000080045f8                vQueueAddToRegistry
 .text.vQueueWaitForMessageRestricted
                0x000000000800461c       0x46 ./Middlewares/Third_Party/FreeRTOS/Source/queue.o
                0x000000000800461c                vQueueWaitForMessageRestricted
 *fill*         0x0000000008004662        0x2 
 .text.prvAddNewTaskToReadyList
                0x0000000008004664      0x100 ./Middlewares/Third_Party/FreeRTOS/Source/tasks.o
 .text.prvAddCurrentTaskToDelayedList
                0x0000000008004764       0x70 ./Middlewares/Third_Party/FreeRTOS/Source/tasks.o
 .text.prvResetNextTaskUnblockTime
                0x00000000080047d4       0x24 ./Middlewares/Third_Party/FreeRTOS/Source/tasks.o
 .text.prvDeleteTCB
                0x00000000080047f8       0x3c ./Middlewares/Third_Party/FreeRTOS/Source/tasks.o
 .text.prvIdleTask
                0x0000000008004834       0x60 ./Middlewares/Third_Party/FreeRTOS/Source/tasks.o
 .text.prvInitialiseNewTask.constprop.0
                0x0000000008004894       0xbc ./Middlewares/Third_Party/FreeRTOS/Source/tasks.o
 .text.xTaskCreateStatic
                0x0000000008004950       0x70 ./Middlewares/Third_Party/FreeRTOS/Source/tasks.o
                0x0000000008004950                xTaskCreateStatic
 .text.xTaskCreate
                0x00000000080049c0       0x5a ./Middlewares/Third_Party/FreeRTOS/Source/tasks.o
                0x00000000080049c0                xTaskCreate
 *fill*         0x0000000008004a1a        0x2 
 .text.vTaskStartScheduler
                0x0000000008004a1c       0xa0 ./Middlewares/Third_Party/FreeRTOS/Source/tasks.o
                0x0000000008004a1c                vTaskStartScheduler
 .text.vTaskSuspendAll
                0x0000000008004abc       0x10 ./Middlewares/Third_Party/FreeRTOS/Source/tasks.o
                0x0000000008004abc                vTaskSuspendAll
 .text.xTaskGetTickCount
                0x0000000008004acc        0xc ./Middlewares/Third_Party/FreeRTOS/Source/tasks.o
                0x0000000008004acc                xTaskGetTickCount
 .text.xTaskIncrementTick
                0x0000000008004ad8      0x12c ./Middlewares/Third_Party/FreeRTOS/Source/tasks.o
                0x0000000008004ad8                xTaskIncrementTick
 .text.xTaskResumeAll
                0x0000000008004c04       0xe8 ./Middlewares/Third_Party/FreeRTOS/Source/tasks.o
                0x0000000008004c04                xTaskResumeAll
 .text.vTaskDelay
                0x0000000008004cec       0x48 ./Middlewares/Third_Party/FreeRTOS/Source/tasks.o
                0x0000000008004cec                vTaskDelay
 .text.vTaskSwitchContext
                0x0000000008004d34       0x80 ./Middlewares/Third_Party/FreeRTOS/Source/tasks.o
                0x0000000008004d34                vTaskSwitchContext
 .text.vTaskPlaceOnEventList
                0x0000000008004db4       0x34 ./Middlewares/Third_Party/FreeRTOS/Source/tasks.o
                0x0000000008004db4                vTaskPlaceOnEventList
 .text.vTaskPlaceOnEventListRestricted
                0x0000000008004de8       0x3c ./Middlewares/Third_Party/FreeRTOS/Source/tasks.o
                0x0000000008004de8                vTaskPlaceOnEventListRestricted
 .text.xTaskRemoveFromEventList
                0x0000000008004e24       0x88 ./Middlewares/Third_Party/FreeRTOS/Source/tasks.o
                0x0000000008004e24                xTaskRemoveFromEventList
 .text.vTaskInternalSetTimeOutState
                0x0000000008004eac       0x18 ./Middlewares/Third_Party/FreeRTOS/Source/tasks.o
                0x0000000008004eac                vTaskInternalSetTimeOutState
 .text.xTaskCheckForTimeOut
                0x0000000008004ec4       0x78 ./Middlewares/Third_Party/FreeRTOS/Source/tasks.o
                0x0000000008004ec4                xTaskCheckForTimeOut
 .text.vTaskMissedYield
                0x0000000008004f3c        0xc ./Middlewares/Third_Party/FreeRTOS/Source/tasks.o
                0x0000000008004f3c                vTaskMissedYield
 .text.xTaskGetSchedulerState
                0x0000000008004f48       0x20 ./Middlewares/Third_Party/FreeRTOS/Source/tasks.o
                0x0000000008004f48                xTaskGetSchedulerState
 .text.xTaskPriorityDisinherit
                0x0000000008004f68       0x88 ./Middlewares/Third_Party/FreeRTOS/Source/tasks.o
                0x0000000008004f68                xTaskPriorityDisinherit
 .text.prvCheckForValidListAndQueue
                0x0000000008004ff0       0x68 ./Middlewares/Third_Party/FreeRTOS/Source/timers.o
 .text.prvInsertTimerInActiveList
                0x0000000008005058       0x3c ./Middlewares/Third_Party/FreeRTOS/Source/timers.o
 .text.xTimerCreateTimerTask
                0x0000000008005094       0x64 ./Middlewares/Third_Party/FreeRTOS/Source/timers.o
                0x0000000008005094                xTimerCreateTimerTask
 .text.xTimerGenericCommand
                0x00000000080050f8       0x58 ./Middlewares/Third_Party/FreeRTOS/Source/timers.o
                0x00000000080050f8                xTimerGenericCommand
 .text.prvSampleTimeNow
                0x0000000008005150       0xac ./Middlewares/Third_Party/FreeRTOS/Source/timers.o
 .text.prvTimerTask
                0x00000000080051fc      0x1cc ./Middlewares/Third_Party/FreeRTOS/Source/timers.o
 .text.prvPortStartFirstTask
                0x00000000080053c8       0x28 ./Middlewares/Third_Party/FreeRTOS/Source/portable/GCC/ARM_CM4F/port.o
 .text.vPortEnableVFP
                0x00000000080053f0       0x14 ./Middlewares/Third_Party/FreeRTOS/Source/portable/GCC/ARM_CM4F/port.o
 .text.prvTaskExitError
                0x0000000008005404       0x40 ./Middlewares/Third_Party/FreeRTOS/Source/portable/GCC/ARM_CM4F/port.o
 .text.pxPortInitialiseStack
                0x0000000008005444       0x2c ./Middlewares/Third_Party/FreeRTOS/Source/portable/GCC/ARM_CM4F/port.o
                0x0000000008005444                pxPortInitialiseStack
 .text.SVC_Handler
                0x0000000008005470       0x24 ./Middlewares/Third_Party/FreeRTOS/Source/portable/GCC/ARM_CM4F/port.o
                0x0000000008005470                SVC_Handler
 .text.vPortEnterCritical
                0x0000000008005494       0x40 ./Middlewares/Third_Party/FreeRTOS/Source/portable/GCC/ARM_CM4F/port.o
                0x0000000008005494                vPortEnterCritical
 .text.vPortExitCritical
                0x00000000080054d4       0x28 ./Middlewares/Third_Party/FreeRTOS/Source/portable/GCC/ARM_CM4F/port.o
                0x00000000080054d4                vPortExitCritical
 *fill*         0x00000000080054fc        0x4 
 .text.PendSV_Handler
                0x0000000008005500       0x64 ./Middlewares/Third_Party/FreeRTOS/Source/portable/GCC/ARM_CM4F/port.o
                0x0000000008005500                PendSV_Handler
 .text.xPortSysTickHandler
                0x0000000008005564       0x2c ./Middlewares/Third_Party/FreeRTOS/Source/portable/GCC/ARM_CM4F/port.o
                0x0000000008005564                xPortSysTickHandler
 .text.vPortSetupTimerInterrupt
                0x0000000008005590       0x24 ./Middlewares/Third_Party/FreeRTOS/Source/portable/GCC/ARM_CM4F/port.o
                0x0000000008005590                vPortSetupTimerInterrupt
 .text.xPortStartScheduler
                0x00000000080055b4      0x10c ./Middlewares/Third_Party/FreeRTOS/Source/portable/GCC/ARM_CM4F/port.o
                0x00000000080055b4                xPortStartScheduler
 .text.vPortValidateInterruptPriority
                0x00000000080056c0       0x5c ./Middlewares/Third_Party/FreeRTOS/Source/portable/GCC/ARM_CM4F/port.o
                0x00000000080056c0                vPortValidateInterruptPriority
 .text.prvInsertBlockIntoFreeList
                0x000000000800571c       0x4c ./Middlewares/Third_Party/FreeRTOS/Source/portable/MemMang/heap_4.o
 .text.pvPortMalloc
                0x0000000008005768      0x130 ./Middlewares/Third_Party/FreeRTOS/Source/portable/MemMang/heap_4.o
                0x0000000008005768                pvPortMalloc
 .text.vPortFree
                0x0000000008005898       0x7c ./Middlewares/Third_Party/FreeRTOS/Source/portable/MemMang/heap_4.o
                0x0000000008005898                vPortFree
 .text.sbrk_aligned
                0x0000000008005914       0x40 /opt/stm32cubeide/plugins/com.st.stm32cube.ide.mcu.externaltools.gnu-tools-for-stm32.11.3.rel1.linux64_1.1.1.202309131626/tools/bin/../lib/gcc/arm-none-eabi/11.3.1/../../../../arm-none-eabi/lib/thumb/v7e-m+fp/hard/libc_nano.a(libc_a-mallocr.o)
 .text._malloc_r
                0x0000000008005954      0x100 /opt/stm32cubeide/plugins/com.st.stm32cube.ide.mcu.externaltools.gnu-tools-for-stm32.11.3.rel1.linux64_1.1.1.202309131626/tools/bin/../lib/gcc/arm-none-eabi/11.3.1/../../../../arm-none-eabi/lib/thumb/v7e-m+fp/hard/libc_nano.a(libc_a-mallocr.o)
                0x0000000008005954                _malloc_r
 .text.__malloc_lock
                0x0000000008005a54        0xc /opt/stm32cubeide/plugins/com.st.stm32cube.ide.mcu.externaltools.gnu-tools-for-stm32.11.3.rel1.linux64_1.1.1.202309131626/tools/bin/../lib/gcc/arm-none-eabi/11.3.1/../../../../arm-none-eabi/lib/thumb/v7e-m+fp/hard/libc_nano.a(libc_a-mlock.o)
                0x0000000008005a54                __malloc_lock
 .text.__malloc_unlock
                0x0000000008005a60        0xc /opt/stm32cubeide/plugins/com.st.stm32cube.ide.mcu.externaltools.gnu-tools-for-stm32.11.3.rel1.linux64_1.1.1.202309131626/tools/bin/../lib/gcc/arm-none-eabi/11.3.1/../../../../arm-none-eabi/lib/thumb/v7e-m+fp/hard/libc_nano.a(libc_a-mlock.o)
                0x0000000008005a60                __malloc_unlock
 .text.std      0x0000000008005a6c       0x6c /opt/stm32cubeide/plugins/com.st.stm32cube.ide.mcu.externaltools.gnu-tools-for-stm32.11.3.rel1.linux64_1.1.1.202309131626/tools/bin/../lib/gcc/arm-none-eabi/11.3.1/../../../../arm-none-eabi/lib/thumb/v7e-m+fp/hard/libc_nano.a(libc_a-findfp.o)
 .text.stdio_exit_handler
                0x0000000008005ad8       0x18 /opt/stm32cubeide/plugins/com.st.stm32cube.ide.mcu.externaltools.gnu-tools-for-stm32.11.3.rel1.linux64_1.1.1.202309131626/tools/bin/../lib/gcc/arm-none-eabi/11.3.1/../../../../arm-none-eabi/lib/thumb/v7e-m+fp/hard/libc_nano.a(libc_a-findfp.o)
 .text.cleanup_stdio
                0x0000000008005af0       0x40 /opt/stm32cubeide/plugins/com.st.stm32cube.ide.mcu.externaltools.gnu-tools-for-stm32.11.3.rel1.linux64_1.1.1.202309131626/tools/bin/../lib/gcc/arm-none-eabi/11.3.1/../../../../arm-none-eabi/lib/thumb/v7e-m+fp/hard/libc_nano.a(libc_a-findfp.o)
 .text.global_stdio_init.part.0
                0x0000000008005b30       0x3c /opt/stm32cubeide/plugins/com.st.stm32cube.ide.mcu.externaltools.gnu-tools-for-stm32.11.3.rel1.linux64_1.1.1.202309131626/tools/bin/../lib/gcc/arm-none-eabi/11.3.1/../../../../arm-none-eabi/lib/thumb/v7e-m+fp/hard/libc_nano.a(libc_a-findfp.o)
 .text.__sfp_lock_acquire
                0x0000000008005b6c        0xc /opt/stm32cubeide/plugins/com.st.stm32cube.ide.mcu.externaltools.gnu-tools-for-stm32.11.3.rel1.linux64_1.1.1.202309131626/tools/bin/../lib/gcc/arm-none-eabi/11.3.1/../../../../arm-none-eabi/lib/thumb/v7e-m+fp/hard/libc_nano.a(libc_a-findfp.o)
                0x0000000008005b6c                __sfp_lock_acquire
 .text.__sfp_lock_release
                0x0000000008005b78        0xc /opt/stm32cubeide/plugins/com.st.stm32cube.ide.mcu.externaltools.gnu-tools-for-stm32.11.3.rel1.linux64_1.1.1.202309131626/tools/bin/../lib/gcc/arm-none-eabi/11.3.1/../../../../arm-none-eabi/lib/thumb/v7e-m+fp/hard/libc_nano.a(libc_a-findfp.o)
                0x0000000008005b78                __sfp_lock_release
 .text.__sinit  0x0000000008005b84       0x30 /opt/stm32cubeide/plugins/com.st.stm32cube.ide.mcu.externaltools.gnu-tools-for-stm32.11.3.rel1.linux64_1.1.1.202309131626/tools/bin/../lib/gcc/arm-none-eabi/11.3.1/../../../../arm-none-eabi/lib/thumb/v7e-m+fp/hard/libc_nano.a(libc_a-findfp.o)
                0x0000000008005b84                __sinit
 .text._fwalk_sglue
                0x0000000008005bb4       0x3c /opt/stm32cubeide/plugins/com.st.stm32cube.ide.mcu.externaltools.gnu-tools-for-stm32.11.3.rel1.linux64_1.1.1.202309131626/tools/bin/../lib/gcc/arm-none-eabi/11.3.1/../../../../arm-none-eabi/lib/thumb/v7e-m+fp/hard/libc_nano.a(libc_a-fwalk.o)
                0x0000000008005bb4                _fwalk_sglue
 .text.printf   0x0000000008005bf0       0x24 /opt/stm32cubeide/plugins/com.st.stm32cube.ide.mcu.externaltools.gnu-tools-for-stm32.11.3.rel1.linux64_1.1.1.202309131626/tools/bin/../lib/gcc/arm-none-eabi/11.3.1/../../../../arm-none-eabi/lib/thumb/v7e-m+fp/hard/libc_nano.a(libc_a-printf.o)
                0x0000000008005bf0                printf
                0x0000000008005bf0                iprintf
 .text._puts_r  0x0000000008005c14       0xa8 /opt/stm32cubeide/plugins/com.st.stm32cube.ide.mcu.externaltools.gnu-tools-for-stm32.11.3.rel1.linux64_1.1.1.202309131626/tools/bin/../lib/gcc/arm-none-eabi/11.3.1/../../../../arm-none-eabi/lib/thumb/v7e-m+fp/hard/libc_nano.a(libc_a-puts.o)
                0x0000000008005c14                _puts_r
 .text.puts     0x0000000008005cbc       0x10 /opt/stm32cubeide/plugins/com.st.stm32cube.ide.mcu.externaltools.gnu-tools-for-stm32.11.3.rel1.linux64_1.1.1.202309131626/tools/bin/../lib/gcc/arm-none-eabi/11.3.1/../../../../arm-none-eabi/lib/thumb/v7e-m+fp/hard/libc_nano.a(libc_a-puts.o)
                0x0000000008005cbc                puts
 .text.__sread  0x0000000008005ccc       0x22 /opt/stm32cubeide/plugins/com.st.stm32cube.ide.mcu.externaltools.gnu-tools-for-stm32.11.3.rel1.linux64_1.1.1.202309131626/tools/bin/../lib/gcc/arm-none-eabi/11.3.1/../../../../arm-none-eabi/lib/thumb/v7e-m+fp/hard/libc_nano.a(libc_a-stdio.o)
                0x0000000008005ccc                __sread
 .text.__swrite
                0x0000000008005cee       0x38 /opt/stm32cubeide/plugins/com.st.stm32cube.ide.mcu.externaltools.gnu-tools-for-stm32.11.3.rel1.linux64_1.1.1.202309131626/tools/bin/../lib/gcc/arm-none-eabi/11.3.1/../../../../arm-none-eabi/lib/thumb/v7e-m+fp/hard/libc_nano.a(libc_a-stdio.o)
                0x0000000008005cee                __swrite
 .text.__sseek  0x0000000008005d26       0x24 /opt/stm32cubeide/plugins/com.st.stm32cube.ide.mcu.externaltools.gnu-tools-for-stm32.11.3.rel1.linux64_1.1.1.202309131626/tools/bin/../lib/gcc/arm-none-eabi/11.3.1/../../../../arm-none-eabi/lib/thumb/v7e-m+fp/hard/libc_nano.a(libc_a-stdio.o)
                0x0000000008005d26                __sseek
 .text.__sclose
                0x0000000008005d4a        0x8 /opt/stm32cubeide/plugins/com.st.stm32cube.ide.mcu.externaltools.gnu-tools-for-stm32.11.3.rel1.linux64_1.1.1.202309131626/tools/bin/../lib/gcc/arm-none-eabi/11.3.1/../../../../arm-none-eabi/lib/thumb/v7e-m+fp/hard/libc_nano.a(libc_a-stdio.o)
                0x0000000008005d4a                __sclose
 .text.__swbuf_r
                0x0000000008005d52       0x7a /opt/stm32cubeide/plugins/com.st.stm32cube.ide.mcu.externaltools.gnu-tools-for-stm32.11.3.rel1.linux64_1.1.1.202309131626/tools/bin/../lib/gcc/arm-none-eabi/11.3.1/../../../../arm-none-eabi/lib/thumb/v7e-m+fp/hard/libc_nano.a(libc_a-wbuf.o)
                0x0000000008005d52                __swbuf_r
 .text.__swsetup_r
                0x0000000008005dcc       0xb0 /opt/stm32cubeide/plugins/com.st.stm32cube.ide.mcu.externaltools.gnu-tools-for-stm32.11.3.rel1.linux64_1.1.1.202309131626/tools/bin/../lib/gcc/arm-none-eabi/11.3.1/../../../../arm-none-eabi/lib/thumb/v7e-m+fp/hard/libc_nano.a(libc_a-wsetup.o)
                0x0000000008005dcc                __swsetup_r
 .text.memset   0x0000000008005e7c       0x10 /opt/stm32cubeide/plugins/com.st.stm32cube.ide.mcu.externaltools.gnu-tools-for-stm32.11.3.rel1.linux64_1.1.1.202309131626/tools/bin/../lib/gcc/arm-none-eabi/11.3.1/../../../../arm-none-eabi/lib/thumb/v7e-m+fp/hard/libc_nano.a(libc_a-memset.o)
                0x0000000008005e7c                memset
 .text._close_r
                0x0000000008005e8c       0x20 /opt/stm32cubeide/plugins/com.st.stm32cube.ide.mcu.externaltools.gnu-tools-for-stm32.11.3.rel1.linux64_1.1.1.202309131626/tools/bin/../lib/gcc/arm-none-eabi/11.3.1/../../../../arm-none-eabi/lib/thumb/v7e-m+fp/hard/libc_nano.a(libc_a-closer.o)
                0x0000000008005e8c                _close_r
 .text._reclaim_reent
                0x0000000008005eac       0xac /opt/stm32cubeide/plugins/com.st.stm32cube.ide.mcu.externaltools.gnu-tools-for-stm32.11.3.rel1.linux64_1.1.1.202309131626/tools/bin/../lib/gcc/arm-none-eabi/11.3.1/../../../../arm-none-eabi/lib/thumb/v7e-m+fp/hard/libc_nano.a(libc_a-reent.o)
                0x0000000008005eac                _reclaim_reent
 .text._lseek_r
                0x0000000008005f58       0x24 /opt/stm32cubeide/plugins/com.st.stm32cube.ide.mcu.externaltools.gnu-tools-for-stm32.11.3.rel1.linux64_1.1.1.202309131626/tools/bin/../lib/gcc/arm-none-eabi/11.3.1/../../../../arm-none-eabi/lib/thumb/v7e-m+fp/hard/libc_nano.a(libc_a-lseekr.o)
                0x0000000008005f58                _lseek_r
 .text._read_r  0x0000000008005f7c       0x24 /opt/stm32cubeide/plugins/com.st.stm32cube.ide.mcu.externaltools.gnu-tools-for-stm32.11.3.rel1.linux64_1.1.1.202309131626/tools/bin/../lib/gcc/arm-none-eabi/11.3.1/../../../../arm-none-eabi/lib/thumb/v7e-m+fp/hard/libc_nano.a(libc_a-readr.o)
                0x0000000008005f7c                _read_r
 .text._sbrk_r  0x0000000008005fa0       0x20 /opt/stm32cubeide/plugins/com.st.stm32cube.ide.mcu.externaltools.gnu-tools-for-stm32.11.3.rel1.linux64_1.1.1.202309131626/tools/bin/../lib/gcc/arm-none-eabi/11.3.1/../../../../arm-none-eabi/lib/thumb/v7e-m+fp/hard/libc_nano.a(libc_a-sbrkr.o)
                0x0000000008005fa0                _sbrk_r
 .text._write_r
                0x0000000008005fc0       0x24 /opt/stm32cubeide/plugins/com.st.stm32cube.ide.mcu.externaltools.gnu-tools-for-stm32.11.3.rel1.linux64_1.1.1.202309131626/tools/bin/../lib/gcc/arm-none-eabi/11.3.1/../../../../arm-none-eabi/lib/thumb/v7e-m+fp/hard/libc_nano.a(libc_a-writer.o)
                0x0000000008005fc0                _write_r
 .text.__errno  0x0000000008005fe4        0xc /opt/stm32cubeide/plugins/com.st.stm32cube.ide.mcu.externaltools.gnu-tools-for-stm32.11.3.rel1.linux64_1.1.1.202309131626/tools/bin/../lib/gcc/arm-none-eabi/11.3.1/../../../../arm-none-eabi/lib/thumb/v7e-m+fp/hard/libc_nano.a(libc_a-errno.o)
                0x0000000008005fe4                __errno
 .text.__libc_init_array
                0x0000000008005ff0       0x48 /opt/stm32cubeide/plugins/com.st.stm32cube.ide.mcu.externaltools.gnu-tools-for-stm32.11.3.rel1.linux64_1.1.1.202309131626/tools/bin/../lib/gcc/arm-none-eabi/11.3.1/../../../../arm-none-eabi/lib/thumb/v7e-m+fp/hard/libc_nano.a(libc_a-init.o)
                0x0000000008005ff0                __libc_init_array
 .text.__retarget_lock_init_recursive
                0x0000000008006038        0x2 /opt/stm32cubeide/plugins/com.st.stm32cube.ide.mcu.externaltools.gnu-tools-for-stm32.11.3.rel1.linux64_1.1.1.202309131626/tools/bin/../lib/gcc/arm-none-eabi/11.3.1/../../../../arm-none-eabi/lib/thumb/v7e-m+fp/hard/libc_nano.a(libc_a-lock.o)
                0x0000000008006038                __retarget_lock_init_recursive
 .text.__retarget_lock_acquire_recursive
                0x000000000800603a        0x2 /opt/stm32cubeide/plugins/com.st.stm32cube.ide.mcu.externaltools.gnu-tools-for-stm32.11.3.rel1.linux64_1.1.1.202309131626/tools/bin/../lib/gcc/arm-none-eabi/11.3.1/../../../../arm-none-eabi/lib/thumb/v7e-m+fp/hard/libc_nano.a(libc_a-lock.o)
                0x000000000800603a                __retarget_lock_acquire_recursive
 .text.__retarget_lock_release_recursive
                0x000000000800603c        0x2 /opt/stm32cubeide/plugins/com.st.stm32cube.ide.mcu.externaltools.gnu-tools-for-stm32.11.3.rel1.linux64_1.1.1.202309131626/tools/bin/../lib/gcc/arm-none-eabi/11.3.1/../../../../arm-none-eabi/lib/thumb/v7e-m+fp/hard/libc_nano.a(libc_a-lock.o)
                0x000000000800603c                __retarget_lock_release_recursive
 .text.memcpy   0x000000000800603e       0x1c /opt/stm32cubeide/plugins/com.st.stm32cube.ide.mcu.externaltools.gnu-tools-for-stm32.11.3.rel1.linux64_1.1.1.202309131626/tools/bin/../lib/gcc/arm-none-eabi/11.3.1/../../../../arm-none-eabi/lib/thumb/v7e-m+fp/hard/libc_nano.a(libc_a-memcpy-stub.o)
                0x000000000800603e                memcpy
 *fill*         0x000000000800605a        0x2 
 .text._free_r  0x000000000800605c       0x98 /opt/stm32cubeide/plugins/com.st.stm32cube.ide.mcu.externaltools.gnu-tools-for-stm32.11.3.rel1.linux64_1.1.1.202309131626/tools/bin/../lib/gcc/arm-none-eabi/11.3.1/../../../../arm-none-eabi/lib/thumb/v7e-m+fp/hard/libc_nano.a(libc_a-freer.o)
                0x000000000800605c                _free_r
 .text.__sfputc_r
                0x00000000080060f4       0x2e /opt/stm32cubeide/plugins/com.st.stm32cube.ide.mcu.externaltools.gnu-tools-for-stm32.11.3.rel1.linux64_1.1.1.202309131626/tools/bin/../lib/gcc/arm-none-eabi/11.3.1/../../../../arm-none-eabi/lib/thumb/v7e-m+fp/hard/libc_nano.a(libc_a-nano-vfprintf.o)
 .text.__sfputs_r
                0x0000000008006122       0x24 /opt/stm32cubeide/plugins/com.st.stm32cube.ide.mcu.externaltools.gnu-tools-for-stm32.11.3.rel1.linux64_1.1.1.202309131626/tools/bin/../lib/gcc/arm-none-eabi/11.3.1/../../../../arm-none-eabi/lib/thumb/v7e-m+fp/hard/libc_nano.a(libc_a-nano-vfprintf.o)
                0x0000000008006122                __sfputs_r
 *fill*         0x0000000008006146        0x2 
 .text._vfprintf_r
                0x0000000008006148      0x234 /opt/stm32cubeide/plugins/com.st.stm32cube.ide.mcu.externaltools.gnu-tools-for-stm32.11.3.rel1.linux64_1.1.1.202309131626/tools/bin/../lib/gcc/arm-none-eabi/11.3.1/../../../../arm-none-eabi/lib/thumb/v7e-m+fp/hard/libc_nano.a(libc_a-nano-vfprintf.o)
                0x0000000008006148                _vfiprintf_r
                0x0000000008006148                _vfprintf_r
 .text._printf_common
                0x000000000800637c       0xda /opt/stm32cubeide/plugins/com.st.stm32cube.ide.mcu.externaltools.gnu-tools-for-stm32.11.3.rel1.linux64_1.1.1.202309131626/tools/bin/../lib/gcc/arm-none-eabi/11.3.1/../../../../arm-none-eabi/lib/thumb/v7e-m+fp/hard/libc_nano.a(libc_a-nano-vfprintf_i.o)
                0x000000000800637c                _printf_common
 *fill*         0x0000000008006456        0x2 
 .text._printf_i
                0x0000000008006458      0x244 /opt/stm32cubeide/plugins/com.st.stm32cube.ide.mcu.externaltools.gnu-tools-for-stm32.11.3.rel1.linux64_1.1.1.202309131626/tools/bin/../lib/gcc/arm-none-eabi/11.3.1/../../../../arm-none-eabi/lib/thumb/v7e-m+fp/hard/libc_nano.a(libc_a-nano-vfprintf_i.o)
                0x0000000008006458                _printf_i
 .text.__sflush_r
                0x000000000800669c      0x10c /opt/stm32cubeide/plugins/com.st.stm32cube.ide.mcu.externaltools.gnu-tools-for-stm32.11.3.rel1.linux64_1.1.1.202309131626/tools/bin/../lib/gcc/arm-none-eabi/11.3.1/../../../../arm-none-eabi/lib/thumb/v7e-m+fp/hard/libc_nano.a(libc_a-fflush.o)
                0x000000000800669c                __sflush_r
 .text._fflush_r
                0x00000000080067a8       0x50 /opt/stm32cubeide/plugins/com.st.stm32cube.ide.mcu.externaltools.gnu-tools-for-stm32.11.3.rel1.linux64_1.1.1.202309131626/tools/bin/../lib/gcc/arm-none-eabi/11.3.1/../../../../arm-none-eabi/lib/thumb/v7e-m+fp/hard/libc_nano.a(libc_a-fflush.o)
                0x00000000080067a8                _fflush_r
 .text.__swhatbuf_r
                0x00000000080067f8       0x4c /opt/stm32cubeide/plugins/com.st.stm32cube.ide.mcu.externaltools.gnu-tools-for-stm32.11.3.rel1.linux64_1.1.1.202309131626/tools/bin/../lib/gcc/arm-none-eabi/11.3.1/../../../../arm-none-eabi/lib/thumb/v7e-m+fp/hard/libc_nano.a(libc_a-makebuf.o)
                0x00000000080067f8                __swhatbuf_r
 .text.__smakebuf_r
                0x0000000008006844       0x78 /opt/stm32cubeide/plugins/com.st.stm32cube.ide.mcu.externaltools.gnu-tools-for-stm32.11.3.rel1.linux64_1.1.1.202309131626/tools/bin/../lib/gcc/arm-none-eabi/11.3.1/../../../../arm-none-eabi/lib/thumb/v7e-m+fp/hard/libc_nano.a(libc_a-makebuf.o)
                0x0000000008006844                __smakebuf_r
 .text._fstat_r
                0x00000000080068bc       0x24 /opt/stm32cubeide/plugins/com.st.stm32cube.ide.mcu.externaltools.gnu-tools-for-stm32.11.3.rel1.linux64_1.1.1.202309131626/tools/bin/../lib/gcc/arm-none-eabi/11.3.1/../../../../arm-none-eabi/lib/thumb/v7e-m+fp/hard/libc_nano.a(libc_a-fstatr.o)
                0x00000000080068bc                _fstat_r
 .text._isatty_r
                0x00000000080068e0       0x20 /opt/stm32cubeide/plugins/com.st.stm32cube.ide.mcu.externaltools.gnu-tools-for-stm32.11.3.rel1.linux64_1.1.1.202309131626/tools/bin/../lib/gcc/arm-none-eabi/11.3.1/../../../../arm-none-eabi/lib/thumb/v7e-m+fp/hard/libc_nano.a(libc_a-isattyr.o)
                0x00000000080068e0                _isatty_r
 *(.glue_7)
 .glue_7        0x0000000008006900        0x0 linker stubs
 *(.glue_7t)
 .glue_7t       0x0000000008006900        0x0 linker stubs
 *(.eh_frame)
 .eh_frame      0x0000000008006900        0x0 /opt/stm32cubeide/plugins/com.st.stm32cube.ide.mcu.externaltools.gnu-tools-for-stm32.11.3.rel1.linux64_1.1.1.202309131626/tools/bin/../lib/gcc/arm-none-eabi/11.3.1/thumb/v7e-m+fp/hard/crtbegin.o
 *(.init)
 .init          0x0000000008006900        0x4 /opt/stm32cubeide/plugins/com.st.stm32cube.ide.mcu.externaltools.gnu-tools-for-stm32.11.3.rel1.linux64_1.1.1.202309131626/tools/bin/../lib/gcc/arm-none-eabi/11.3.1/thumb/v7e-m+fp/hard/crti.o
                0x0000000008006900                _init
 .init          0x0000000008006904        0x8 /opt/stm32cubeide/plugins/com.st.stm32cube.ide.mcu.externaltools.gnu-tools-for-stm32.11.3.rel1.linux64_1.1.1.202309131626/tools/bin/../lib/gcc/arm-none-eabi/11.3.1/thumb/v7e-m+fp/hard/crtn.o
 *(.fini)
 .fini          0x000000000800690c        0x4 /opt/stm32cubeide/plugins/com.st.stm32cube.ide.mcu.externaltools.gnu-tools-for-stm32.11.3.rel1.linux64_1.1.1.202309131626/tools/bin/../lib/gcc/arm-none-eabi/11.3.1/thumb/v7e-m+fp/hard/crti.o
                0x000000000800690c                _fini
 .fini          0x0000000008006910        0x8 /opt/stm32cubeide/plugins/com.st.stm32cube.ide.mcu.externaltools.gnu-tools-for-stm32.11.3.rel1.linux64_1.1.1.202309131626/tools/bin/../lib/gcc/arm-none-eabi/11.3.1/thumb/v7e-m+fp/hard/crtn.o
                0x0000000008006918                . = ALIGN (0x4)
                0x0000000008006918                _etext = .

.vfp11_veneer   0x0000000008006918        0x0
 .vfp11_veneer  0x0000000008006918        0x0 linker stubs

.v4_bx          0x0000000008006918        0x0
 .v4_bx         0x0000000008006918        0x0 linker stubs

.iplt           0x0000000008006918        0x0
 .iplt          0x0000000008006918        0x0 /opt/stm32cubeide/plugins/com.st.stm32cube.ide.mcu.externaltools.gnu-tools-for-stm32.11.3.rel1.linux64_1.1.1.202309131626/tools/bin/../lib/gcc/arm-none-eabi/11.3.1/thumb/v7e-m+fp/hard/crtbegin.o

.rodata         0x0000000008006918      0xb98
                0x0000000008006918                . = ALIGN (0x4)
 *(.rodata)
 *(.rodata*)
 .rodata.mpu6050_interface_receive_callback.str1.1
                0x0000000008006918       0x8e ./Core/Inc/spatial-lib/lib/mpu6050/interface/driver_mpu6050_interface.o
 .rodata.mpu6050_dmp_load_firmware.str1.1
                0x00000000080069a6       0x93 ./Core/Inc/spatial-lib/lib/mpu6050/src/driver_mpu6050.o
 .rodata.mpu6050_dmp_set_accel_bias.str1.1
                0x0000000008006a39       0x2c ./Core/Inc/spatial-lib/lib/mpu6050/src/driver_mpu6050.o
 .rodata.mpu6050_dmp_read.str1.1
                0x0000000008006a65      0x10d ./Core/Inc/spatial-lib/lib/mpu6050/src/driver_mpu6050.o
 .rodata.mpu6050_dmp_set_enable.str1.1
                0x0000000008006b72       0x43 ./Core/Inc/spatial-lib/lib/mpu6050/src/driver_mpu6050.o
 .rodata.mpu6050_init.str1.1
                0x0000000008006bb5      0x164 ./Core/Inc/spatial-lib/lib/mpu6050/src/driver_mpu6050.o
 .rodata.mpu6050_deinit.str1.1
                0x0000000008006d19       0x1d ./Core/Inc/spatial-lib/lib/mpu6050/src/driver_mpu6050.o
 .rodata.mpu6050_read.str1.1
                0x0000000008006d36       0x5b ./Core/Inc/spatial-lib/lib/mpu6050/src/driver_mpu6050.o
 .rodata.mpu6050_device_reset.str1.1
                0x0000000008006d91       0x55 ./Core/Inc/spatial-lib/lib/mpu6050/src/driver_mpu6050.o
 .rodata.mpu6050_set_standby_mode.str1.1
                0x0000000008006de6       0x55 ./Core/Inc/spatial-lib/lib/mpu6050/src/driver_mpu6050.o
 .rodata.mpu6050_set_sample_rate_divider.str1.1
                0x0000000008006e3b       0x22 ./Core/Inc/spatial-lib/lib/mpu6050/src/driver_mpu6050.o
 .rodata.mpu6050_set_extern_sync.str1.1
                0x0000000008006e5d       0x3d ./Core/Inc/spatial-lib/lib/mpu6050/src/driver_mpu6050.o
 .rodata.mpu6050_set_gyroscope_test.str1.1
                0x0000000008006e9a       0x51 ./Core/Inc/spatial-lib/lib/mpu6050/src/driver_mpu6050.o
 .rodata.mpu6050_set_accelerometer_test.str1.1
                0x0000000008006eeb       0x2d ./Core/Inc/spatial-lib/lib/mpu6050/src/driver_mpu6050.o
 .rodata.mpu6050_set_fifo_enable.str1.1
                0x0000000008006f18       0x55 ./Core/Inc/spatial-lib/lib/mpu6050/src/driver_mpu6050.o
 .rodata.mpu6050_set_interrupt_level.str1.1
                0x0000000008006f6d       0x4b ./Core/Inc/spatial-lib/lib/mpu6050/src/driver_mpu6050.o
 .rodata.mpu6050_set_interrupt.str1.1
                0x0000000008006fb8       0x51 ./Core/Inc/spatial-lib/lib/mpu6050/src/driver_mpu6050.o
 .rodata.mpu6050_basic_init.str1.1
                0x0000000008007009      0x3ae ./Core/Inc/spatial-lib/src/accel_mpu6050.o
 .rodata.StartDefaultTask.str1.1
                0x00000000080073b7       0x15 ./Core/Src/main.o
 .rodata.main.str1.1
                0x00000000080073cc       0x13 ./Core/Src/main.o
 .rodata.str1.1
                0x00000000080073df        0xc ./Core/Src/main.o
 *fill*         0x00000000080073eb        0x1 
 .rodata.defaultTask_attributes
                0x00000000080073ec       0x24 ./Core/Src/main.o
                0x00000000080073ec                defaultTask_attributes
 .rodata.AHBPrescTable
                0x0000000008007410       0x10 ./Core/Src/system_stm32l4xx.o
                0x0000000008007410                AHBPrescTable
 .rodata.APBPrescTable
                0x0000000008007420        0x8 ./Core/Src/system_stm32l4xx.o
                0x0000000008007420                APBPrescTable
 .rodata.MSIRangeTable
                0x0000000008007428       0x30 ./Core/Src/system_stm32l4xx.o
                0x0000000008007428                MSIRangeTable
 .rodata.CSWTCH.53
                0x0000000008007458        0x3 ./Drivers/STM32L4xx_HAL_Driver/Src/stm32l4xx_hal_uart.o
 .rodata.CSWTCH.54
                0x000000000800745b        0xd ./Drivers/STM32L4xx_HAL_Driver/Src/stm32l4xx_hal_uart.o
 .rodata.vTaskStartScheduler.str1.1
                0x0000000008007468        0x5 ./Middlewares/Third_Party/FreeRTOS/Source/tasks.o
 .rodata.prvCheckForValidListAndQueue.str1.1
                0x000000000800746d        0x5 ./Middlewares/Third_Party/FreeRTOS/Source/timers.o
 .rodata.xTimerCreateTimerTask.str1.1
                0x0000000008007472        0x8 ./Middlewares/Third_Party/FreeRTOS/Source/timers.o
 .rodata._vfprintf_r.str1.1
                0x000000000800747a       0x11 /opt/stm32cubeide/plugins/com.st.stm32cube.ide.mcu.externaltools.gnu-tools-for-stm32.11.3.rel1.linux64_1.1.1.202309131626/tools/bin/../lib/gcc/arm-none-eabi/11.3.1/../../../../arm-none-eabi/lib/thumb/v7e-m+fp/hard/libc_nano.a(libc_a-nano-vfprintf.o)
 .rodata._printf_i.str1.1
                0x000000000800748b       0x22 /opt/stm32cubeide/plugins/com.st.stm32cube.ide.mcu.externaltools.gnu-tools-for-stm32.11.3.rel1.linux64_1.1.1.202309131626/tools/bin/../lib/gcc/arm-none-eabi/11.3.1/../../../../arm-none-eabi/lib/thumb/v7e-m+fp/hard/libc_nano.a(libc_a-nano-vfprintf_i.o)
                0x00000000080074b0                . = ALIGN (0x4)
 *fill*         0x00000000080074ad        0x3 

.ARM.extab      0x00000000080074b0        0x0
                0x00000000080074b0                . = ALIGN (0x4)
 *(.ARM.extab* .gnu.linkonce.armextab.*)
                0x00000000080074b0                . = ALIGN (0x4)

.ARM            0x00000000080074b0        0x8
                0x00000000080074b0                . = ALIGN (0x4)
                0x00000000080074b0                __exidx_start = .
 *(.ARM.exidx*)
 .ARM.exidx     0x00000000080074b0        0x8 /opt/stm32cubeide/plugins/com.st.stm32cube.ide.mcu.externaltools.gnu-tools-for-stm32.11.3.rel1.linux64_1.1.1.202309131626/tools/bin/../lib/gcc/arm-none-eabi/11.3.1/thumb/v7e-m+fp/hard/libgcc.a(_udivmoddi4.o)
                0x00000000080074b8                __exidx_end = .
                0x00000000080074b8                . = ALIGN (0x4)

.rel.dyn        0x00000000080074b8        0x0
 .rel.iplt      0x00000000080074b8        0x0 /opt/stm32cubeide/plugins/com.st.stm32cube.ide.mcu.externaltools.gnu-tools-for-stm32.11.3.rel1.linux64_1.1.1.202309131626/tools/bin/../lib/gcc/arm-none-eabi/11.3.1/thumb/v7e-m+fp/hard/crtbegin.o

.preinit_array  0x00000000080074b8        0x0
                0x00000000080074b8                . = ALIGN (0x4)
                0x00000000080074b8                PROVIDE (__preinit_array_start = .)
 *(.preinit_array*)
                0x00000000080074b8                PROVIDE (__preinit_array_end = .)
                0x00000000080074b8                . = ALIGN (0x4)

.init_array     0x00000000080074b8        0x4
                0x00000000080074b8                . = ALIGN (0x4)
                0x00000000080074b8                PROVIDE (__init_array_start = .)
 *(SORT_BY_NAME(.init_array.*))
 *(.init_array*)
 .init_array    0x00000000080074b8        0x4 /opt/stm32cubeide/plugins/com.st.stm32cube.ide.mcu.externaltools.gnu-tools-for-stm32.11.3.rel1.linux64_1.1.1.202309131626/tools/bin/../lib/gcc/arm-none-eabi/11.3.1/thumb/v7e-m+fp/hard/crtbegin.o
                0x00000000080074bc                PROVIDE (__init_array_end = .)
                0x00000000080074bc                . = ALIGN (0x4)

.fini_array     0x00000000080074bc        0x4
                0x00000000080074bc                . = ALIGN (0x4)
                [!provide]                        PROVIDE (__fini_array_start = .)
 *(SORT_BY_NAME(.fini_array.*))
 *(.fini_array*)
 .fini_array    0x00000000080074bc        0x4 /opt/stm32cubeide/plugins/com.st.stm32cube.ide.mcu.externaltools.gnu-tools-for-stm32.11.3.rel1.linux64_1.1.1.202309131626/tools/bin/../lib/gcc/arm-none-eabi/11.3.1/thumb/v7e-m+fp/hard/crtbegin.o
                [!provide]                        PROVIDE (__fini_array_end = .)
                0x00000000080074c0                . = ALIGN (0x4)
                0x00000000080074c0                _sidata = LOADADDR (.data)

.data           0x0000000020000000       0x6c load address 0x00000000080074c0
                0x0000000020000000                . = ALIGN (0x4)
                0x0000000020000000                _sdata = .
 *(.data)
 *(.data*)
 .data.SystemCoreClock
                0x0000000020000000        0x4 ./Core/Src/system_stm32l4xx.o
                0x0000000020000000                SystemCoreClock
 .data.uwTickFreq
                0x0000000020000004        0x1 ./Drivers/STM32L4xx_HAL_Driver/Src/stm32l4xx_hal.o
                0x0000000020000004                uwTickFreq
 *fill*         0x0000000020000005        0x3 
 .data.uwTickPrio
                0x0000000020000008        0x4 ./Drivers/STM32L4xx_HAL_Driver/Src/stm32l4xx_hal.o
                0x0000000020000008                uwTickPrio
 .data.uxCriticalNesting
                0x000000002000000c        0x4 ./Middlewares/Third_Party/FreeRTOS/Source/portable/GCC/ARM_CM4F/port.o
 .data.__sglue  0x0000000020000010        0xc /opt/stm32cubeide/plugins/com.st.stm32cube.ide.mcu.externaltools.gnu-tools-for-stm32.11.3.rel1.linux64_1.1.1.202309131626/tools/bin/../lib/gcc/arm-none-eabi/11.3.1/../../../../arm-none-eabi/lib/thumb/v7e-m+fp/hard/libc_nano.a(libc_a-findfp.o)
                0x0000000020000010                __sglue
 .data._impure_data
                0x000000002000001c       0x4c /opt/stm32cubeide/plugins/com.st.stm32cube.ide.mcu.externaltools.gnu-tools-for-stm32.11.3.rel1.linux64_1.1.1.202309131626/tools/bin/../lib/gcc/arm-none-eabi/11.3.1/../../../../arm-none-eabi/lib/thumb/v7e-m+fp/hard/libc_nano.a(libc_a-impure.o)
                0x000000002000001c                _impure_data
 .data._impure_ptr
                0x0000000020000068        0x4 /opt/stm32cubeide/plugins/com.st.stm32cube.ide.mcu.externaltools.gnu-tools-for-stm32.11.3.rel1.linux64_1.1.1.202309131626/tools/bin/../lib/gcc/arm-none-eabi/11.3.1/../../../../arm-none-eabi/lib/thumb/v7e-m+fp/hard/libc_nano.a(libc_a-impure.o)
                0x0000000020000068                _impure_ptr
 *(.RamFunc)
 *(.RamFunc*)
                0x000000002000006c                . = ALIGN (0x4)
                0x000000002000006c                _edata = .

.igot.plt       0x000000002000006c        0x0 load address 0x000000000800752c
 .igot.plt      0x000000002000006c        0x0 /opt/stm32cubeide/plugins/com.st.stm32cube.ide.mcu.externaltools.gnu-tools-for-stm32.11.3.rel1.linux64_1.1.1.202309131626/tools/bin/../lib/gcc/arm-none-eabi/11.3.1/thumb/v7e-m+fp/hard/crtbegin.o
                0x000000002000006c                . = ALIGN (0x4)

.bss            0x000000002000006c     0x206c load address 0x000000000800752c
                0x000000002000006c                _sbss = .
                0x000000002000006c                __bss_start__ = _sbss
 *(.bss)
 .bss           0x000000002000006c       0x1c /opt/stm32cubeide/plugins/com.st.stm32cube.ide.mcu.externaltools.gnu-tools-for-stm32.11.3.rel1.linux64_1.1.1.202309131626/tools/bin/../lib/gcc/arm-none-eabi/11.3.1/thumb/v7e-m+fp/hard/crtbegin.o
 *(.bss*)
 .bss.hi2c_accel
                0x0000000020000088        0x4 ./Core/Inc/spatial-lib/lib/mpu6050/interface/driver_mpu6050_interface.o
                0x0000000020000088                hi2c_accel
 .bss.gs_handle
                0x000000002000008c      0x430 ./Core/Inc/spatial-lib/src/accel_mpu6050.o
 .bss.defaultTaskHandle
                0x00000000200004bc        0x4 ./Core/Src/main.o
                0x00000000200004bc                defaultTaskHandle
 .bss.hi2c1     0x00000000200004c0       0x54 ./Core/Src/main.o
                0x00000000200004c0                hi2c1
 .bss.huart2    0x0000000020000514       0x88 ./Core/Src/main.o
                0x0000000020000514                huart2
 .bss.htim1     0x000000002000059c       0x4c ./Core/Src/stm32l4xx_hal_timebase_tim.o
                0x000000002000059c                htim1
 .bss.__sbrk_heap_end
                0x00000000200005e8        0x4 ./Core/Src/sysmem.o
 .bss.uwTick    0x00000000200005ec        0x4 ./Drivers/STM32L4xx_HAL_Driver/Src/stm32l4xx_hal.o
                0x00000000200005ec                uwTick
 .bss.Idle_Stack.2
                0x00000000200005f0      0x200 ./Middlewares/Third_Party/FreeRTOS/Source/CMSIS_RTOS_V2/cmsis_os2.o
 .bss.Idle_TCB.3
                0x00000000200007f0       0xa8 ./Middlewares/Third_Party/FreeRTOS/Source/CMSIS_RTOS_V2/cmsis_os2.o
 .bss.KernelState
                0x0000000020000898        0x4 ./Middlewares/Third_Party/FreeRTOS/Source/CMSIS_RTOS_V2/cmsis_os2.o
 .bss.Timer_Stack.0
                0x000000002000089c      0x400 ./Middlewares/Third_Party/FreeRTOS/Source/CMSIS_RTOS_V2/cmsis_os2.o
 .bss.Timer_TCB.1
                0x0000000020000c9c       0xa8 ./Middlewares/Third_Party/FreeRTOS/Source/CMSIS_RTOS_V2/cmsis_os2.o
 .bss.xQueueRegistry
                0x0000000020000d44       0x40 ./Middlewares/Third_Party/FreeRTOS/Source/queue.o
                0x0000000020000d44                xQueueRegistry
 .bss.pxCurrentTCB
                0x0000000020000d84        0x4 ./Middlewares/Third_Party/FreeRTOS/Source/tasks.o
                0x0000000020000d84                pxCurrentTCB
 .bss.pxDelayedTaskList
                0x0000000020000d88        0x4 ./Middlewares/Third_Party/FreeRTOS/Source/tasks.o
 .bss.pxOverflowDelayedTaskList
                0x0000000020000d8c        0x4 ./Middlewares/Third_Party/FreeRTOS/Source/tasks.o
 .bss.pxReadyTasksLists
                0x0000000020000d90      0x460 ./Middlewares/Third_Party/FreeRTOS/Source/tasks.o
 .bss.uxCurrentNumberOfTasks
                0x00000000200011f0        0x4 ./Middlewares/Third_Party/FreeRTOS/Source/tasks.o
 .bss.uxDeletedTasksWaitingCleanUp
                0x00000000200011f4        0x4 ./Middlewares/Third_Party/FreeRTOS/Source/tasks.o
 .bss.uxSchedulerSuspended
                0x00000000200011f8        0x4 ./Middlewares/Third_Party/FreeRTOS/Source/tasks.o
 .bss.uxTaskNumber
                0x00000000200011fc        0x4 ./Middlewares/Third_Party/FreeRTOS/Source/tasks.o
 .bss.uxTopReadyPriority
                0x0000000020001200        0x4 ./Middlewares/Third_Party/FreeRTOS/Source/tasks.o
 .bss.xDelayedTaskList1
                0x0000000020001204       0x14 ./Middlewares/Third_Party/FreeRTOS/Source/tasks.o
 .bss.xDelayedTaskList2
                0x0000000020001218       0x14 ./Middlewares/Third_Party/FreeRTOS/Source/tasks.o
 .bss.xNextTaskUnblockTime
                0x000000002000122c        0x4 ./Middlewares/Third_Party/FreeRTOS/Source/tasks.o
 .bss.xNumOfOverflows
                0x0000000020001230        0x4 ./Middlewares/Third_Party/FreeRTOS/Source/tasks.o
 .bss.xPendedTicks
                0x0000000020001234        0x4 ./Middlewares/Third_Party/FreeRTOS/Source/tasks.o
 .bss.xPendingReadyList
                0x0000000020001238       0x14 ./Middlewares/Third_Party/FreeRTOS/Source/tasks.o
 .bss.xSchedulerRunning
                0x000000002000124c        0x4 ./Middlewares/Third_Party/FreeRTOS/Source/tasks.o
 .bss.xSuspendedTaskList
                0x0000000020001250       0x14 ./Middlewares/Third_Party/FreeRTOS/Source/tasks.o
 .bss.xTasksWaitingTermination
                0x0000000020001264       0x14 ./Middlewares/Third_Party/FreeRTOS/Source/tasks.o
 .bss.xTickCount
                0x0000000020001278        0x4 ./Middlewares/Third_Party/FreeRTOS/Source/tasks.o
 .bss.xYieldPending
                0x000000002000127c        0x4 ./Middlewares/Third_Party/FreeRTOS/Source/tasks.o
 .bss.pxCurrentTimerList
                0x0000000020001280        0x4 ./Middlewares/Third_Party/FreeRTOS/Source/timers.o
 .bss.pxOverflowTimerList
                0x0000000020001284        0x4 ./Middlewares/Third_Party/FreeRTOS/Source/timers.o
 .bss.ucStaticTimerQueueStorage.1
                0x0000000020001288       0xa0 ./Middlewares/Third_Party/FreeRTOS/Source/timers.o
 .bss.xActiveTimerList1
                0x0000000020001328       0x14 ./Middlewares/Third_Party/FreeRTOS/Source/timers.o
 .bss.xActiveTimerList2
                0x000000002000133c       0x14 ./Middlewares/Third_Party/FreeRTOS/Source/timers.o
 .bss.xLastTime.2
                0x0000000020001350        0x4 ./Middlewares/Third_Party/FreeRTOS/Source/timers.o
 .bss.xStaticTimerQueue.0
                0x0000000020001354       0x50 ./Middlewares/Third_Party/FreeRTOS/Source/timers.o
 .bss.xTimerQueue
                0x00000000200013a4        0x4 ./Middlewares/Third_Party/FreeRTOS/Source/timers.o
 .bss.xTimerTaskHandle
                0x00000000200013a8        0x4 ./Middlewares/Third_Party/FreeRTOS/Source/timers.o
 .bss.ucMaxSysCallPriority
                0x00000000200013ac        0x1 ./Middlewares/Third_Party/FreeRTOS/Source/portable/GCC/ARM_CM4F/port.o
 *fill*         0x00000000200013ad        0x3 
 .bss.ulMaxPRIGROUPValue
                0x00000000200013b0        0x4 ./Middlewares/Third_Party/FreeRTOS/Source/portable/GCC/ARM_CM4F/port.o
 .bss.pxEnd     0x00000000200013b4        0x4 ./Middlewares/Third_Party/FreeRTOS/Source/portable/MemMang/heap_4.o
 .bss.ucHeap    0x00000000200013b8      0xbb8 ./Middlewares/Third_Party/FreeRTOS/Source/portable/MemMang/heap_4.o
 .bss.xBlockAllocatedBit
                0x0000000020001f70        0x4 ./Middlewares/Third_Party/FreeRTOS/Source/portable/MemMang/heap_4.o
 .bss.xFreeBytesRemaining
                0x0000000020001f74        0x4 ./Middlewares/Third_Party/FreeRTOS/Source/portable/MemMang/heap_4.o
 .bss.xMinimumEverFreeBytesRemaining
                0x0000000020001f78        0x4 ./Middlewares/Third_Party/FreeRTOS/Source/portable/MemMang/heap_4.o
 .bss.xNumberOfSuccessfulAllocations
                0x0000000020001f7c        0x4 ./Middlewares/Third_Party/FreeRTOS/Source/portable/MemMang/heap_4.o
 .bss.xNumberOfSuccessfulFrees
                0x0000000020001f80        0x4 ./Middlewares/Third_Party/FreeRTOS/Source/portable/MemMang/heap_4.o
 .bss.xStart    0x0000000020001f84        0x8 ./Middlewares/Third_Party/FreeRTOS/Source/portable/MemMang/heap_4.o
 .bss.__malloc_free_list
                0x0000000020001f8c        0x4 /opt/stm32cubeide/plugins/com.st.stm32cube.ide.mcu.externaltools.gnu-tools-for-stm32.11.3.rel1.linux64_1.1.1.202309131626/tools/bin/../lib/gcc/arm-none-eabi/11.3.1/../../../../arm-none-eabi/lib/thumb/v7e-m+fp/hard/libc_nano.a(libc_a-mallocr.o)
                0x0000000020001f8c                __malloc_free_list
 .bss.__malloc_sbrk_start
                0x0000000020001f90        0x4 /opt/stm32cubeide/plugins/com.st.stm32cube.ide.mcu.externaltools.gnu-tools-for-stm32.11.3.rel1.linux64_1.1.1.202309131626/tools/bin/../lib/gcc/arm-none-eabi/11.3.1/../../../../arm-none-eabi/lib/thumb/v7e-m+fp/hard/libc_nano.a(libc_a-mallocr.o)
                0x0000000020001f90                __malloc_sbrk_start
 .bss.__sf      0x0000000020001f94      0x138 /opt/stm32cubeide/plugins/com.st.stm32cube.ide.mcu.externaltools.gnu-tools-for-stm32.11.3.rel1.linux64_1.1.1.202309131626/tools/bin/../lib/gcc/arm-none-eabi/11.3.1/../../../../arm-none-eabi/lib/thumb/v7e-m+fp/hard/libc_nano.a(libc_a-findfp.o)
                0x0000000020001f94                __sf
 .bss.__stdio_exit_handler
                0x00000000200020cc        0x4 /opt/stm32cubeide/plugins/com.st.stm32cube.ide.mcu.externaltools.gnu-tools-for-stm32.11.3.rel1.linux64_1.1.1.202309131626/tools/bin/../lib/gcc/arm-none-eabi/11.3.1/../../../../arm-none-eabi/lib/thumb/v7e-m+fp/hard/libc_nano.a(libc_a-findfp.o)
                0x00000000200020cc                __stdio_exit_handler
 .bss.errno     0x00000000200020d0        0x4 /opt/stm32cubeide/plugins/com.st.stm32cube.ide.mcu.externaltools.gnu-tools-for-stm32.11.3.rel1.linux64_1.1.1.202309131626/tools/bin/../lib/gcc/arm-none-eabi/11.3.1/../../../../arm-none-eabi/lib/thumb/v7e-m+fp/hard/libc_nano.a(libc_a-reent.o)
                0x00000000200020d0                errno
 .bss.__lock___malloc_recursive_mutex
                0x00000000200020d4        0x1 /opt/stm32cubeide/plugins/com.st.stm32cube.ide.mcu.externaltools.gnu-tools-for-stm32.11.3.rel1.linux64_1.1.1.202309131626/tools/bin/../lib/gcc/arm-none-eabi/11.3.1/../../../../arm-none-eabi/lib/thumb/v7e-m+fp/hard/libc_nano.a(libc_a-lock.o)
                0x00000000200020d4                __lock___malloc_recursive_mutex
 .bss.__lock___sfp_recursive_mutex
                0x00000000200020d5        0x1 /opt/stm32cubeide/plugins/com.st.stm32cube.ide.mcu.externaltools.gnu-tools-for-stm32.11.3.rel1.linux64_1.1.1.202309131626/tools/bin/../lib/gcc/arm-none-eabi/11.3.1/../../../../arm-none-eabi/lib/thumb/v7e-m+fp/hard/libc_nano.a(libc_a-lock.o)
                0x00000000200020d5                __lock___sfp_recursive_mutex
 *(COMMON)
                0x00000000200020d8                . = ALIGN (0x4)
 *fill*         0x00000000200020d6        0x2 
                0x00000000200020d8                _ebss = .
                0x00000000200020d8                __bss_end__ = _ebss

._user_heap_stack
                0x00000000200020d8      0x600 load address 0x000000000800752c
                0x00000000200020d8                . = ALIGN (0x8)
                [!provide]                        PROVIDE (end = .)
                0x00000000200020d8                PROVIDE (_end = .)
                0x00000000200022d8                . = (. + _Min_Heap_Size)
 *fill*         0x00000000200020d8      0x200 
                0x00000000200026d8                . = (. + _Min_Stack_Size)
 *fill*         0x00000000200022d8      0x400 
                0x00000000200026d8                . = ALIGN (0x8)

/DISCARD/
 libc.a(*)
 libm.a(*)
 libgcc.a(*)

.ARM.attributes
                0x0000000000000000       0x30
 *(.ARM.attributes)
 .ARM.attributes
                0x0000000000000000       0x1e /opt/stm32cubeide/plugins/com.st.stm32cube.ide.mcu.externaltools.gnu-tools-for-stm32.11.3.rel1.linux64_1.1.1.202309131626/tools/bin/../lib/gcc/arm-none-eabi/11.3.1/thumb/v7e-m+fp/hard/crti.o
 .ARM.attributes
                0x000000000000001e       0x34 /opt/stm32cubeide/plugins/com.st.stm32cube.ide.mcu.externaltools.gnu-tools-for-stm32.11.3.rel1.linux64_1.1.1.202309131626/tools/bin/../lib/gcc/arm-none-eabi/11.3.1/thumb/v7e-m+fp/hard/crtbegin.o
 .ARM.attributes
                0x0000000000000052       0x34 ./Core/Inc/spatial-lib/lib/mpu6050/interface/driver_mpu6050_interface.o
 .ARM.attributes
                0x0000000000000086       0x34 ./Core/Inc/spatial-lib/lib/mpu6050/src/driver_mpu6050.o
 .ARM.attributes
                0x00000000000000ba       0x34 ./Core/Inc/spatial-lib/src/accel_mpu6050.o
 .ARM.attributes
                0x00000000000000ee       0x34 ./Core/Inc/spatial-lib/src/interface.o
 .ARM.attributes
                0x0000000000000122       0x34 ./Core/Src/main.o
 .ARM.attributes
                0x0000000000000156       0x34 ./Core/Src/stm32l4xx_hal_msp.o
 .ARM.attributes
                0x000000000000018a       0x34 ./Core/Src/stm32l4xx_hal_timebase_tim.o
 .ARM.attributes
                0x00000000000001be       0x34 ./Core/Src/stm32l4xx_it.o
 .ARM.attributes
                0x00000000000001f2       0x34 ./Core/Src/syscalls.o
 .ARM.attributes
                0x0000000000000226       0x34 ./Core/Src/sysmem.o
 .ARM.attributes
                0x000000000000025a       0x34 ./Core/Src/system_stm32l4xx.o
 .ARM.attributes
                0x000000000000028e       0x21 ./Core/Startup/startup_stm32l476rgtx.o
 .ARM.attributes
                0x00000000000002af       0x34 ./Drivers/STM32L4xx_HAL_Driver/Src/stm32l4xx_hal.o
 .ARM.attributes
                0x00000000000002e3       0x34 ./Drivers/STM32L4xx_HAL_Driver/Src/stm32l4xx_hal_cortex.o
 .ARM.attributes
                0x0000000000000317       0x34 ./Drivers/STM32L4xx_HAL_Driver/Src/stm32l4xx_hal_gpio.o
 .ARM.attributes
                0x000000000000034b       0x34 ./Drivers/STM32L4xx_HAL_Driver/Src/stm32l4xx_hal_i2c.o
 .ARM.attributes
                0x000000000000037f       0x34 ./Drivers/STM32L4xx_HAL_Driver/Src/stm32l4xx_hal_i2c_ex.o
 .ARM.attributes
                0x00000000000003b3       0x34 ./Drivers/STM32L4xx_HAL_Driver/Src/stm32l4xx_hal_pwr_ex.o
 .ARM.attributes
                0x00000000000003e7       0x34 ./Drivers/STM32L4xx_HAL_Driver/Src/stm32l4xx_hal_rcc.o
 .ARM.attributes
                0x000000000000041b       0x34 ./Drivers/STM32L4xx_HAL_Driver/Src/stm32l4xx_hal_rcc_ex.o
 .ARM.attributes
                0x000000000000044f       0x34 ./Drivers/STM32L4xx_HAL_Driver/Src/stm32l4xx_hal_tim.o
 .ARM.attributes
                0x0000000000000483       0x34 ./Drivers/STM32L4xx_HAL_Driver/Src/stm32l4xx_hal_tim_ex.o
 .ARM.attributes
                0x00000000000004b7       0x34 ./Drivers/STM32L4xx_HAL_Driver/Src/stm32l4xx_hal_uart.o
 .ARM.attributes
                0x00000000000004eb       0x34 ./Middlewares/Third_Party/FreeRTOS/Source/CMSIS_RTOS_V2/cmsis_os2.o
 .ARM.attributes
                0x000000000000051f       0x34 ./Middlewares/Third_Party/FreeRTOS/Source/list.o
 .ARM.attributes
                0x0000000000000553       0x34 ./Middlewares/Third_Party/FreeRTOS/Source/queue.o
 .ARM.attributes
                0x0000000000000587       0x34 ./Middlewares/Third_Party/FreeRTOS/Source/tasks.o
 .ARM.attributes
                0x00000000000005bb       0x34 ./Middlewares/Third_Party/FreeRTOS/Source/timers.o
 .ARM.attributes
                0x00000000000005ef       0x34 ./Middlewares/Third_Party/FreeRTOS/Source/portable/GCC/ARM_CM4F/port.o
 .ARM.attributes
                0x0000000000000623       0x34 ./Middlewares/Third_Party/FreeRTOS/Source/portable/MemMang/heap_4.o
 .ARM.attributes
                0x0000000000000657       0x34 /opt/stm32cubeide/plugins/com.st.stm32cube.ide.mcu.externaltools.gnu-tools-for-stm32.11.3.rel1.linux64_1.1.1.202309131626/tools/bin/../lib/gcc/arm-none-eabi/11.3.1/../../../../arm-none-eabi/lib/thumb/v7e-m+fp/hard/libc_nano.a(libc_a-mallocr.o)
 .ARM.attributes
                0x000000000000068b       0x34 /opt/stm32cubeide/plugins/com.st.stm32cube.ide.mcu.externaltools.gnu-tools-for-stm32.11.3.rel1.linux64_1.1.1.202309131626/tools/bin/../lib/gcc/arm-none-eabi/11.3.1/../../../../arm-none-eabi/lib/thumb/v7e-m+fp/hard/libc_nano.a(libc_a-mlock.o)
 .ARM.attributes
                0x00000000000006bf       0x34 /opt/stm32cubeide/plugins/com.st.stm32cube.ide.mcu.externaltools.gnu-tools-for-stm32.11.3.rel1.linux64_1.1.1.202309131626/tools/bin/../lib/gcc/arm-none-eabi/11.3.1/../../../../arm-none-eabi/lib/thumb/v7e-m+fp/hard/libc_nano.a(libc_a-findfp.o)
 .ARM.attributes
                0x00000000000006f3       0x34 /opt/stm32cubeide/plugins/com.st.stm32cube.ide.mcu.externaltools.gnu-tools-for-stm32.11.3.rel1.linux64_1.1.1.202309131626/tools/bin/../lib/gcc/arm-none-eabi/11.3.1/../../../../arm-none-eabi/lib/thumb/v7e-m+fp/hard/libc_nano.a(libc_a-fwalk.o)
 .ARM.attributes
                0x0000000000000727       0x34 /opt/stm32cubeide/plugins/com.st.stm32cube.ide.mcu.externaltools.gnu-tools-for-stm32.11.3.rel1.linux64_1.1.1.202309131626/tools/bin/../lib/gcc/arm-none-eabi/11.3.1/../../../../arm-none-eabi/lib/thumb/v7e-m+fp/hard/libc_nano.a(libc_a-printf.o)
 .ARM.attributes
                0x000000000000075b       0x34 /opt/stm32cubeide/plugins/com.st.stm32cube.ide.mcu.externaltools.gnu-tools-for-stm32.11.3.rel1.linux64_1.1.1.202309131626/tools/bin/../lib/gcc/arm-none-eabi/11.3.1/../../../../arm-none-eabi/lib/thumb/v7e-m+fp/hard/libc_nano.a(libc_a-puts.o)
 .ARM.attributes
                0x000000000000078f       0x34 /opt/stm32cubeide/plugins/com.st.stm32cube.ide.mcu.externaltools.gnu-tools-for-stm32.11.3.rel1.linux64_1.1.1.202309131626/tools/bin/../lib/gcc/arm-none-eabi/11.3.1/../../../../arm-none-eabi/lib/thumb/v7e-m+fp/hard/libc_nano.a(libc_a-stdio.o)
 .ARM.attributes
                0x00000000000007c3       0x34 /opt/stm32cubeide/plugins/com.st.stm32cube.ide.mcu.externaltools.gnu-tools-for-stm32.11.3.rel1.linux64_1.1.1.202309131626/tools/bin/../lib/gcc/arm-none-eabi/11.3.1/../../../../arm-none-eabi/lib/thumb/v7e-m+fp/hard/libc_nano.a(libc_a-wbuf.o)
 .ARM.attributes